Archive member included to satisfy reference by file (symbol)

C:\Users\mad23\Documents\MCUXpressoIDE_25.6.136\workspace\lpc_board_nxp_lpcxpresso_1769\Debug\liblpc_board_nxp_lpcxpresso_1769.a(board.o)
                              ./example/src/uart_rb.o (Board_Relay_Set)
C:\Users\mad23\Documents\MCUXpressoIDE_25.6.136\workspace\lpc_board_nxp_lpcxpresso_1769\Debug\liblpc_board_nxp_lpcxpresso_1769.a(board_sysinit.o)
                              ./example/src/sysinit.o (Board_SystemInit)
C:\Users\mad23\Documents\MCUXpressoIDE_25.6.136\workspace\lpc_chip_175x_6x\Debug\liblpc_chip_175x_6x.a(chip_17xx_40xx.o)
                              ./example/src/uart_rb.o (SystemCoreClockUpdate)
C:\Users\mad23\Documents\MCUXpressoIDE_25.6.136\workspace\lpc_chip_175x_6x\Debug\liblpc_chip_175x_6x.a(clock_17xx_40xx.o)
                              C:\Users\mad23\Documents\MCUXpressoIDE_25.6.136\workspace\lpc_chip_175x_6x\Debug\liblpc_chip_175x_6x.a(chip_17xx_40xx.o) (Chip_Clock_EnablePLL)
C:\Users\mad23\Documents\MCUXpressoIDE_25.6.136\workspace\lpc_chip_175x_6x\Debug\liblpc_chip_175x_6x.a(iocon_17xx_40xx.o)
                              ./example/src/uart_rb.o (Chip_IOCON_PinMuxSet)
C:\Users\mad23\Documents\MCUXpressoIDE_25.6.136\workspace\lpc_chip_175x_6x\Debug\liblpc_chip_175x_6x.a(ritimer_17xx_40xx.o)
                              ./example/src/uart_rb.o (Chip_RIT_Init)
C:\Users\mad23\Documents\MCUXpressoIDE_25.6.136\workspace\lpc_chip_175x_6x\Debug\liblpc_chip_175x_6x.a(sysinit_17xx_40xx.o)
                              C:\Users\mad23\Documents\MCUXpressoIDE_25.6.136\workspace\lpc_board_nxp_lpcxpresso_1769\Debug\liblpc_board_nxp_lpcxpresso_1769.a(board_sysinit.o) (Chip_SetupXtalClocking)
C:\Users\mad23\Documents\MCUXpressoIDE_25.6.136\workspace\lpc_chip_175x_6x\Debug\liblpc_chip_175x_6x.a(uart_17xx_40xx.o)
                              ./example/src/uart_rb.o (Chip_UART_Init)
C:\Users\mad23\Documents\MCUXpressoIDE_25.6.136\workspace\lpc_chip_175x_6x\Debug\liblpc_chip_175x_6x.a(ring_buffer.o)
                              C:\Users\mad23\Documents\MCUXpressoIDE_25.6.136\workspace\lpc_chip_175x_6x\Debug\liblpc_chip_175x_6x.a(uart_17xx_40xx.o) (RingBuffer_Insert)
C:/nxp/MCUXpressoIDE_25.6.136/ide/plugins/com.nxp.mcuxpresso.tools.win32_25.6.0.202501151204/tools/bin/../lib/gcc/arm-none-eabi/14.2.1/../../../../arm-none-eabi/lib/thumb/v7-m/nofp\libcr_nohost.a(_cr__main.o)
                              ./example/src/cr_startup_lpc175x_6x.o (__main)
C:/nxp/MCUXpressoIDE_25.6.136/ide/plugins/com.nxp.mcuxpresso.tools.win32_25.6.0.202501151204/tools/bin/../lib/gcc/arm-none-eabi/14.2.1/../../../../arm-none-eabi/lib/thumb/v7-m/nofp\libcr_c.a(memcpy.o)
                              ./example/src/uart_rb.o (memcpy)
C:/nxp/MCUXpressoIDE_25.6.136/ide/plugins/com.nxp.mcuxpresso.tools.win32_25.6.0.202501151204/tools/bin/../lib/gcc/arm-none-eabi/14.2.1/../../../../arm-none-eabi/lib/thumb/v7-m/nofp\libcr_c.a(memset.o)
                              ./example/src/uart_rb.o (memset)
C:/nxp/MCUXpressoIDE_25.6.136/ide/plugins/com.nxp.mcuxpresso.tools.win32_25.6.0.202501151204/tools/bin/../lib/gcc/arm-none-eabi/14.2.1/../../../../arm-none-eabi/lib/thumb/v7-m/nofp\libcr_c.a(initio.o)
                              C:/nxp/MCUXpressoIDE_25.6.136/ide/plugins/com.nxp.mcuxpresso.tools.win32_25.6.0.202501151204/tools/bin/../lib/gcc/arm-none-eabi/14.2.1/../../../../arm-none-eabi/lib/thumb/v7-m/nofp\libcr_nohost.a(_cr__main.o) (_initio)
C:/nxp/MCUXpressoIDE_25.6.136/ide/plugins/com.nxp.mcuxpresso.tools.win32_25.6.0.202501151204/tools/bin/../lib/gcc/arm-none-eabi/14.2.1/../../../../arm-none-eabi/lib/thumb/v7-m/nofp\libcr_c.a(setvbuf.o)
                              C:/nxp/MCUXpressoIDE_25.6.136/ide/plugins/com.nxp.mcuxpresso.tools.win32_25.6.0.202501151204/tools/bin/../lib/gcc/arm-none-eabi/14.2.1/../../../../arm-none-eabi/lib/thumb/v7-m/nofp\libcr_c.a(initio.o) (setvbuf)
C:/nxp/MCUXpressoIDE_25.6.136/ide/plugins/com.nxp.mcuxpresso.tools.win32_25.6.0.202501151204/tools/bin/../lib/gcc/arm-none-eabi/14.2.1/../../../../arm-none-eabi/lib/thumb/v7-m/nofp\libcr_c.a(_fdopen.o)
                              C:/nxp/MCUXpressoIDE_25.6.136/ide/plugins/com.nxp.mcuxpresso.tools.win32_25.6.0.202501151204/tools/bin/../lib/gcc/arm-none-eabi/14.2.1/../../../../arm-none-eabi/lib/thumb/v7-m/nofp\libcr_c.a(initio.o) (_fdopen)
C:/nxp/MCUXpressoIDE_25.6.136/ide/plugins/com.nxp.mcuxpresso.tools.win32_25.6.0.202501151204/tools/bin/../lib/gcc/arm-none-eabi/14.2.1/../../../../arm-none-eabi/lib/thumb/v7-m/nofp\libcr_c.a(fclose.o)
                              C:/nxp/MCUXpressoIDE_25.6.136/ide/plugins/com.nxp.mcuxpresso.tools.win32_25.6.0.202501151204/tools/bin/../lib/gcc/arm-none-eabi/14.2.1/../../../../arm-none-eabi/lib/thumb/v7-m/nofp\libcr_c.a(initio.o) (fclose)
C:/nxp/MCUXpressoIDE_25.6.136/ide/plugins/com.nxp.mcuxpresso.tools.win32_25.6.0.202501151204/tools/bin/../lib/gcc/arm-none-eabi/14.2.1/../../../../arm-none-eabi/lib/thumb/v7-m/nofp\libcr_c.a(fflush.o)
[...]
Memory Configuration

Name             Origin             Length             Attributes
MFlash512        0x00000000         0x00080000         xr
RamLoc32         0x10000000         0x00008000         xrw
RamAHB32         0x2007c000         0x00008000         xrw
*default*        0x00000000         0xffffffff

Linker script and memory map

LOAD ./example/src/cr_startup_lpc175x_6x.o
LOAD ./example/src/sysinit.o
LOAD ./example/src/uart_rb.o
LOAD ./example/src/ws2812b.o
LOAD C:\Users\mad23\Documents\MCUXpressoIDE_25.6.136\workspace\lpc_board_nxp_lpcxpresso_1769\Debug\liblpc_board_nxp_lpcxpresso_1769.a
LOAD C:\Users\mad23\Documents\MCUXpressoIDE_25.6.136\workspace\lpc_chip_175x_6x\Debug\liblpc_chip_175x_6x.a
START GROUP
LOAD C:/nxp/MCUXpressoIDE_25.6.136/ide/plugins/com.nxp.mcuxpresso.tools.win32_25.6.0.202501151204/tools/bin/../lib/gcc/arm-none-eabi/14.2.1/../../../../arm-none-eabi/lib/thumb/v7-m/nofp\libcr_nohost.a
LOAD C:/nxp/MCUXpressoIDE_25.6.136/ide/plugins/com.nxp.mcuxpresso.tools.win32_25.6.0.202501151204/tools/bin/../lib/gcc/arm-none-eabi/14.2.1/../../../../arm-none-eabi/lib/thumb/v7-m/nofp\libcr_c.a
LOAD C:/nxp/MCUXpressoIDE_25.6.136/ide/plugins/com.nxp.mcuxpresso.tools.win32_25.6.0.202501151204/tools/bin/../lib/gcc/arm-none-eabi/14.2.1/thumb/v7-m/nofp\libcr_eabihelpers.a
LOAD C:/nxp/MCUXpressoIDE_25.6.136/ide/plugins/com.nxp.mcuxpresso.tools.win32_25.6.0.202501151204/tools/bin/../lib/gcc/arm-none-eabi/14.2.1/thumb/v7-m/nofp\libgcc.a
END GROUP
                0x00000000                        __base_MFlash512 = 0x0
                0x00000000                        __base_Flash = 0x0
                0x00080000                        __top_MFlash512 = 0x80000
                0x00080000                        __top_Flash = 0x80000
                0x10000000                        __base_RamLoc32 = 0x10000000
                0x10000000                        __base_RAM = 0x10000000
                0x10008000                        __top_RamLoc32 = 0x10008000
                0x10008000                        __top_RAM = 0x10008000
                0x2007c000                        __base_RamAHB32 = 0x2007c000
                0x2007c000                        __base_RAM2 = 0x2007c000
                0x20084000                        __top_RamAHB32 = 0x20084000
                0x20084000                        __top_RAM2 = 0x20084000

.text           0x00000000     0x2ef8
 FILL mask 0xff
                0x00000000                        __vectors_start__ = ABSOLUTE (.)
 *(.isr_vector)
 .isr_vector    0x00000000       0xcc ./example/src/cr_startup_lpc175x_6x.o
                0x00000000                g_pfnVectors
                0x000000cc                        . = ALIGN (0x4)
                0x000000cc                        __section_table_start = .
                0x000000cc                        __data_section_table = .
                0x000000cc        0x4 LONG 0x2ef8 LOADADDR (.data)
                0x000000d0        0x4 LONG 0x10000000 ADDR (.data)
                0x000000d4        0x4 LONG 0x10 SIZEOF (.data)
                0x000000d8        0x4 LONG 0x2ef8 LOADADDR (.data_RAM2)
                0x000000dc        0x4 LONG 0x2007c000 ADDR (.data_RAM2)
                0x000000e0        0x4 LONG 0x0 SIZEOF (.data_RAM2)
                0x000000e4                        __data_section_table_end = .
                0x000000e4                        __bss_section_table = .
                0x000000e4        0x4 LONG 0x10000010 ADDR (.bss)
                0x000000e8        0x4 LONG 0x9f8 SIZEOF (.bss)
                0x000000ec        0x4 LONG 0x2007c000 ADDR (.bss_RAM2)
                0x000000f0        0x4 LONG 0x0 SIZEOF (.bss_RAM2)
                0x000000f4                        __bss_section_table_end = .
                0x000000f4                        __section_table_end = .
 *(.after_vectors*)
 .after_vectors
                0x000000f4      0x148 ./example/src/cr_startup_lpc175x_6x.o
                0x000000f4                data_init
                0x00000138                bss_init
                0x00000170                ResetISR
                0x000001ec                NMI_Handler
                0x000001f4                HardFault_Handler
                0x000001fc                MemManage_Handler
                0x00000204                BusFault_Handler
                0x0000020c                UsageFault_Handler
                0x00000214                SVC_Handler
                0x0000021c                DebugMon_Handler
                0x00000224                PendSV_Handler
                0x0000022c                SysTick_Handler
                0x00000234                TIMER3_IRQHandler
                0x00000234                USBActivity_IRQHandler
                0x00000234                EINT2_IRQHandler
                0x00000234                IntDefaultHandler
                0x00000234                PLL0_IRQHandler
                0x00000234                CAN_IRQHandler
                0x00000234                PLL1_IRQHandler
                0x00000234                SSP0_IRQHandler
                0x00000234                CANActivity_IRQHandler
                0x00000234                I2C1_IRQHandler
                0x00000234                RTC_IRQHandler
                0x00000234                TIMER0_IRQHandler
                0x00000234                SPI_IRQHandler
                0x00000234                I2C0_IRQHandler
                0x00000234                EINT1_IRQHandler
                0x00000234                TIMER1_IRQHandler
                0x00000234                UART2_IRQHandler
                0x00000234                ADC_IRQHandler
                0x00000234                SSP1_IRQHandler
                0x00000234                USB_IRQHandler
                0x00000234                BOD_IRQHandler
                0x00000234                PWM1_IRQHandler
                0x00000234                WDT_IRQHandler
                0x00000234                I2C2_IRQHandler
                0x00000234                QEI_IRQHandler
                0x00000234                EINT0_IRQHandler
                0x00000234                ETH_IRQHandler
                0x00000234                I2S_IRQHandler
                0x00000234                DMA_IRQHandler
                0x00000234                TIMER2_IRQHandler
                0x00000234                UART3_IRQHandler
                0x00000234                MCPWM_IRQHandler
 *(.text*)
 .text.SystemInit
                0x0000023c       0x24 ./example/src/sysinit.o
                0x0000023c                SystemInit
 .text.NVIC_EnableIRQ
                0x00000260       0x30 ./example/src/uart_rb.o
 .text.NVIC_ClearPendingIRQ
                0x00000290       0x34 ./example/src/uart_rb.o
 .text.NVIC_SetPriority
                0x000002c4       0x54 ./example/src/uart_rb.o
 .text.Chip_IOCON_Init
                0x00000318       0x16 ./example/src/uart_rb.o
 .text.Chip_GPIO_Init
                0x0000032e       0x16 ./example/src/uart_rb.o
 .text.Chip_GPIO_SetPinDIROutput
                0x00000344       0x36 ./example/src/uart_rb.o
 .text.Chip_GPIO_SetPinDIRInput
                0x0000037a       0x3a ./example/src/uart_rb.o
 .text.Chip_GPIOINT_SetIntFalling
                0x000003b4       0x2c ./example/src/uart_rb.o
 .text.Chip_GPIOINT_GetStatusFalling
                0x000003e0       0x26 ./example/src/uart_rb.o
 .text.Chip_GPIOINT_GetStatusRising
                0x00000406       0x26 ./example/src/uart_rb.o
 .text.Chip_GPIOINT_ClearIntStatus
                0x0000042c       0x2c ./example/src/uart_rb.o
 .text.Chip_RIT_ClearInt
                0x00000458       0x1e ./example/src/uart_rb.o
 .text.Chip_UART_ReadByte
                0x00000476       0x18 ./example/src/uart_rb.o
 .text.Chip_UART_IntEnable
                0x0000048e       0x20 ./example/src/uart_rb.o
 .text.Chip_UART_SetupFIFOS
                0x000004ae       0x1a ./example/src/uart_rb.o
 .text.Chip_UART_ConfigData
                0x000004c8       0x1a ./example/src/uart_rb.o
 .text.Chip_UART_ReadLineStatus
                0x000004e2       0x16 ./example/src/uart_rb.o
 .text.u1q_push_isr
                0x000004f8       0x94 ./example/src/uart_rb.o
 .text.u1q_pop_main
                0x0000058c       0x74 ./example/src/uart_rb.o
 .text.u2q_push_isr
                0x00000600       0x94 ./example/src/uart_rb.o
 .text.u2q_pop_main
                0x00000694       0x74 ./example/src/uart_rb.o
 .text.slave_enqueue_led_on
                0x00000708       0x48 ./example/src/uart_rb.o
 .text.slave_enqueue_led_off_broadcast
                0x00000750       0x28 ./example/src/uart_rb.o
 .text.slave_enqueue_poll
                0x00000778       0x42 ./example/src/uart_rb.o
 .text.bin_enqueue_led_on_uart2
                0x000007ba       0x48 ./example/src/uart_rb.o
 *fill*         0x00000802        0x2 ff
 .text.bin_enqueue_led_off_broadcast_uart2
                0x00000804       0x28 ./example/src/uart_rb.o
 .text.build_status_frame
                0x0000082c      0x15c ./example/src/uart_rb.o
 .text.send_status
                0x00000988       0x30 ./example/src/uart_rb.o
 .text.ws_clear_all
                0x000009b8       0x24 ./example/src/uart_rb.o
 .text.ws_set_red_1indexed
                0x000009dc       0x6c ./example/src/uart_rb.o
 .text.ws_flush_if_dirty
                0x00000a48       0x38 ./example/src/uart_rb.o
 .text.u2_job_start
                0x00000a80      0x124 ./example/src/uart_rb.o
 .text.u2_jobs_stop_by_led
                0x00000ba4       0x74 ./example/src/uart_rb.o
 .text.u2_jobs_stop_all
                0x00000c18       0x3c ./example/src/uart_rb.o
 .text.try_handle_ws_accessory
                0x00000c54       0x7e ./example/src/uart_rb.o
 *fill*         0x00000cd2        0x2 ff
 .text.handle_upload_map
                0x00000cd4       0xa4 ./example/src/uart_rb.o
 .text.handle_led_ctrl
                0x00000d78      0x174 ./example/src/uart_rb.o
 .text.handle_led_reset
                0x00000eec       0x64 ./example/src/uart_rb.o
 .text.handle_relay_set
                0x00000f50       0x38 ./example/src/uart_rb.o
 .text.handle_btnflag_reset
                0x00000f88       0x20 ./example/src/uart_rb.o
 .text.dispatch_app_frame
                0x00000fa8       0xec ./example/src/uart_rb.o
 .text.UART0_IRQHandler
                0x00001094      0x114 ./example/src/uart_rb.o
                0x00001094                UART0_IRQHandler
 .text.UART1_IRQHandler
                0x000011a8      0x1e8 ./example/src/uart_rb.o
                0x000011a8                UART1_IRQHandler
 .text.commit_and_clear_poll_round
                0x00001390       0x40 ./example/src/uart_rb.o
 .text.RIT_IRQHandler
                0x000013d0      0x32c ./example/src/uart_rb.o
                0x000013d0                RIT_IRQHandler
 .text.EINT3_IRQHandler
                0x000016fc       0x48 ./example/src/uart_rb.o
                0x000016fc                EINT3_IRQHandler
 .text.main     0x00001744      0x1c8 ./example/src/uart_rb.o
                0x00001744                main
 .text.send_zero
                0x0000190c       0xc4 ./example/src/ws2812b.o
 .text.send_one
                0x000019d0       0xd8 ./example/src/ws2812b.o
 .text.WS2812B_write
                0x00001aa8       0xe4 ./example/src/ws2812b.o
                0x00001aa8                WS2812B_write
 .text.Chip_IOCON_Init
                0x00001b8c       0x16 C:\Users\mad23\Documents\MCUXpressoIDE_25.6.136\workspace\lpc_board_nxp_lpcxpresso_1769\Debug\liblpc_board_nxp_lpcxpresso_1769.a(board.o)
 .text.Chip_GPIO_Init
                0x00001ba2       0x16 C:\Users\mad23\Documents\MCUXpressoIDE_25.6.136\workspace\lpc_board_nxp_lpcxpresso_1769\Debug\liblpc_board_nxp_lpcxpresso_1769.a(board.o)
 .text.Chip_GPIO_SetPinState
                0x00001bb8       0x64 C:\Users\mad23\Documents\MCUXpressoIDE_25.6.136\workspace\lpc_board_nxp_lpcxpresso_1769\Debug\liblpc_board_nxp_lpcxpresso_1769.a(board.o)
 .text.Chip_GPIO_WritePortBit
                0x00001c1c       0x2c C:\Users\mad23\Documents\MCUXpressoIDE_25.6.136\workspace\lpc_board_nxp_lpcxpresso_1769\Debug\liblpc_board_nxp_lpcxpresso_1769.a(board.o)
 .text.Chip_GPIO_SetPinDIROutput
                0x00001c48       0x36 C:\Users\mad23\Documents\MCUXpressoIDE_25.6.136\workspace\lpc_board_nxp_lpcxpresso_1769\Debug\liblpc_board_nxp_lpcxpresso_1769.a(board.o)
 .text.Chip_GPIO_SetPinDIRInput
                0x00001c7e       0x3a C:\Users\mad23\Documents\MCUXpressoIDE_25.6.136\workspace\lpc_board_nxp_lpcxpresso_1769\Debug\liblpc_board_nxp_lpcxpresso_1769.a(board.o)
 .text.Chip_GPIO_SetPinDIR
                0x00001cb8       0x42 C:\Users\mad23\Documents\MCUXpressoIDE_25.6.136\workspace\lpc_board_nxp_lpcxpresso_1769\Debug\liblpc_board_nxp_lpcxpresso_1769.a(board.o)
 .text.Chip_GPIO_WriteDirBit
                0x00001cfa       0x2e C:\Users\mad23\Documents\MCUXpressoIDE_25.6.136\workspace\lpc_board_nxp_lpcxpresso_1769\Debug\liblpc_board_nxp_lpcxpresso_1769.a(board.o)
 .text.Board_Relays_Init
                0x00001d28       0x58 C:\Users\mad23\Documents\MCUXpressoIDE_25.6.136\workspace\lpc_board_nxp_lpcxpresso_1769\Debug\liblpc_board_nxp_lpcxpresso_1769.a(board.o)
                0x00001d28                Board_Relays_Init
 .text.Board_Relay_Set
                0x00001d80       0x4c C:\Users\mad23\Documents\MCUXpressoIDE_25.6.136\workspace\lpc_board_nxp_lpcxpresso_1769\Debug\liblpc_board_nxp_lpcxpresso_1769.a(board.o)
                0x00001d80                Board_Relay_Set
 .text.Board_Init
                0x00001dcc       0x20 C:\Users\mad23\Documents\MCUXpressoIDE_25.6.136\workspace\lpc_board_nxp_lpcxpresso_1769\Debug\liblpc_board_nxp_lpcxpresso_1769.a(board.o)
                0x00001dcc                Board_Init
 .text.Chip_SYSCTL_SetFLASHAccess
                0x00001dec       0x30 C:\Users\mad23\Documents\MCUXpressoIDE_25.6.136\workspace\lpc_board_nxp_lpcxpresso_1769\Debug\liblpc_board_nxp_lpcxpresso_1769.a(board_sysinit.o)
 .text.Board_SetupMuxing
                0x00001e1c       0x1c C:\Users\mad23\Documents\MCUXpressoIDE_25.6.136\workspace\lpc_board_nxp_lpcxpresso_1769\Debug\liblpc_board_nxp_lpcxpresso_1769.a(board_sysinit.o)
                0x00001e1c                Board_SetupMuxing
 .text.Board_SetupClocking
                0x00001e38       0x3a C:\Users\mad23\Documents\MCUXpressoIDE_25.6.136\workspace\lpc_board_nxp_lpcxpresso_1769\Debug\liblpc_board_nxp_lpcxpresso_1769.a(board_sysinit.o)
                0x00001e38                Board_SetupClocking
 .text.Board_SystemInit
                0x00001e72       0x10 C:\Users\mad23\Documents\MCUXpressoIDE_25.6.136\workspace\lpc_board_nxp_lpcxpresso_1769\Debug\liblpc_board_nxp_lpcxpresso_1769.a(board_sysinit.o)
                0x00001e72                Board_SystemInit
 *fill*         0x00001e82        0x2 ff
 .text.SystemCoreClockUpdate
                0x00001e84       0x18 C:\Users\mad23\Documents\MCUXpressoIDE_25.6.136\workspace\lpc_chip_175x_6x\Debug\liblpc_chip_175x_6x.a(chip_17xx_40xx.o)
                0x00001e84                SystemCoreClockUpdate
 .text.Chip_Clock_IsMainPLLEnabled
                0x00001e9c       0x24 C:\Users\mad23\Documents\MCUXpressoIDE_25.6.136\workspace\lpc_chip_175x_6x\Debug\liblpc_chip_175x_6x.a(clock_17xx_40xx.o)
 .text.Chip_Clock_IsMainPLLConnected
                0x00001ec0       0x24 C:\Users\mad23\Documents\MCUXpressoIDE_25.6.136\workspace\lpc_chip_175x_6x\Debug\liblpc_chip_175x_6x.a(clock_17xx_40xx.o)
 .text.Chip_Clock_FeedPLL
                0x00001ee4       0x34 C:\Users\mad23\Documents\MCUXpressoIDE_25.6.136\workspace\lpc_chip_175x_6x\Debug\liblpc_chip_175x_6x.a(clock_17xx_40xx.o)
 .text.Chip_Clock_GetMainPLLSource
                0x00001f18       0x20 C:\Users\mad23\Documents\MCUXpressoIDE_25.6.136\workspace\lpc_chip_175x_6x\Debug\liblpc_chip_175x_6x.a(clock_17xx_40xx.o)
 .text.Chip_Clock_GetMainOscRate
                0x00001f38       0x14 C:\Users\mad23\Documents\MCUXpressoIDE_25.6.136\workspace\lpc_chip_175x_6x\Debug\liblpc_chip_175x_6x.a(clock_17xx_40xx.o)
 .text.Chip_Clock_GetIntOscRate
                0x00001f4c       0x14 C:\Users\mad23\Documents\MCUXpressoIDE_25.6.136\workspace\lpc_chip_175x_6x\Debug\liblpc_chip_175x_6x.a(clock_17xx_40xx.o)
 .text.Chip_Clock_GetRTCOscRate
                0x00001f60       0x14 C:\Users\mad23\Documents\MCUXpressoIDE_25.6.136\workspace\lpc_chip_175x_6x\Debug\liblpc_chip_175x_6x.a(clock_17xx_40xx.o)
 .text.Chip_Clock_GetMainPLLInClockRate
                0x00001f74        0xe C:\Users\mad23\Documents\MCUXpressoIDE_25.6.136\workspace\lpc_chip_175x_6x\Debug\liblpc_chip_175x_6x.a(clock_17xx_40xx.o)
 *fill*         0x00001f82        0x2 ff
 .text.Chip_Clock_EnablePLL
                0x00001f84       0x44 C:\Users\mad23\Documents\MCUXpressoIDE_25.6.136\workspace\lpc_chip_175x_6x\Debug\liblpc_chip_175x_6x.a(clock_17xx_40xx.o)
                0x00001f84                Chip_Clock_EnablePLL
 .text.Chip_Clock_DisablePLL
                0x00001fc8       0x48 C:\Users\mad23\Documents\MCUXpressoIDE_25.6.136\workspace\lpc_chip_175x_6x\Debug\liblpc_chip_175x_6x.a(clock_17xx_40xx.o)
                0x00001fc8                Chip_Clock_DisablePLL
 .text.Chip_Clock_SetupPLL
                0x00002010       0x5c C:\Users\mad23\Documents\MCUXpressoIDE_25.6.136\workspace\lpc_chip_175x_6x\Debug\liblpc_chip_175x_6x.a(clock_17xx_40xx.o)
                0x00002010                Chip_Clock_SetupPLL
 .text.Chip_Clock_EnablePeriphClock
                0x0000206c       0x34 C:\Users\mad23\Documents\MCUXpressoIDE_25.6.136\workspace\lpc_chip_175x_6x\Debug\liblpc_chip_175x_6x.a(clock_17xx_40xx.o)
                0x0000206c                Chip_Clock_EnablePeriphClock
 .text.Chip_Clock_GetCPUClockSource
                0x000020a0       0x24 C:\Users\mad23\Documents\MCUXpressoIDE_25.6.136\workspace\lpc_chip_175x_6x\Debug\liblpc_chip_175x_6x.a(clock_17xx_40xx.o)
                0x000020a0                Chip_Clock_GetCPUClockSource
 .text.Chip_Clock_SetCPUClockDiv
                0x000020c4       0x20 C:\Users\mad23\Documents\MCUXpressoIDE_25.6.136\workspace\lpc_chip_175x_6x\Debug\liblpc_chip_175x_6x.a(clock_17xx_40xx.o)
                0x000020c4                Chip_Clock_SetCPUClockDiv
 .text.Chip_Clock_GetCPUClockDiv
                0x000020e4       0x1c C:\Users\mad23\Documents\MCUXpressoIDE_25.6.136\workspace\lpc_chip_175x_6x\Debug\liblpc_chip_175x_6x.a(clock_17xx_40xx.o)
                0x000020e4                Chip_Clock_GetCPUClockDiv
 .text.Chip_Clock_SetPCLKDiv
                0x00002100       0x64 C:\Users\mad23\Documents\MCUXpressoIDE_25.6.136\workspace\lpc_chip_175x_6x\Debug\liblpc_chip_175x_6x.a(clock_17xx_40xx.o)
                0x00002100                Chip_Clock_SetPCLKDiv
 .text.Chip_Clock_GetPCLKDiv
                0x00002164       0x8c C:\Users\mad23\Documents\MCUXpressoIDE_25.6.136\workspace\lpc_chip_175x_6x\Debug\liblpc_chip_175x_6x.a(clock_17xx_40xx.o)
                0x00002164                Chip_Clock_GetPCLKDiv
 .text.Chip_Clock_GetSYSCLKRate
                0x000021f0       0x3a C:\Users\mad23\Documents\MCUXpressoIDE_25.6.136\workspace\lpc_chip_175x_6x\Debug\liblpc_chip_175x_6x.a(clock_17xx_40xx.o)
                0x000021f0                Chip_Clock_GetSYSCLKRate
 *fill*         0x0000222a        0x2 ff
 .text.Chip_Clock_GetMainPLLOutClockRate
                0x0000222c       0x54 C:\Users\mad23\Documents\MCUXpressoIDE_25.6.136\workspace\lpc_chip_175x_6x\Debug\liblpc_chip_175x_6x.a(clock_17xx_40xx.o)
                0x0000222c                Chip_Clock_GetMainPLLOutClockRate
 .text.Chip_Clock_GetMainClockRate
                0x00002280       0x28 C:\Users\mad23\Documents\MCUXpressoIDE_25.6.136\workspace\lpc_chip_175x_6x\Debug\liblpc_chip_175x_6x.a(clock_17xx_40xx.o)
                0x00002280                Chip_Clock_GetMainClockRate
 .text.Chip_Clock_GetSystemClockRate
                0x000022a8       0x18 C:\Users\mad23\Documents\MCUXpressoIDE_25.6.136\workspace\lpc_chip_175x_6x\Debug\liblpc_chip_175x_6x.a(clock_17xx_40xx.o)
                0x000022a8                Chip_Clock_GetSystemClockRate
 .text.Chip_Clock_GetPeripheralClockRate
                0x000022c0       0x26 C:\Users\mad23\Documents\MCUXpressoIDE_25.6.136\workspace\lpc_chip_175x_6x\Debug\liblpc_chip_175x_6x.a(clock_17xx_40xx.o)
                0x000022c0                Chip_Clock_GetPeripheralClockRate
 .text.Chip_IOCON_PinMuxSet
                0x000022e6       0x36 C:\Users\mad23\Documents\MCUXpressoIDE_25.6.136\workspace\lpc_chip_175x_6x\Debug\liblpc_chip_175x_6x.a(iocon_17xx_40xx.o)
                0x000022e6                Chip_IOCON_PinMuxSet
 .text.Chip_IOCON_PinMux
                0x0000231c       0x94 C:\Users\mad23\Documents\MCUXpressoIDE_25.6.136\workspace\lpc_chip_175x_6x\Debug\liblpc_chip_175x_6x.a(iocon_17xx_40xx.o)
                0x0000231c                Chip_IOCON_PinMux
 .text.Chip_IOCON_SetPinMuxing
                0x000023b0       0x64 C:\Users\mad23\Documents\MCUXpressoIDE_25.6.136\workspace\lpc_chip_175x_6x\Debug\liblpc_chip_175x_6x.a(iocon_17xx_40xx.o)
                0x000023b0                Chip_IOCON_SetPinMuxing
 .text.Chip_RIT_SetCOMPVAL
                0x00002414       0x1a C:\Users\mad23\Documents\MCUXpressoIDE_25.6.136\workspace\lpc_chip_175x_6x\Debug\liblpc_chip_175x_6x.a(ritimer_17xx_40xx.o)
 .text.Chip_RIT_EnableCTRL
                0x0000242e       0x20 C:\Users\mad23\Documents\MCUXpressoIDE_25.6.136\workspace\lpc_chip_175x_6x\Debug\liblpc_chip_175x_6x.a(ritimer_17xx_40xx.o)
 .text.Chip_RIT_Init
                0x0000244e       0x30 C:\Users\mad23\Documents\MCUXpressoIDE_25.6.136\workspace\lpc_chip_175x_6x\Debug\liblpc_chip_175x_6x.a(ritimer_17xx_40xx.o)
                0x0000244e                Chip_RIT_Init
 *fill*         0x0000247e        0x2 ff
 .text.Chip_RIT_SetTimerInterval
                0x00002480       0x40 C:\Users\mad23\Documents\MCUXpressoIDE_25.6.136\workspace\lpc_chip_175x_6x\Debug\liblpc_chip_175x_6x.a(ritimer_17xx_40xx.o)
                0x00002480                Chip_RIT_SetTimerInterval
 .text.Chip_Clock_IsMainPLLEnabled
                0x000024c0       0x24 C:\Users\mad23\Documents\MCUXpressoIDE_25.6.136\workspace\lpc_chip_175x_6x\Debug\liblpc_chip_175x_6x.a(sysinit_17xx_40xx.o)
 .text.Chip_Clock_IsMainPLLLocked
                0x000024e4       0x24 C:\Users\mad23\Documents\MCUXpressoIDE_25.6.136\workspace\lpc_chip_175x_6x\Debug\liblpc_chip_175x_6x.a(sysinit_17xx_40xx.o)
 .text.Chip_Clock_IsMainPLLConnected
                0x00002508       0x24 C:\Users\mad23\Documents\MCUXpressoIDE_25.6.136\workspace\lpc_chip_175x_6x\Debug\liblpc_chip_175x_6x.a(sysinit_17xx_40xx.o)
 .text.Chip_Clock_EnableCrystal
                0x0000252c       0x20 C:\Users\mad23\Documents\MCUXpressoIDE_25.6.136\workspace\lpc_chip_175x_6x\Debug\liblpc_chip_175x_6x.a(sysinit_17xx_40xx.o)
 .text.Chip_Clock_IsCrystalEnabled
                0x0000254c       0x24 C:\Users\mad23\Documents\MCUXpressoIDE_25.6.136\workspace\lpc_chip_175x_6x\Debug\liblpc_chip_175x_6x.a(sysinit_17xx_40xx.o)
 .text.Chip_Clock_SetMainPLLSource
                0x00002570       0x20 C:\Users\mad23\Documents\MCUXpressoIDE_25.6.136\workspace\lpc_chip_175x_6x\Debug\liblpc_chip_175x_6x.a(sysinit_17xx_40xx.o)
 .text.Chip_SetupXtalClocking
                0x00002590       0x90 C:\Users\mad23\Documents\MCUXpressoIDE_25.6.136\workspace\lpc_chip_175x_6x\Debug\liblpc_chip_175x_6x.a(sysinit_17xx_40xx.o)
                0x00002590                Chip_SetupXtalClocking
 .text.Chip_UART_SendByte
                0x00002620       0x1c C:\Users\mad23\Documents\MCUXpressoIDE_25.6.136\workspace\lpc_chip_175x_6x\Debug\liblpc_chip_175x_6x.a(uart_17xx_40xx.o)
 .text.Chip_UART_SetupFIFOS
                0x0000263c       0x1a C:\Users\mad23\Documents\MCUXpressoIDE_25.6.136\workspace\lpc_chip_175x_6x\Debug\liblpc_chip_175x_6x.a(uart_17xx_40xx.o)
 .text.Chip_UART_ConfigData
                0x00002656       0x1a C:\Users\mad23\Documents\MCUXpressoIDE_25.6.136\workspace\lpc_chip_175x_6x\Debug\liblpc_chip_175x_6x.a(uart_17xx_40xx.o)
 .text.Chip_UART_EnableDivisorAccess
                0x00002670       0x1e C:\Users\mad23\Documents\MCUXpressoIDE_25.6.136\workspace\lpc_chip_175x_6x\Debug\liblpc_chip_175x_6x.a(uart_17xx_40xx.o)
 .text.Chip_UART_DisableDivisorAccess
                0x0000268e       0x1e C:\Users\mad23\Documents\MCUXpressoIDE_25.6.136\workspace\lpc_chip_175x_6x\Debug\liblpc_chip_175x_6x.a(uart_17xx_40xx.o)
 .text.Chip_UART_SetDivisorLatches
                0x000026ac       0x26 C:\Users\mad23\Documents\MCUXpressoIDE_25.6.136\workspace\lpc_chip_175x_6x\Debug\liblpc_chip_175x_6x.a(uart_17xx_40xx.o)
 .text.Chip_UART_ReadLineStatus
                0x000026d2       0x16 C:\Users\mad23\Documents\MCUXpressoIDE_25.6.136\workspace\lpc_chip_175x_6x\Debug\liblpc_chip_175x_6x.a(uart_17xx_40xx.o)
 .text.Chip_UART_GetClockIndex
                0x000026e8       0x50 C:\Users\mad23\Documents\MCUXpressoIDE_25.6.136\workspace\lpc_chip_175x_6x\Debug\liblpc_chip_175x_6x.a(uart_17xx_40xx.o)
 .text.Chip_UART_GetClkIndex
                0x00002738       0x50 C:\Users\mad23\Documents\MCUXpressoIDE_25.6.136\workspace\lpc_chip_175x_6x\Debug\liblpc_chip_175x_6x.a(uart_17xx_40xx.o)
 .text.Chip_UART_Init
                0x00002788       0x78 C:\Users\mad23\Documents\MCUXpressoIDE_25.6.136\workspace\lpc_chip_175x_6x\Debug\liblpc_chip_175x_6x.a(uart_17xx_40xx.o)
                0x00002788                Chip_UART_Init
 .text.Chip_UART_TXEnable
                0x00002800       0x18 C:\Users\mad23\Documents\MCUXpressoIDE_25.6.136\workspace\lpc_chip_175x_6x\Debug\liblpc_chip_175x_6x.a(uart_17xx_40xx.o)
                0x00002800                Chip_UART_TXEnable
 .text.Chip_UART_TXDisable
                0x00002818       0x18 C:\Users\mad23\Documents\MCUXpressoIDE_25.6.136\workspace\lpc_chip_175x_6x\Debug\liblpc_chip_175x_6x.a(uart_17xx_40xx.o)
                0x00002818                Chip_UART_TXDisable
 .text.Chip_UART_Send
                0x00002830       0x50 C:\Users\mad23\Documents\MCUXpressoIDE_25.6.136\workspace\lpc_chip_175x_6x\Debug\liblpc_chip_175x_6x.a(uart_17xx_40xx.o)
                0x00002830                Chip_UART_Send
 .text.Chip_UART_SendBlocking
                0x00002880       0x4a C:\Users\mad23\Documents\MCUXpressoIDE_25.6.136\workspace\lpc_chip_175x_6x\Debug\liblpc_chip_175x_6x.a(uart_17xx_40xx.o)
                0x00002880                Chip_UART_SendBlocking
 .text.Chip_UART_SetBaud
                0x000028ca       0x62 C:\Users\mad23\Documents\MCUXpressoIDE_25.6.136\workspace\lpc_chip_175x_6x\Debug\liblpc_chip_175x_6x.a(uart_17xx_40xx.o)
                0x000028ca                Chip_UART_SetBaud
 .text.__main   0x0000292c        0xe C:/nxp/MCUXpressoIDE_25.6.136/ide/plugins/com.nxp.mcuxpresso.tools.win32_25.6.0.202501151204/tools/bin/../lib/gcc/arm-none-eabi/14.2.1/../../../../arm-none-eabi/lib/thumb/v7-m/nofp\libcr_nohost.a(_cr__main.o)
                0x0000292c                __main
 .text.memcpy   0x0000293a        0x4 C:/nxp/MCUXpressoIDE_25.6.136/ide/plugins/com.nxp.mcuxpresso.tools.win32_25.6.0.202501151204/tools/bin/../lib/gcc/arm-none-eabi/14.2.1/../../../../arm-none-eabi/lib/thumb/v7-m/nofp\libcr_c.a(memcpy.o)
                0x0000293a                memcpy
 .text.memset   0x0000293e        0x4 C:/nxp/MCUXpressoIDE_25.6.136/ide/plugins/com.nxp.mcuxpresso.tools.win32_25.6.0.202501151204/tools/bin/../lib/gcc/arm-none-eabi/14.2.1/../../../../arm-none-eabi/lib/thumb/v7-m/nofp\libcr_c.a(memset.o)
                0x0000293e                memset
 *fill*         0x00002942        0x2 ff
 .text._initio  0x00002944       0x78 C:/nxp/MCUXpressoIDE_25.6.136/ide/plugins/com.nxp.mcuxpresso.tools.win32_25.6.0.202501151204/tools/bin/../lib/gcc/arm-none-eabi/14.2.1/../../../../arm-none-eabi/lib/thumb/v7-m/nofp\libcr_c.a(initio.o)
                0x00002944                _initio
 .text.setvbuf  0x000029bc       0x3e C:/nxp/MCUXpressoIDE_25.6.136/ide/plugins/com.nxp.mcuxpresso.tools.win32_25.6.0.202501151204/tools/bin/../lib/gcc/arm-none-eabi/14.2.1/../../../../arm-none-eabi/lib/thumb/v7-m/nofp\libcr_c.a(setvbuf.o)
                0x000029bc                setvbuf
 .text._fdopen  0x000029fa       0x68 C:/nxp/MCUXpressoIDE_25.6.136/ide/plugins/com.nxp.mcuxpresso.tools.win32_25.6.0.202501151204/tools/bin/../lib/gcc/arm-none-eabi/14.2.1/../../../../arm-none-eabi/lib/thumb/v7-m/nofp\libcr_c.a(_fdopen.o)
                0x000029fa                _fdopen
 .text.fclose   0x00002a62       0x58 C:/nxp/MCUXpressoIDE_25.6.136/ide/plugins/com.nxp.mcuxpresso.tools.win32_25.6.0.202501151204/tools/bin/../lib/gcc/arm-none-eabi/14.2.1/../../../../arm-none-eabi/lib/thumb/v7-m/nofp\libcr_c.a(fclose.o)
                0x00002a62                fclose
 *fill*         0x00002aba        0x2 ff
 .text.fflush   0x00002abc       0x3c C:/nxp/MCUXpressoIDE_25.6.136/ide/plugins/com.nxp.mcuxpresso.tools.win32_25.6.0.202501151204/tools/bin/../lib/gcc/arm-none-eabi/14.2.1/../../../../arm-none-eabi/lib/thumb/v7-m/nofp\libcr_c.a(fflush.o)
                0x00002abc                fflush
 .text.fseek    0x00002af8       0xf8 C:/nxp/MCUXpressoIDE_25.6.136/ide/plugins/com.nxp.mcuxpresso.tools.win32_25.6.0.202501151204/tools/bin/../lib/gcc/arm-none-eabi/14.2.1/../../../../arm-none-eabi/lib/thumb/v7-m/nofp\libcr_c.a(fseek.o)
                0x00002af8                fseek
 .text.ftell    0x00002bf0       0x44 C:/nxp/MCUXpressoIDE_25.6.136/ide/plugins/com.nxp.mcuxpresso.tools.win32_25.6.0.202501151204/tools/bin/../lib/gcc/arm-none-eabi/14.2.1/../../../../arm-none-eabi/lib/thumb/v7-m/nofp\libcr_c.a(ftell.o)
                0x00002bf0                ftell
 .text.remove   0x00002c34       0x14 C:/nxp/MCUXpressoIDE_25.6.136/ide/plugins/com.nxp.mcuxpresso.tools.win32_25.6.0.202501151204/tools/bin/../lib/gcc/arm-none-eabi/14.2.1/../../../../arm-none-eabi/lib/thumb/v7-m/nofp\libcr_c.a(remove.o)
                0x00002c34                remove
 .text.strlen   0x00002c48       0x4e C:/nxp/MCUXpressoIDE_25.6.136/ide/plugins/com.nxp.mcuxpresso.tools.win32_25.6.0.202501151204/tools/bin/../lib/gcc/arm-none-eabi/14.2.1/../../../../arm-none-eabi/lib/thumb/v7-m/nofp\libcr_c.a(strlen.o)
                0x00002c48                strlen
 .text._do_fflush
                0x00002c96       0x40 C:/nxp/MCUXpressoIDE_25.6.136/ide/plugins/com.nxp.mcuxpresso.tools.win32_25.6.0.202501151204/tools/bin/../lib/gcc/arm-none-eabi/14.2.1/../../../../arm-none-eabi/lib/thumb/v7-m/nofp\libcr_c.a(_do_fflush.o)
                0x00002c96                _do_fflush
 .text._fflush  0x00002cd6       0x52 C:/nxp/MCUXpressoIDE_25.6.136/ide/plugins/com.nxp.mcuxpresso.tools.win32_25.6.0.202501151204/tools/bin/../lib/gcc/arm-none-eabi/14.2.1/../../../../arm-none-eabi/lib/thumb/v7-m/nofp\libcr_c.a(_fflush.o)
                0x00002cd6                _fflush
 .text._Cwritebuf
                0x00002d28       0x70 C:/nxp/MCUXpressoIDE_25.6.136/ide/plugins/com.nxp.mcuxpresso.tools.win32_25.6.0.202501151204/tools/bin/../lib/gcc/arm-none-eabi/14.2.1/../../../../arm-none-eabi/lib/thumb/v7-m/nofp\libcr_c.a(_writebuf.o)
                0x00002d28                _Cwritebuf
 .text.free     0x00002d98       0x30 C:/nxp/MCUXpressoIDE_25.6.136/ide/plugins/com.nxp.mcuxpresso.tools.win32_25.6.0.202501151204/tools/bin/../lib/gcc/arm-none-eabi/14.2.1/../../../../arm-none-eabi/lib/thumb/v7-m/nofp\libcr_c.a(alloc.o)
                0x00002d98                free
 .text._deferredlazyseek
                0x00002dc8       0x40 C:/nxp/MCUXpressoIDE_25.6.136/ide/plugins/com.nxp.mcuxpresso.tools.win32_25.6.0.202501151204/tools/bin/../lib/gcc/arm-none-eabi/14.2.1/../../../../arm-none-eabi/lib/thumb/v7-m/nofp\libcr_c.a(_deferredlazyseek.o)
                0x00002dc8                _deferredlazyseek
 .text.__aeabi_memcpy
                0x00002e08       0x34 C:/nxp/MCUXpressoIDE_25.6.136/ide/plugins/com.nxp.mcuxpresso.tools.win32_25.6.0.202501151204/tools/bin/../lib/gcc/arm-none-eabi/14.2.1/thumb/v7-m/nofp\libcr_eabihelpers.a(memcpy.o)
                0x00002e08                __aeabi_memcpy
                0x00002e12                __aeabi_memcpy8
                0x00002e12                __aeabi_memcpy4
 .text.__aeabi_memset_lowlevel
                0x00002e3c       0x32 C:/nxp/MCUXpressoIDE_25.6.136/ide/plugins/com.nxp.mcuxpresso.tools.win32_25.6.0.202501151204/tools/bin/../lib/gcc/arm-none-eabi/14.2.1/thumb/v7-m/nofp\libcr_eabihelpers.a(memcpy.o)
                0x00002e3c                __aeabi_lowlevel_memset
 .text.__sys_close
                0x00002e6e        0x6 C:/nxp/MCUXpressoIDE_25.6.136/ide/plugins/com.nxp.mcuxpresso.tools.win32_25.6.0.202501151204/tools/bin/../lib/gcc/arm-none-eabi/14.2.1/../../../../arm-none-eabi/lib/thumb/v7-m/nofp\libcr_nohost.a(__sys_close.o)
                0x00002e6e                __sys_close
 .text.__sys_flen
                0x00002e74        0x6 C:/nxp/MCUXpressoIDE_25.6.136/ide/plugins/com.nxp.mcuxpresso.tools.win32_25.6.0.202501151204/tools/bin/../lib/gcc/arm-none-eabi/14.2.1/../../../../arm-none-eabi/lib/thumb/v7-m/nofp\libcr_nohost.a(__sys_flen.o)
                0x00002e74                __sys_flen
 .text.__sys_istty
                0x00002e7a        0x6 C:/nxp/MCUXpressoIDE_25.6.136/ide/plugins/com.nxp.mcuxpresso.tools.win32_25.6.0.202501151204/tools/bin/../lib/gcc/arm-none-eabi/14.2.1/../../../../arm-none-eabi/lib/thumb/v7-m/nofp\libcr_nohost.a(__sys_istty.o)
                0x00002e7a                __sys_istty
 .text.__sys_remove
                0x00002e80        0x6 C:/nxp/MCUXpressoIDE_25.6.136/ide/plugins/com.nxp.mcuxpresso.tools.win32_25.6.0.202501151204/tools/bin/../lib/gcc/arm-none-eabi/14.2.1/../../../../arm-none-eabi/lib/thumb/v7-m/nofp\libcr_nohost.a(__sys_remove.o)
                0x00002e80                __sys_remove
 .text.__sys_seek
                0x00002e86        0x6 C:/nxp/MCUXpressoIDE_25.6.136/ide/plugins/com.nxp.mcuxpresso.tools.win32_25.6.0.202501151204/tools/bin/../lib/gcc/arm-none-eabi/14.2.1/../../../../arm-none-eabi/lib/thumb/v7-m/nofp\libcr_nohost.a(__sys_seek.o)
                0x00002e86                __sys_seek
 .text.__sys_tmpnam
                0x00002e8c        0x6 C:/nxp/MCUXpressoIDE_25.6.136/ide/plugins/com.nxp.mcuxpresso.tools.win32_25.6.0.202501151204/tools/bin/../lib/gcc/arm-none-eabi/14.2.1/../../../../arm-none-eabi/lib/thumb/v7-m/nofp\libcr_nohost.a(__sys_tmpnam.o)
                0x00002e8c                __sys_tmpnam
 .text.__sys_write
                0x00002e92        0x4 C:/nxp/MCUXpressoIDE_25.6.136/ide/plugins/com.nxp.mcuxpresso.tools.win32_25.6.0.202501151204/tools/bin/../lib/gcc/arm-none-eabi/14.2.1/../../../../arm-none-eabi/lib/thumb/v7-m/nofp\libcr_nohost.a(__sys_write.o)
                0x00002e92                __sys_write
 *(.rodata .rodata.* .constdata .constdata.*)
 *fill*         0x00002e96        0x2 ff
 .rodata        0x00002e98        0x8 ./example/src/uart_rb.o
 .rodata.kRelayPins
                0x00002ea0        0xc C:\Users\mad23\Documents\MCUXpressoIDE_25.6.136\workspace\lpc_board_nxp_lpcxpresso_1769\Debug\liblpc_board_nxp_lpcxpresso_1769.a(board.o)
 .rodata.OscRateIn
                0x00002eac        0x4 C:\Users\mad23\Documents\MCUXpressoIDE_25.6.136\workspace\lpc_board_nxp_lpcxpresso_1769\Debug\liblpc_board_nxp_lpcxpresso_1769.a(board.o)
                0x00002eac                OscRateIn
 .rodata.RTCOscRateIn
                0x00002eb0        0x4 C:\Users\mad23\Documents\MCUXpressoIDE_25.6.136\workspace\lpc_board_nxp_lpcxpresso_1769\Debug\liblpc_board_nxp_lpcxpresso_1769.a(board.o)
                0x00002eb0                RTCOscRateIn
 .rodata.pinmuxing
                0x00002eb4       0x3c C:\Users\mad23\Documents\MCUXpressoIDE_25.6.136\workspace\lpc_board_nxp_lpcxpresso_1769\Debug\liblpc_board_nxp_lpcxpresso_1769.a(board_sysinit.o)
 .rodata._initio.str1.1
                0x00002ef0        0x4 C:/nxp/MCUXpressoIDE_25.6.136/ide/plugins/com.nxp.mcuxpresso.tools.win32_25.6.0.202501151204/tools/bin/../lib/gcc/arm-none-eabi/14.2.1/../../../../arm-none-eabi/lib/thumb/v7-m/nofp\libcr_c.a(initio.o)
 .rodata.__num_Ciob_streams
                0x00002ef4        0x4 C:/nxp/MCUXpressoIDE_25.6.136/ide/plugins/com.nxp.mcuxpresso.tools.win32_25.6.0.202501151204/tools/bin/../lib/gcc/arm-none-eabi/14.2.1/../../../../arm-none-eabi/lib/thumb/v7-m/nofp\libcr_nohost.a(__ciob.o)
                0x00002ef4                __num_Ciob_streams
                0x00002ef8                        . = ALIGN (0x4)

.glue_7         0x00002ef8        0x0
 .glue_7        0x00002ef8        0x0 linker stubs

.glue_7t        0x00002ef8        0x0
 .glue_7t       0x00002ef8        0x0 linker stubs

.vfp11_veneer   0x00002ef8        0x0
 .vfp11_veneer  0x00002ef8        0x0 linker stubs

.v4_bx          0x00002ef8        0x0
 .v4_bx         0x00002ef8        0x0 linker stubs

.iplt           0x00002ef8        0x0
 .iplt          0x00002ef8        0x0 ./example/src/cr_startup_lpc175x_6x.o

.rel.dyn        0x00002ef8        0x0
 .rel.iplt      0x00002ef8        0x0 ./example/src/cr_startup_lpc175x_6x.o

.ARM.extab
 *(.ARM.extab* .gnu.linkonce.armextab.*)

.ARM.exidx      0x00002ef8        0x0
                0x00002ef8                        __exidx_start = .
 *(.ARM.exidx* .gnu.linkonce.armexidx.*)
                0x00002ef8                        __exidx_end = .
                0x00002ef8                        _etext = .

.data_RAM2      0x2007c000        0x0 load address 0x00002ef8
 FILL mask 0xff
                [!provide]                        PROVIDE (__start_data_RAM2 = .)
                [!provide]                        PROVIDE (__start_data_RamAHB32 = .)
 *(.ramfunc.$RAM2)
 *(.ramfunc.$RamAHB32)
 *(.data.$RAM2)
 *(.data.$RamAHB32)
 *(.data.$RAM2.*)
 *(.data.$RamAHB32.*)
                0x2007c000                        . = ALIGN (0x4)
                [!provide]                        PROVIDE (__end_data_RAM2 = .)
                [!provide]                        PROVIDE (__end_data_RamAHB32 = .)

.uninit_RESERVED
                0x10000000        0x0
                0x10000000                        _start_uninit_RESERVED = .
 *(.bss.$RESERVED*)
                0x10000000                        . = ALIGN (0x4)
                0x10000000                        _end_uninit_RESERVED = .

.data           0x10000000       0x10 load address 0x00002ef8
 FILL mask 0xff
                0x10000000                        _data = .
                [!provide]                        PROVIDE (__start_data_RAM = .)
                [!provide]                        PROVIDE (__start_data_RamLoc32 = .)
 *(vtable)
 *(.ramfunc*)
 *(CodeQuickAccess)
 *(DataQuickAccess)
 *(RamFunction)
 *(.data*)
 .data.ws_b1    0x10000000        0x8 ./example/src/uart_rb.o
 .data.ws_b2    0x10000008        0x8 ./example/src/uart_rb.o
                0x10000010                        . = ALIGN (0x4)
                0x10000010                        _edata = .
                [!provide]                        PROVIDE (__end_data_RAM = .)
                [!provide]                        PROVIDE (__end_data_RamLoc32 = .)

.igot.plt       0x10000010        0x0 load address 0x00002f08
 .igot.plt      0x10000010        0x0 ./example/src/cr_startup_lpc175x_6x.o

.bss_RAM2       0x2007c000        0x0
                [!provide]                        PROVIDE (__start_bss_RAM2 = .)
                [!provide]                        PROVIDE (__start_bss_RamAHB32 = .)
 *(.bss.$RAM2)
 *(.bss.$RamAHB32)
 *(.bss.$RAM2.*)
 *(.bss.$RamAHB32.*)
                0x2007c000                        . = ALIGN ((. != 0x0)?0x4:0x1)
                [!provide]                        PROVIDE (__end_bss_RAM2 = .)
                [!provide]                        PROVIDE (__end_bss_RamAHB32 = .)

.bss            0x10000010      0x9f8
                0x10000010                        _bss = .
                [!provide]                        PROVIDE (__start_bss_RAM = .)
                [!provide]                        PROVIDE (__start_bss_RamLoc32 = .)
 *(.bss*)
 .bss.g_status_ext
                0x10000010        0x1 ./example/src/uart_rb.o
 *fill*         0x10000011        0x3 
 .bss.cfg_conn  0x10000014       0x1f ./example/src/uart_rb.o
 .bss.cfg_count
                0x10000033        0x1 ./example/src/uart_rb.o
 .bss.round_alive_mask
                0x10000034        0x4 ./example/src/uart_rb.o
 .bss.round_triggered_mask
                0x10000038        0x4 ./example/src/uart_rb.o
 .bss.g_alive_mask
                0x1000003c        0x4 ./example/src/uart_rb.o
 .bss.g_triggered_mask
                0x10000040        0x4 ./example/src/uart_rb.o
 .bss.u1_head   0x10000044        0x1 ./example/src/uart_rb.o
 .bss.u1_tail   0x10000045        0x1 ./example/src/uart_rb.o
 *fill*         0x10000046        0x2 
 .bss.u1_q      0x10000048      0x280 ./example/src/uart_rb.o
 .bss.u2_head   0x100002c8        0x1 ./example/src/uart_rb.o
 .bss.u2_tail   0x100002c9        0x1 ./example/src/uart_rb.o
 *fill*         0x100002ca        0x2 
 .bss.u2_q      0x100002cc      0x280 ./example/src/uart_rb.o
 .bss.g_app_last_activity_tick
                0x1000054c        0x2 ./example/src/uart_rb.o
 .bss.g_idle_ws_cleared
                0x1000054e        0x1 ./example/src/uart_rb.o
 *fill*         0x1000054f        0x1 
 .bss.g_jobs    0x10000550       0xc0 ./example/src/uart_rb.o
 .bss.g_off_broadcast_pending
                0x10000610        0x1 ./example/src/uart_rb.o
 *fill*         0x10000611        0x1 
 .bss.g_tick    0x10000612        0x2 ./example/src/uart_rb.o
 .bss.jobs_rr   0x10000614        0x1 ./example/src/uart_rb.o
 .bss.g_led_streaming_active
                0x10000615        0x1 ./example/src/uart_rb.o
 .bss.g_tx_len  0x10000616        0x1 ./example/src/uart_rb.o
 *fill*         0x10000617        0x1 
 .bss.g_tx_buf  0x10000618       0x29 ./example/src/uart_rb.o
 *fill*         0x10000641        0x3 
 .bss.ws_buf    0x10000644      0x120 ./example/src/uart_rb.o
 .bss.ws_dirty  0x10000764        0x1 ./example/src/uart_rb.o
 *fill*         0x10000765        0x3 
 .bss.g_u2_jobs
                0x10000768       0x60 ./example/src/uart_rb.o
 .bss.u2_jobs_rr
                0x100007c8        0x1 ./example/src/uart_rb.o
 .bss.g_off_broadcast2_pending
                0x100007c9        0x1 ./example/src/uart_rb.o
 .bss.rx_state  0x100007ca        0x1 ./example/src/uart_rb.o
 .bss.rx_len    0x100007cb        0x1 ./example/src/uart_rb.o
 .bss.rx_buf    0x100007cc       0x42 ./example/src/uart_rb.o
 .bss.rx_idx    0x1000080e        0x1 ./example/src/uart_rb.o
 .bss.u1_state  0x1000080f        0x1 ./example/src/uart_rb.o
 .bss.u1_len    0x10000810        0x1 ./example/src/uart_rb.o
 .bss.u1_idx    0x10000811        0x1 ./example/src/uart_rb.o
 *fill*         0x10000812        0x2 
 .bss.u1_pay    0x10000814        0x8 ./example/src/uart_rb.o
 .bss.poll_rr_idx
                0x1000081c        0x1 ./example/src/uart_rb.o
 .bss.led_active_prev
                0x1000081d        0x1 ./example/src/uart_rb.o
 *fill*         0x1000081e        0x2 
 .bss.SystemCoreClock
                0x10000820        0x4 C:\Users\mad23\Documents\MCUXpressoIDE_25.6.136\workspace\lpc_chip_175x_6x\Debug\liblpc_chip_175x_6x.a(chip_17xx_40xx.o)
                0x10000820                SystemCoreClock
 .bss.errno     0x10000824        0x4 C:/nxp/MCUXpressoIDE_25.6.136/ide/plugins/com.nxp.mcuxpresso.tools.win32_25.6.0.202501151204/tools/bin/../lib/gcc/arm-none-eabi/14.2.1/../../../../arm-none-eabi/lib/thumb/v7-m/nofp\libcr_c.a(errno.o)
                0x10000824                errno
 .bss.__Ciob    0x10000828      0x1e0 C:/nxp/MCUXpressoIDE_25.6.136/ide/plugins/com.nxp.mcuxpresso.tools.win32_25.6.0.202501151204/tools/bin/../lib/gcc/arm-none-eabi/14.2.1/../../../../arm-none-eabi/lib/thumb/v7-m/nofp\libcr_nohost.a(__ciob.o)
                0x10000828                __Ciob
 *(COMMON)
                0x10000a08                        . = ALIGN (0x4)
                0x10000a08                        _ebss = .
                [!provide]                        PROVIDE (__end_bss_RAM = .)
                [!provide]                        PROVIDE (__end_bss_RamLoc32 = .)
                [!provide]                        PROVIDE (end = .)

.noinit_RAM2    0x2007c000        0x0
                [!provide]                        PROVIDE (__start_noinit_RAM2 = .)
                [!provide]                        PROVIDE (__start_noinit_RamAHB32 = .)
 *(.noinit.$RAM2)
 *(.noinit.$RamAHB32)
 *(.noinit.$RAM2.*)
 *(.noinit.$RamAHB32.*)
                0x2007c000                        . = ALIGN (0x4)
                [!provide]                        PROVIDE (__end_noinit_RAM2 = .)
                [!provide]                        PROVIDE (__end_noinit_RamAHB32 = .)

.noinit         0x10000a08        0x0
                0x10000a08                        _noinit = .
                [!provide]                        PROVIDE (__start_noinit_RAM = .)
                [!provide]                        PROVIDE (__start_noinit_RamLoc32 = .)
 *(.noinit*)
                0x10000a08                        . = ALIGN (0x4)
                0x10000a08                        _end_noinit = .
                [!provide]                        PROVIDE (__end_noinit_RAM = .)
                [!provide]                        PROVIDE (__end_noinit_RamLoc32 = .)
                0x10000a08                        PROVIDE (_pvHeapStart = DEFINED (__user_heap_base)?__user_heap_base:.)
                0x10008000                        PROVIDE (_vStackTop = DEFINED (__user_stack_top)?__user_stack_top:(__top_RamLoc32 - 0x0))
                [!provide]                        PROVIDE (__valid_user_code_checksum = (0x0 - ((((((_vStackTop + (ResetISR + 0x1)) + (NMI_Handler + 0x1)) + (HardFault_Handler + 0x1)) + (DEFINED (MemManage_Handler)?MemManage_Handler:0x0 + 0x1)) + (DEFINED (BusFault_Handler)?BusFault_Handler:0x0 + 0x1)) + (DEFINED (UsageFault_Handler)?UsageFault_Handler:0x0 + 0x1))))
                0x00000000                        _image_start = LOADADDR (.text)
                0x00002f08                        _image_end = (LOADADDR (.data) + SIZEOF (.data))
                0x00002f08                        _image_size = (_image_end - _image_start)
OUTPUT(periph_uart_rb.axf elf32-littlearm)
LOAD linker stubs

.debug_info     0x00000000     0x92b4
 .debug_info    0x00000000      0x297 ./example/src/cr_startup_lpc175x_6x.o
 .debug_info    0x00000297       0xbc ./example/src/sysinit.o
 .debug_info    0x00000353     0x1eed ./example/src/uart_rb.o
 .debug_info    0x00002240      0x84f ./example/src/ws2812b.o
 .debug_info    0x00002a8f      0x977 C:\Users\mad23\Documents\MCUXpressoIDE_25.6.136\workspace\lpc_board_nxp_lpcxpresso_1769\Debug\liblpc_board_nxp_lpcxpresso_1769.a(board.o)
 .debug_info    0x00003406      0x6ee C:\Users\mad23\Documents\MCUXpressoIDE_25.6.136\workspace\lpc_board_nxp_lpcxpresso_1769\Debug\liblpc_board_nxp_lpcxpresso_1769.a(board_sysinit.o)
 .debug_info    0x00003af4      0x58a C:\Users\mad23\Documents\MCUXpressoIDE_25.6.136\workspace\lpc_chip_175x_6x\Debug\liblpc_chip_175x_6x.a(chip_17xx_40xx.o)
 .debug_info    0x0000407e      0xbc8 C:\Users\mad23\Documents\MCUXpressoIDE_25.6.136\workspace\lpc_chip_175x_6x\Debug\liblpc_chip_175x_6x.a(clock_17xx_40xx.o)
 .debug_info    0x00004c46      0x2c8 C:\Users\mad23\Documents\MCUXpressoIDE_25.6.136\workspace\lpc_chip_175x_6x\Debug\liblpc_chip_175x_6x.a(iocon_17xx_40xx.o)
 .debug_info    0x00004f0e      0x453 C:\Users\mad23\Documents\MCUXpressoIDE_25.6.136\workspace\lpc_chip_175x_6x\Debug\liblpc_chip_175x_6x.a(ritimer_17xx_40xx.o)
 .debug_info    0x00005361      0x49a C:\Users\mad23\Documents\MCUXpressoIDE_25.6.136\workspace\lpc_chip_175x_6x\Debug\liblpc_chip_175x_6x.a(sysinit_17xx_40xx.o)
 .debug_info    0x000057fb     0x100f C:\Users\mad23\Documents\MCUXpressoIDE_25.6.136\workspace\lpc_chip_175x_6x\Debug\liblpc_chip_175x_6x.a(uart_17xx_40xx.o)
 .debug_info    0x0000680a       0x85 C:/nxp/MCUXpressoIDE_25.6.136/ide/plugins/com.nxp.mcuxpresso.tools.win32_25.6.0.202501151204/tools/bin/../lib/gcc/arm-none-eabi/14.2.1/../../../../arm-none-eabi/lib/thumb/v7-m/nofp\libcr_nohost.a(_cr__main.o)
 .debug_info    0x0000688f      0x12b C:/nxp/MCUXpressoIDE_25.6.136/ide/plugins/com.nxp.mcuxpresso.tools.win32_25.6.0.202501151204/tools/bin/../lib/gcc/arm-none-eabi/14.2.1/../../../../arm-none-eabi/lib/thumb/v7-m/nofp\libcr_c.a(memcpy.o)
 .debug_info    0x000069ba       0xfc C:/nxp/MCUXpressoIDE_25.6.136/ide/plugins/com.nxp.mcuxpresso.tools.win32_25.6.0.202501151204/tools/bin/../lib/gcc/arm-none-eabi/14.2.1/../../../../arm-none-eabi/lib/thumb/v7-m/nofp\libcr_c.a(memset.o)
 .debug_info    0x00006ab6      0x339 C:/nxp/MCUXpressoIDE_25.6.136/ide/plugins/com.nxp.mcuxpresso.tools.win32_25.6.0.202501151204/tools/bin/../lib/gcc/arm-none-eabi/14.2.1/../../../../arm-none-eabi/lib/thumb/v7-m/nofp\libcr_c.a(initio.o)
 .debug_info    0x00006def      0x1fd C:/nxp/MCUXpressoIDE_25.6.136/ide/plugins/com.nxp.mcuxpresso.tools.win32_25.6.0.202501151204/tools/bin/../lib/gcc/arm-none-eabi/14.2.1/../../../../arm-none-eabi/lib/thumb/v7-m/nofp\libcr_c.a(setvbuf.o)
 .debug_info    0x00006fec      0x24b C:/nxp/MCUXpressoIDE_25.6.136/ide/plugins/com.nxp.mcuxpresso.tools.win32_25.6.0.202501151204/tools/bin/../lib/gcc/arm-none-eabi/14.2.1/../../../../arm-none-eabi/lib/thumb/v7-m/nofp\libcr_c.a(_fdopen.o)
 .debug_info    0x00007237      0x31e C:/nxp/MCUXpressoIDE_25.6.136/ide/plugins/com.nxp.mcuxpresso.tools.win32_25.6.0.202501151204/tools/bin/../lib/gcc/arm-none-eabi/14.2.1/../../../../arm-none-eabi/lib/thumb/v7-m/nofp\libcr_c.a(fclose.o)
 .debug_info    0x00007555      0x209 C:/nxp/MCUXpressoIDE_25.6.136/ide/plugins/com.nxp.mcuxpresso.tools.win32_25.6.0.202501151204/tools/bin/../lib/gcc/arm-none-eabi/14.2.1/../../../../arm-none-eabi/lib/thumb/v7-m/nofp\libcr_c.a(fflush.o)
 .debug_info    0x0000775e      0x276 C:/nxp/MCUXpressoIDE_25.6.136/ide/plugins/com.nxp.mcuxpresso.tools.win32_25.6.0.202501151204/tools/bin/../lib/gcc/arm-none-eabi/14.2.1/../../../../arm-none-eabi/lib/thumb/v7-m/nofp\libcr_c.a(fseek.o)
 .debug_info    0x000079d4      0x197 C:/nxp/MCUXpressoIDE_25.6.136/ide/plugins/com.nxp.mcuxpresso.tools.win32_25.6.0.202501151204/tools/bin/../lib/gcc/arm-none-eabi/14.2.1/../../../../arm-none-eabi/lib/thumb/v7-m/nofp\libcr_c.a(ftell.o)
 .debug_info    0x00007b6b      0x1d7 C:/nxp/MCUXpressoIDE_25.6.136/ide/plugins/com.nxp.mcuxpresso.tools.win32_25.6.0.202501151204/tools/bin/../lib/gcc/arm-none-eabi/14.2.1/../../../../arm-none-eabi/lib/thumb/v7-m/nofp\libcr_c.a(remove.o)
 .debug_info    0x00007d42       0xe1 C:/nxp/MCUXpressoIDE_25.6.136/ide/plugins/com.nxp.mcuxpresso.tools.win32_25.6.0.202501151204/tools/bin/../lib/gcc/arm-none-eabi/14.2.1/../../../../arm-none-eabi/lib/thumb/v7-m/nofp\libcr_c.a(strlen.o)
 .debug_info    0x00007e23      0x23a C:/nxp/MCUXpressoIDE_25.6.136/ide/plugins/com.nxp.mcuxpresso.tools.win32_25.6.0.202501151204/tools/bin/../lib/gcc/arm-none-eabi/14.2.1/../../../../arm-none-eabi/lib/thumb/v7-m/nofp\libcr_c.a(_do_fflush.o)
 .debug_info    0x0000805d      0x1e3 C:/nxp/MCUXpressoIDE_25.6.136/ide/plugins/com.nxp.mcuxpresso.tools.win32_25.6.0.202501151204/tools/bin/../lib/gcc/arm-none-eabi/14.2.1/../../../../arm-none-eabi/lib/thumb/v7-m/nofp\libcr_c.a(_fflush.o)
 .debug_info    0x00008240      0x289 C:/nxp/MCUXpressoIDE_25.6.136/ide/plugins/com.nxp.mcuxpresso.tools.win32_25.6.0.202501151204/tools/bin/../lib/gcc/arm-none-eabi/14.2.1/../../../../arm-none-eabi/lib/thumb/v7-m/nofp\libcr_c.a(_writebuf.o)
 .debug_info    0x000084c9      0x520 C:/nxp/MCUXpressoIDE_25.6.136/ide/plugins/com.nxp.mcuxpresso.tools.win32_25.6.0.202501151204/tools/bin/../lib/gcc/arm-none-eabi/14.2.1/../../../../arm-none-eabi/lib/thumb/v7-m/nofp\libcr_c.a(alloc.o)
 .debug_info    0x000089e9       0x44 C:/nxp/MCUXpressoIDE_25.6.136/ide/plugins/com.nxp.mcuxpresso.tools.win32_25.6.0.202501151204/tools/bin/../lib/gcc/arm-none-eabi/14.2.1/../../../../arm-none-eabi/lib/thumb/v7-m/nofp\libcr_c.a(errno.o)
 .debug_info    0x00008a2d      0x396 C:/nxp/MCUXpressoIDE_25.6.136/ide/plugins/com.nxp.mcuxpresso.tools.win32_25.6.0.202501151204/tools/bin/../lib/gcc/arm-none-eabi/14.2.1/../../../../arm-none-eabi/lib/thumb/v7-m/nofp\libcr_c.a(_deferredlazyseek.o)
 .debug_info    0x00008dc3      0x18b C:/nxp/MCUXpressoIDE_25.6.136/ide/plugins/com.nxp.mcuxpresso.tools.win32_25.6.0.202501151204/tools/bin/../lib/gcc/arm-none-eabi/14.2.1/../../../../arm-none-eabi/lib/thumb/v7-m/nofp\libcr_nohost.a(__ciob.o)
 .debug_info    0x00008f4e       0x6a C:/nxp/MCUXpressoIDE_25.6.136/ide/plugins/com.nxp.mcuxpresso.tools.win32_25.6.0.202501151204/tools/bin/../lib/gcc/arm-none-eabi/14.2.1/../../../../arm-none-eabi/lib/thumb/v7-m/nofp\libcr_nohost.a(__sys_close.o)
 .debug_info    0x00008fb8       0x6a C:/nxp/MCUXpressoIDE_25.6.136/ide/plugins/com.nxp.mcuxpresso.tools.win32_25.6.0.202501151204/tools/bin/../lib/gcc/arm-none-eabi/14.2.1/../../../../arm-none-eabi/lib/thumb/v7-m/nofp\libcr_nohost.a(__sys_flen.o)
 .debug_info    0x00009022       0x6a C:/nxp/MCUXpressoIDE_25.6.136/ide/plugins/com.nxp.mcuxpresso.tools.win32_25.6.0.202501151204/tools/bin/../lib/gcc/arm-none-eabi/14.2.1/../../../../arm-none-eabi/lib/thumb/v7-m/nofp\libcr_nohost.a(__sys_istty.o)
 .debug_info    0x0000908c       0x8a C:/nxp/MCUXpressoIDE_25.6.136/ide/plugins/com.nxp.mcuxpresso.tools.win32_25.6.0.202501151204/tools/bin/../lib/gcc/arm-none-eabi/14.2.1/../../../../arm-none-eabi/lib/thumb/v7-m/nofp\libcr_nohost.a(__sys_remove.o)
 .debug_info    0x00009116       0x78 C:/nxp/MCUXpressoIDE_25.6.136/ide/plugins/com.nxp.mcuxpresso.tools.win32_25.6.0.202501151204/tools/bin/../lib/gcc/arm-none-eabi/14.2.1/../../../../arm-none-eabi/lib/thumb/v7-m/nofp\libcr_nohost.a(__sys_seek.o)
 .debug_info    0x0000918e       0x93 C:/nxp/MCUXpressoIDE_25.6.136/ide/plugins/com.nxp.mcuxpresso.tools.win32_25.6.0.202501151204/tools/bin/../lib/gcc/arm-none-eabi/14.2.1/../../../../arm-none-eabi/lib/thumb/v7-m/nofp\libcr_nohost.a(__sys_tmpnam.o)
 .debug_info    0x00009221       0x93 C:/nxp/MCUXpressoIDE_25.6.136/ide/plugins/com.nxp.mcuxpresso.tools.win32_25.6.0.202501151204/tools/bin/../lib/gcc/arm-none-eabi/14.2.1/../../../../arm-none-eabi/lib/thumb/v7-m/nofp\libcr_nohost.a(__sys_write.o)

.debug_abbrev   0x00000000     0x2dd1
 .debug_abbrev  0x00000000      0x135 ./example/src/cr_startup_lpc175x_6x.o
 .debug_abbrev  0x00000135       0x8e ./example/src/sysinit.o
 .debug_abbrev  0x000001c3      0x424 ./example/src/uart_rb.o
 .debug_abbrev  0x000005e7      0x139 ./example/src/ws2812b.o
 .debug_abbrev  0x00000720      0x1fc C:\Users\mad23\Documents\MCUXpressoIDE_25.6.136\workspace\lpc_board_nxp_lpcxpresso_1769\Debug\liblpc_board_nxp_lpcxpresso_1769.a(board.o)
 .debug_abbrev  0x0000091c      0x1b0 C:\Users\mad23\Documents\MCUXpressoIDE_25.6.136\workspace\lpc_board_nxp_lpcxpresso_1769\Debug\liblpc_board_nxp_lpcxpresso_1769.a(board_sysinit.o)
 .debug_abbrev  0x00000acc      0x19a C:\Users\mad23\Documents\MCUXpressoIDE_25.6.136\workspace\lpc_chip_175x_6x\Debug\liblpc_chip_175x_6x.a(chip_17xx_40xx.o)
 .debug_abbrev  0x00000c66      0x325 C:\Users\mad23\Documents\MCUXpressoIDE_25.6.136\workspace\lpc_chip_175x_6x\Debug\liblpc_chip_175x_6x.a(clock_17xx_40xx.o)
 .debug_abbrev  0x00000f8b      0x132 C:\Users\mad23\Documents\MCUXpressoIDE_25.6.136\workspace\lpc_chip_175x_6x\Debug\liblpc_chip_175x_6x.a(iocon_17xx_40xx.o)
 .debug_abbrev  0x000010bd      0x19a C:\Users\mad23\Documents\MCUXpressoIDE_25.6.136\workspace\lpc_chip_175x_6x\Debug\liblpc_chip_175x_6x.a(ritimer_17xx_40xx.o)
 .debug_abbrev  0x00001257      0x1a6 C:\Users\mad23\Documents\MCUXpressoIDE_25.6.136\workspace\lpc_chip_175x_6x\Debug\liblpc_chip_175x_6x.a(sysinit_17xx_40xx.o)
 .debug_abbrev  0x000013fd      0x36f C:\Users\mad23\Documents\MCUXpressoIDE_25.6.136\workspace\lpc_chip_175x_6x\Debug\liblpc_chip_175x_6x.a(uart_17xx_40xx.o)
 .debug_abbrev  0x0000176c       0x70 C:/nxp/MCUXpressoIDE_25.6.136/ide/plugins/com.nxp.mcuxpresso.tools.win32_25.6.0.202501151204/tools/bin/../lib/gcc/arm-none-eabi/14.2.1/../../../../arm-none-eabi/lib/thumb/v7-m/nofp\libcr_nohost.a(_cr__main.o)
 .debug_abbrev  0x000017dc       0xb6 C:/nxp/MCUXpressoIDE_25.6.136/ide/plugins/com.nxp.mcuxpresso.tools.win32_25.6.0.202501151204/tools/bin/../lib/gcc/arm-none-eabi/14.2.1/../../../../arm-none-eabi/lib/thumb/v7-m/nofp\libcr_c.a(memcpy.o)
 .debug_abbrev  0x00001892       0xa8 C:/nxp/MCUXpressoIDE_25.6.136/ide/plugins/com.nxp.mcuxpresso.tools.win32_25.6.0.202501151204/tools/bin/../lib/gcc/arm-none-eabi/14.2.1/../../../../arm-none-eabi/lib/thumb/v7-m/nofp\libcr_c.a(memset.o)
 .debug_abbrev  0x0000193a      0x169 C:/nxp/MCUXpressoIDE_25.6.136/ide/plugins/com.nxp.mcuxpresso.tools.win32_25.6.0.202501151204/tools/bin/../lib/gcc/arm-none-eabi/14.2.1/../../../../arm-none-eabi/lib/thumb/v7-m/nofp\libcr_c.a(initio.o)
 .debug_abbrev  0x00001aa3       0xe1 C:/nxp/MCUXpressoIDE_25.6.136/ide/plugins/com.nxp.mcuxpresso.tools.win32_25.6.0.202501151204/tools/bin/../lib/gcc/arm-none-eabi/14.2.1/../../../../arm-none-eabi/lib/thumb/v7-m/nofp\libcr_c.a(setvbuf.o)
 .debug_abbrev  0x00001b84      0x119 C:/nxp/MCUXpressoIDE_25.6.136/ide/plugins/com.nxp.mcuxpresso.tools.win32_25.6.0.202501151204/tools/bin/../lib/gcc/arm-none-eabi/14.2.1/../../../../arm-none-eabi/lib/thumb/v7-m/nofp\libcr_c.a(_fdopen.o)
 .debug_abbrev  0x00001c9d      0x158 C:/nxp/MCUXpressoIDE_25.6.136/ide/plugins/com.nxp.mcuxpresso.tools.win32_25.6.0.202501151204/tools/bin/../lib/gcc/arm-none-eabi/14.2.1/../../../../arm-none-eabi/lib/thumb/v7-m/nofp\libcr_c.a(fclose.o)
 .debug_abbrev  0x00001df5      0x125 C:/nxp/MCUXpressoIDE_25.6.136/ide/plugins/com.nxp.mcuxpresso.tools.win32_25.6.0.202501151204/tools/bin/../lib/gcc/arm-none-eabi/14.2.1/../../../../arm-none-eabi/lib/thumb/v7-m/nofp\libcr_c.a(fflush.o)
 .debug_abbrev  0x00001f1a      0x11b C:/nxp/MCUXpressoIDE_25.6.136/ide/plugins/com.nxp.mcuxpresso.tools.win32_25.6.0.202501151204/tools/bin/../lib/gcc/arm-none-eabi/14.2.1/../../../../arm-none-eabi/lib/thumb/v7-m/nofp\libcr_c.a(fseek.o)
 .debug_abbrev  0x00002035       0xc2 C:/nxp/MCUXpressoIDE_25.6.136/ide/plugins/com.nxp.mcuxpresso.tools.win32_25.6.0.202501151204/tools/bin/../lib/gcc/arm-none-eabi/14.2.1/../../../../arm-none-eabi/lib/thumb/v7-m/nofp\libcr_c.a(ftell.o)
 .debug_abbrev  0x000020f7       0xfb C:/nxp/MCUXpressoIDE_25.6.136/ide/plugins/com.nxp.mcuxpresso.tools.win32_25.6.0.202501151204/tools/bin/../lib/gcc/arm-none-eabi/14.2.1/../../../../arm-none-eabi/lib/thumb/v7-m/nofp\libcr_c.a(remove.o)
 .debug_abbrev  0x000021f2       0xa7 C:/nxp/MCUXpressoIDE_25.6.136/ide/plugins/com.nxp.mcuxpresso.tools.win32_25.6.0.202501151204/tools/bin/../lib/gcc/arm-none-eabi/14.2.1/../../../../arm-none-eabi/lib/thumb/v7-m/nofp\libcr_c.a(strlen.o)
 .debug_abbrev  0x00002299      0x12c C:/nxp/MCUXpressoIDE_25.6.136/ide/plugins/com.nxp.mcuxpresso.tools.win32_25.6.0.202501151204/tools/bin/../lib/gcc/arm-none-eabi/14.2.1/../../../../arm-none-eabi/lib/thumb/v7-m/nofp\libcr_c.a(_do_fflush.o)
 .debug_abbrev  0x000023c5       0xf1 C:/nxp/MCUXpressoIDE_25.6.136/ide/plugins/com.nxp.mcuxpresso.tools.win32_25.6.0.202501151204/tools/bin/../lib/gcc/arm-none-eabi/14.2.1/../../../../arm-none-eabi/lib/thumb/v7-m/nofp\libcr_c.a(_fflush.o)
 .debug_abbrev  0x000024b6      0x126 C:/nxp/MCUXpressoIDE_25.6.136/ide/plugins/com.nxp.mcuxpresso.tools.win32_25.6.0.202501151204/tools/bin/../lib/gcc/arm-none-eabi/14.2.1/../../../../arm-none-eabi/lib/thumb/v7-m/nofp\libcr_c.a(_writebuf.o)
 .debug_abbrev  0x000025dc      0x284 C:/nxp/MCUXpressoIDE_25.6.136/ide/plugins/com.nxp.mcuxpresso.tools.win32_25.6.0.202501151204/tools/bin/../lib/gcc/arm-none-eabi/14.2.1/../../../../arm-none-eabi/lib/thumb/v7-m/nofp\libcr_c.a(alloc.o)
 .debug_abbrev  0x00002860       0x44 C:/nxp/MCUXpressoIDE_25.6.136/ide/plugins/com.nxp.mcuxpresso.tools.win32_25.6.0.202501151204/tools/bin/../lib/gcc/arm-none-eabi/14.2.1/../../../../arm-none-eabi/lib/thumb/v7-m/nofp\libcr_c.a(errno.o)
 .debug_abbrev  0x000028a4      0x18e C:/nxp/MCUXpressoIDE_25.6.136/ide/plugins/com.nxp.mcuxpresso.tools.win32_25.6.0.202501151204/tools/bin/../lib/gcc/arm-none-eabi/14.2.1/../../../../arm-none-eabi/lib/thumb/v7-m/nofp\libcr_c.a(_deferredlazyseek.o)
 .debug_abbrev  0x00002a32       0xb5 C:/nxp/MCUXpressoIDE_25.6.136/ide/plugins/com.nxp.mcuxpresso.tools.win32_25.6.0.202501151204/tools/bin/../lib/gcc/arm-none-eabi/14.2.1/../../../../arm-none-eabi/lib/thumb/v7-m/nofp\libcr_nohost.a(__ciob.o)
 .debug_abbrev  0x00002ae7       0x5c C:/nxp/MCUXpressoIDE_25.6.136/ide/plugins/com.nxp.mcuxpresso.tools.win32_25.6.0.202501151204/tools/bin/../lib/gcc/arm-none-eabi/14.2.1/../../../../arm-none-eabi/lib/thumb/v7-m/nofp\libcr_nohost.a(__sys_close.o)
 .debug_abbrev  0x00002b43       0x5c C:/nxp/MCUXpressoIDE_25.6.136/ide/plugins/com.nxp.mcuxpresso.tools.win32_25.6.0.202501151204/tools/bin/../lib/gcc/arm-none-eabi/14.2.1/../../../../arm-none-eabi/lib/thumb/v7-m/nofp\libcr_nohost.a(__sys_flen.o)
 .debug_abbrev  0x00002b9f       0x5c C:/nxp/MCUXpressoIDE_25.6.136/ide/plugins/com.nxp.mcuxpresso.tools.win32_25.6.0.202501151204/tools/bin/../lib/gcc/arm-none-eabi/14.2.1/../../../../arm-none-eabi/lib/thumb/v7-m/nofp\libcr_nohost.a(__sys_istty.o)
 .debug_abbrev  0x00002bfb       0x7d C:/nxp/MCUXpressoIDE_25.6.136/ide/plugins/com.nxp.mcuxpresso.tools.win32_25.6.0.202501151204/tools/bin/../lib/gcc/arm-none-eabi/14.2.1/../../../../arm-none-eabi/lib/thumb/v7-m/nofp\libcr_nohost.a(__sys_remove.o)
 .debug_abbrev  0x00002c78       0x6d C:/nxp/MCUXpressoIDE_25.6.136/ide/plugins/com.nxp.mcuxpresso.tools.win32_25.6.0.202501151204/tools/bin/../lib/gcc/arm-none-eabi/14.2.1/../../../../arm-none-eabi/lib/thumb/v7-m/nofp\libcr_nohost.a(__sys_seek.o)
 .debug_abbrev  0x00002ce5       0x76 C:/nxp/MCUXpressoIDE_25.6.136/ide/plugins/com.nxp.mcuxpresso.tools.win32_25.6.0.202501151204/tools/bin/../lib/gcc/arm-none-eabi/14.2.1/../../../../arm-none-eabi/lib/thumb/v7-m/nofp\libcr_nohost.a(__sys_tmpnam.o)
 .debug_abbrev  0x00002d5b       0x76 C:/nxp/MCUXpressoIDE_25.6.136/ide/plugins/com.nxp.mcuxpresso.tools.win32_25.6.0.202501151204/tools/bin/../lib/gcc/arm-none-eabi/14.2.1/../../../../arm-none-eabi/lib/thumb/v7-m/nofp\libcr_nohost.a(__sys_write.o)

.debug_aranges  0x00000000      0x9d8
 .debug_aranges
                0x00000000       0x80 ./example/src/cr_startup_lpc175x_6x.o
 .debug_aranges
                0x00000080       0x20 ./example/src/sysinit.o
 .debug_aranges
                0x000000a0      0x190 ./example/src/uart_rb.o
 .debug_aranges
                0x00000230       0x38 ./example/src/ws2812b.o
 .debug_aranges
                0x00000268       0x78 C:\Users\mad23\Documents\MCUXpressoIDE_25.6.136\workspace\lpc_board_nxp_lpcxpresso_1769\Debug\liblpc_board_nxp_lpcxpresso_1769.a(board.o)
 .debug_aranges
                0x000002e0       0x38 C:\Users\mad23\Documents\MCUXpressoIDE_25.6.136\workspace\lpc_board_nxp_lpcxpresso_1769\Debug\liblpc_board_nxp_lpcxpresso_1769.a(board_sysinit.o)
 .debug_aranges
                0x00000318       0x38 C:\Users\mad23\Documents\MCUXpressoIDE_25.6.136\workspace\lpc_chip_175x_6x\Debug\liblpc_chip_175x_6x.a(chip_17xx_40xx.o)
 .debug_aranges
                0x00000350      0x120 C:\Users\mad23\Documents\MCUXpressoIDE_25.6.136\workspace\lpc_chip_175x_6x\Debug\liblpc_chip_175x_6x.a(clock_17xx_40xx.o)
 .debug_aranges
                0x00000470       0x30 C:\Users\mad23\Documents\MCUXpressoIDE_25.6.136\workspace\lpc_chip_175x_6x\Debug\liblpc_chip_175x_6x.a(iocon_17xx_40xx.o)
 .debug_aranges
                0x000004a0       0x48 C:\Users\mad23\Documents\MCUXpressoIDE_25.6.136\workspace\lpc_chip_175x_6x\Debug\liblpc_chip_175x_6x.a(ritimer_17xx_40xx.o)
 .debug_aranges
                0x000004e8       0x60 C:\Users\mad23\Documents\MCUXpressoIDE_25.6.136\workspace\lpc_chip_175x_6x\Debug\liblpc_chip_175x_6x.a(sysinit_17xx_40xx.o)
 .debug_aranges
                0x00000548      0x128 C:\Users\mad23\Documents\MCUXpressoIDE_25.6.136\workspace\lpc_chip_175x_6x\Debug\liblpc_chip_175x_6x.a(uart_17xx_40xx.o)
 .debug_aranges
                0x00000670       0x20 C:/nxp/MCUXpressoIDE_25.6.136/ide/plugins/com.nxp.mcuxpresso.tools.win32_25.6.0.202501151204/tools/bin/../lib/gcc/arm-none-eabi/14.2.1/../../../../arm-none-eabi/lib/thumb/v7-m/nofp\libcr_nohost.a(_cr__main.o)
 .debug_aranges
                0x00000690       0x20 C:/nxp/MCUXpressoIDE_25.6.136/ide/plugins/com.nxp.mcuxpresso.tools.win32_25.6.0.202501151204/tools/bin/../lib/gcc/arm-none-eabi/14.2.1/../../../../arm-none-eabi/lib/thumb/v7-m/nofp\libcr_c.a(memcpy.o)
 .debug_aranges
                0x000006b0       0x20 C:/nxp/MCUXpressoIDE_25.6.136/ide/plugins/com.nxp.mcuxpresso.tools.win32_25.6.0.202501151204/tools/bin/../lib/gcc/arm-none-eabi/14.2.1/../../../../arm-none-eabi/lib/thumb/v7-m/nofp\libcr_c.a(memset.o)
 .debug_aranges
                0x000006d0       0x28 C:/nxp/MCUXpressoIDE_25.6.136/ide/plugins/com.nxp.mcuxpresso.tools.win32_25.6.0.202501151204/tools/bin/../lib/gcc/arm-none-eabi/14.2.1/../../../../arm-none-eabi/lib/thumb/v7-m/nofp\libcr_c.a(initio.o)
 .debug_aranges
                0x000006f8       0x20 C:/nxp/MCUXpressoIDE_25.6.136/ide/plugins/com.nxp.mcuxpresso.tools.win32_25.6.0.202501151204/tools/bin/../lib/gcc/arm-none-eabi/14.2.1/../../../../arm-none-eabi/lib/thumb/v7-m/nofp\libcr_c.a(setvbuf.o)
 .debug_aranges
                0x00000718       0x20 C:/nxp/MCUXpressoIDE_25.6.136/ide/plugins/com.nxp.mcuxpresso.tools.win32_25.6.0.202501151204/tools/bin/../lib/gcc/arm-none-eabi/14.2.1/../../../../arm-none-eabi/lib/thumb/v7-m/nofp\libcr_c.a(_fdopen.o)
 .debug_aranges
                0x00000738       0x20 C:/nxp/MCUXpressoIDE_25.6.136/ide/plugins/com.nxp.mcuxpresso.tools.win32_25.6.0.202501151204/tools/bin/../lib/gcc/arm-none-eabi/14.2.1/../../../../arm-none-eabi/lib/thumb/v7-m/nofp\libcr_c.a(fclose.o)
 .debug_aranges
                0x00000758       0x20 C:/nxp/MCUXpressoIDE_25.6.136/ide/plugins/com.nxp.mcuxpresso.tools.win32_25.6.0.202501151204/tools/bin/../lib/gcc/arm-none-eabi/14.2.1/../../../../arm-none-eabi/lib/thumb/v7-m/nofp\libcr_c.a(fflush.o)
 .debug_aranges
                0x00000778       0x20 C:/nxp/MCUXpressoIDE_25.6.136/ide/plugins/com.nxp.mcuxpresso.tools.win32_25.6.0.202501151204/tools/bin/../lib/gcc/arm-none-eabi/14.2.1/../../../../arm-none-eabi/lib/thumb/v7-m/nofp\libcr_c.a(fseek.o)
 .debug_aranges
                0x00000798       0x20 C:/nxp/MCUXpressoIDE_25.6.136/ide/plugins/com.nxp.mcuxpresso.tools.win32_25.6.0.202501151204/tools/bin/../lib/gcc/arm-none-eabi/14.2.1/../../../../arm-none-eabi/lib/thumb/v7-m/nofp\libcr_c.a(ftell.o)
 .debug_aranges
                0x000007b8       0x28 C:/nxp/MCUXpressoIDE_25.6.136/ide/plugins/com.nxp.mcuxpresso.tools.win32_25.6.0.202501151204/tools/bin/../lib/gcc/arm-none-eabi/14.2.1/../../../../arm-none-eabi/lib/thumb/v7-m/nofp\libcr_c.a(remove.o)
 .debug_aranges
                0x000007e0       0x20 C:/nxp/MCUXpressoIDE_25.6.136/ide/plugins/com.nxp.mcuxpresso.tools.win32_25.6.0.202501151204/tools/bin/../lib/gcc/arm-none-eabi/14.2.1/../../../../arm-none-eabi/lib/thumb/v7-m/nofp\libcr_c.a(strlen.o)
 .debug_aranges
                0x00000800       0x20 C:/nxp/MCUXpressoIDE_25.6.136/ide/plugins/com.nxp.mcuxpresso.tools.win32_25.6.0.202501151204/tools/bin/../lib/gcc/arm-none-eabi/14.2.1/../../../../arm-none-eabi/lib/thumb/v7-m/nofp\libcr_c.a(_do_fflush.o)
 .debug_aranges
                0x00000820       0x20 C:/nxp/MCUXpressoIDE_25.6.136/ide/plugins/com.nxp.mcuxpresso.tools.win32_25.6.0.202501151204/tools/bin/../lib/gcc/arm-none-eabi/14.2.1/../../../../arm-none-eabi/lib/thumb/v7-m/nofp\libcr_c.a(_fflush.o)
 .debug_aranges
                0x00000840       0x20 C:/nxp/MCUXpressoIDE_25.6.136/ide/plugins/com.nxp.mcuxpresso.tools.win32_25.6.0.202501151204/tools/bin/../lib/gcc/arm-none-eabi/14.2.1/../../../../arm-none-eabi/lib/thumb/v7-m/nofp\libcr_c.a(_writebuf.o)
 .debug_aranges
                0x00000860       0x40 C:/nxp/MCUXpressoIDE_25.6.136/ide/plugins/com.nxp.mcuxpresso.tools.win32_25.6.0.202501151204/tools/bin/../lib/gcc/arm-none-eabi/14.2.1/../../../../arm-none-eabi/lib/thumb/v7-m/nofp\libcr_c.a(alloc.o)
 .debug_aranges
                0x000008a0       0x18 C:/nxp/MCUXpressoIDE_25.6.136/ide/plugins/com.nxp.mcuxpresso.tools.win32_25.6.0.202501151204/tools/bin/../lib/gcc/arm-none-eabi/14.2.1/../../../../arm-none-eabi/lib/thumb/v7-m/nofp\libcr_c.a(errno.o)
 .debug_aranges
                0x000008b8       0x28 C:/nxp/MCUXpressoIDE_25.6.136/ide/plugins/com.nxp.mcuxpresso.tools.win32_25.6.0.202501151204/tools/bin/../lib/gcc/arm-none-eabi/14.2.1/../../../../arm-none-eabi/lib/thumb/v7-m/nofp\libcr_c.a(_deferredlazyseek.o)
 .debug_aranges
                0x000008e0       0x18 C:/nxp/MCUXpressoIDE_25.6.136/ide/plugins/com.nxp.mcuxpresso.tools.win32_25.6.0.202501151204/tools/bin/../lib/gcc/arm-none-eabi/14.2.1/../../../../arm-none-eabi/lib/thumb/v7-m/nofp\libcr_nohost.a(__ciob.o)
 .debug_aranges
                0x000008f8       0x20 C:/nxp/MCUXpressoIDE_25.6.136/ide/plugins/com.nxp.mcuxpresso.tools.win32_25.6.0.202501151204/tools/bin/../lib/gcc/arm-none-eabi/14.2.1/../../../../arm-none-eabi/lib/thumb/v7-m/nofp\libcr_nohost.a(__sys_close.o)
 .debug_aranges
                0x00000918       0x20 C:/nxp/MCUXpressoIDE_25.6.136/ide/plugins/com.nxp.mcuxpresso.tools.win32_25.6.0.202501151204/tools/bin/../lib/gcc/arm-none-eabi/14.2.1/../../../../arm-none-eabi/lib/thumb/v7-m/nofp\libcr_nohost.a(__sys_flen.o)
 .debug_aranges
                0x00000938       0x20 C:/nxp/MCUXpressoIDE_25.6.136/ide/plugins/com.nxp.mcuxpresso.tools.win32_25.6.0.202501151204/tools/bin/../lib/gcc/arm-none-eabi/14.2.1/../../../../arm-none-eabi/lib/thumb/v7-m/nofp\libcr_nohost.a(__sys_istty.o)
 .debug_aranges
                0x00000958       0x20 C:/nxp/MCUXpressoIDE_25.6.136/ide/plugins/com.nxp.mcuxpresso.tools.win32_25.6.0.202501151204/tools/bin/../lib/gcc/arm-none-eabi/14.2.1/../../../../arm-none-eabi/lib/thumb/v7-m/nofp\libcr_nohost.a(__sys_remove.o)
 .debug_aranges
                0x00000978       0x20 C:/nxp/MCUXpressoIDE_25.6.136/ide/plugins/com.nxp.mcuxpresso.tools.win32_25.6.0.202501151204/tools/bin/../lib/gcc/arm-none-eabi/14.2.1/../../../../arm-none-eabi/lib/thumb/v7-m/nofp\libcr_nohost.a(__sys_seek.o)
 .debug_aranges
                0x00000998       0x20 C:/nxp/MCUXpressoIDE_25.6.136/ide/plugins/com.nxp.mcuxpresso.tools.win32_25.6.0.202501151204/tools/bin/../lib/gcc/arm-none-eabi/14.2.1/../../../../arm-none-eabi/lib/thumb/v7-m/nofp\libcr_nohost.a(__sys_tmpnam.o)
 .debug_aranges
                0x000009b8       0x20 C:/nxp/MCUXpressoIDE_25.6.136/ide/plugins/com.nxp.mcuxpresso.tools.win32_25.6.0.202501151204/tools/bin/../lib/gcc/arm-none-eabi/14.2.1/../../../../arm-none-eabi/lib/thumb/v7-m/nofp\libcr_nohost.a(__sys_write.o)

.debug_ranges   0x00000000      0x7c8
 .debug_ranges  0x00000000       0x70 ./example/src/cr_startup_lpc175x_6x.o
 .debug_ranges  0x00000070       0x10 ./example/src/sysinit.o
 .debug_ranges  0x00000080      0x180 ./example/src/uart_rb.o
 .debug_ranges  0x00000200       0x28 ./example/src/ws2812b.o
 .debug_ranges  0x00000228       0x68 C:\Users\mad23\Documents\MCUXpressoIDE_25.6.136\workspace\lpc_board_nxp_lpcxpresso_1769\Debug\liblpc_board_nxp_lpcxpresso_1769.a(board.o)
 .debug_ranges  0x00000290       0x28 C:\Users\mad23\Documents\MCUXpressoIDE_25.6.136\workspace\lpc_board_nxp_lpcxpresso_1769\Debug\liblpc_board_nxp_lpcxpresso_1769.a(board_sysinit.o)
 .debug_ranges  0x000002b8       0x28 C:\Users\mad23\Documents\MCUXpressoIDE_25.6.136\workspace\lpc_chip_175x_6x\Debug\liblpc_chip_175x_6x.a(chip_17xx_40xx.o)
 .debug_ranges  0x000002e0      0x110 C:\Users\mad23\Documents\MCUXpressoIDE_25.6.136\workspace\lpc_chip_175x_6x\Debug\liblpc_chip_175x_6x.a(clock_17xx_40xx.o)
 .debug_ranges  0x000003f0       0x20 C:\Users\mad23\Documents\MCUXpressoIDE_25.6.136\workspace\lpc_chip_175x_6x\Debug\liblpc_chip_175x_6x.a(iocon_17xx_40xx.o)
 .debug_ranges  0x00000410       0x38 C:\Users\mad23\Documents\MCUXpressoIDE_25.6.136\workspace\lpc_chip_175x_6x\Debug\liblpc_chip_175x_6x.a(ritimer_17xx_40xx.o)
 .debug_ranges  0x00000448       0x50 C:\Users\mad23\Documents\MCUXpressoIDE_25.6.136\workspace\lpc_chip_175x_6x\Debug\liblpc_chip_175x_6x.a(sysinit_17xx_40xx.o)
 .debug_ranges  0x00000498      0x118 C:\Users\mad23\Documents\MCUXpressoIDE_25.6.136\workspace\lpc_chip_175x_6x\Debug\liblpc_chip_175x_6x.a(uart_17xx_40xx.o)
 .debug_ranges  0x000005b0       0x10 C:/nxp/MCUXpressoIDE_25.6.136/ide/plugins/com.nxp.mcuxpresso.tools.win32_25.6.0.202501151204/tools/bin/../lib/gcc/arm-none-eabi/14.2.1/../../../../arm-none-eabi/lib/thumb/v7-m/nofp\libcr_nohost.a(_cr__main.o)
 .debug_ranges  0x000005c0       0x10 C:/nxp/MCUXpressoIDE_25.6.136/ide/plugins/com.nxp.mcuxpresso.tools.win32_25.6.0.202501151204/tools/bin/../lib/gcc/arm-none-eabi/14.2.1/../../../../arm-none-eabi/lib/thumb/v7-m/nofp\libcr_c.a(memcpy.o)
 .debug_ranges  0x000005d0       0x10 C:/nxp/MCUXpressoIDE_25.6.136/ide/plugins/com.nxp.mcuxpresso.tools.win32_25.6.0.202501151204/tools/bin/../lib/gcc/arm-none-eabi/14.2.1/../../../../arm-none-eabi/lib/thumb/v7-m/nofp\libcr_c.a(memset.o)
 .debug_ranges  0x000005e0       0x18 C:/nxp/MCUXpressoIDE_25.6.136/ide/plugins/com.nxp.mcuxpresso.tools.win32_25.6.0.202501151204/tools/bin/../lib/gcc/arm-none-eabi/14.2.1/../../../../arm-none-eabi/lib/thumb/v7-m/nofp\libcr_c.a(initio.o)
 .debug_ranges  0x000005f8       0x10 C:/nxp/MCUXpressoIDE_25.6.136/ide/plugins/com.nxp.mcuxpresso.tools.win32_25.6.0.202501151204/tools/bin/../lib/gcc/arm-none-eabi/14.2.1/../../../../arm-none-eabi/lib/thumb/v7-m/nofp\libcr_c.a(setvbuf.o)
 .debug_ranges  0x00000608       0x10 C:/nxp/MCUXpressoIDE_25.6.136/ide/plugins/com.nxp.mcuxpresso.tools.win32_25.6.0.202501151204/tools/bin/../lib/gcc/arm-none-eabi/14.2.1/../../../../arm-none-eabi/lib/thumb/v7-m/nofp\libcr_c.a(_fdopen.o)
 .debug_ranges  0x00000618       0x10 C:/nxp/MCUXpressoIDE_25.6.136/ide/plugins/com.nxp.mcuxpresso.tools.win32_25.6.0.202501151204/tools/bin/../lib/gcc/arm-none-eabi/14.2.1/../../../../arm-none-eabi/lib/thumb/v7-m/nofp\libcr_c.a(fclose.o)
 .debug_ranges  0x00000628       0x28 C:/nxp/MCUXpressoIDE_25.6.136/ide/plugins/com.nxp.mcuxpresso.tools.win32_25.6.0.202501151204/tools/bin/../lib/gcc/arm-none-eabi/14.2.1/../../../../arm-none-eabi/lib/thumb/v7-m/nofp\libcr_c.a(fflush.o)
 .debug_ranges  0x00000650       0x10 C:/nxp/MCUXpressoIDE_25.6.136/ide/plugins/com.nxp.mcuxpresso.tools.win32_25.6.0.202501151204/tools/bin/../lib/gcc/arm-none-eabi/14.2.1/../../../../arm-none-eabi/lib/thumb/v7-m/nofp\libcr_c.a(fseek.o)
 .debug_ranges  0x00000660       0x10 C:/nxp/MCUXpressoIDE_25.6.136/ide/plugins/com.nxp.mcuxpresso.tools.win32_25.6.0.202501151204/tools/bin/../lib/gcc/arm-none-eabi/14.2.1/../../../../arm-none-eabi/lib/thumb/v7-m/nofp\libcr_c.a(ftell.o)
 .debug_ranges  0x00000670       0x18 C:/nxp/MCUXpressoIDE_25.6.136/ide/plugins/com.nxp.mcuxpresso.tools.win32_25.6.0.202501151204/tools/bin/../lib/gcc/arm-none-eabi/14.2.1/../../../../arm-none-eabi/lib/thumb/v7-m/nofp\libcr_c.a(remove.o)
 .debug_ranges  0x00000688       0x10 C:/nxp/MCUXpressoIDE_25.6.136/ide/plugins/com.nxp.mcuxpresso.tools.win32_25.6.0.202501151204/tools/bin/../lib/gcc/arm-none-eabi/14.2.1/../../../../arm-none-eabi/lib/thumb/v7-m/nofp\libcr_c.a(strlen.o)
 .debug_ranges  0x00000698       0x28 C:/nxp/MCUXpressoIDE_25.6.136/ide/plugins/com.nxp.mcuxpresso.tools.win32_25.6.0.202501151204/tools/bin/../lib/gcc/arm-none-eabi/14.2.1/../../../../arm-none-eabi/lib/thumb/v7-m/nofp\libcr_c.a(_do_fflush.o)
 .debug_ranges  0x000006c0       0x10 C:/nxp/MCUXpressoIDE_25.6.136/ide/plugins/com.nxp.mcuxpresso.tools.win32_25.6.0.202501151204/tools/bin/../lib/gcc/arm-none-eabi/14.2.1/../../../../arm-none-eabi/lib/thumb/v7-m/nofp\libcr_c.a(_fflush.o)
 .debug_ranges  0x000006d0       0x10 C:/nxp/MCUXpressoIDE_25.6.136/ide/plugins/com.nxp.mcuxpresso.tools.win32_25.6.0.202501151204/tools/bin/../lib/gcc/arm-none-eabi/14.2.1/../../../../arm-none-eabi/lib/thumb/v7-m/nofp\libcr_c.a(_writebuf.o)
 .debug_ranges  0x000006e0       0x48 C:/nxp/MCUXpressoIDE_25.6.136/ide/plugins/com.nxp.mcuxpresso.tools.win32_25.6.0.202501151204/tools/bin/../lib/gcc/arm-none-eabi/14.2.1/../../../../arm-none-eabi/lib/thumb/v7-m/nofp\libcr_c.a(alloc.o)
 .debug_ranges  0x00000728       0x30 C:/nxp/MCUXpressoIDE_25.6.136/ide/plugins/com.nxp.mcuxpresso.tools.win32_25.6.0.202501151204/tools/bin/../lib/gcc/arm-none-eabi/14.2.1/../../../../arm-none-eabi/lib/thumb/v7-m/nofp\libcr_c.a(_deferredlazyseek.o)
 .debug_ranges  0x00000758       0x10 C:/nxp/MCUXpressoIDE_25.6.136/ide/plugins/com.nxp.mcuxpresso.tools.win32_25.6.0.202501151204/tools/bin/../lib/gcc/arm-none-eabi/14.2.1/../../../../arm-none-eabi/lib/thumb/v7-m/nofp\libcr_nohost.a(__sys_close.o)
 .debug_ranges  0x00000768       0x10 C:/nxp/MCUXpressoIDE_25.6.136/ide/plugins/com.nxp.mcuxpresso.tools.win32_25.6.0.202501151204/tools/bin/../lib/gcc/arm-none-eabi/14.2.1/../../../../arm-none-eabi/lib/thumb/v7-m/nofp\libcr_nohost.a(__sys_flen.o)
 .debug_ranges  0x00000778       0x10 C:/nxp/MCUXpressoIDE_25.6.136/ide/plugins/com.nxp.mcuxpresso.tools.win32_25.6.0.202501151204/tools/bin/../lib/gcc/arm-none-eabi/14.2.1/../../../../arm-none-eabi/lib/thumb/v7-m/nofp\libcr_nohost.a(__sys_istty.o)
 .debug_ranges  0x00000788       0x10 C:/nxp/MCUXpressoIDE_25.6.136/ide/plugins/com.nxp.mcuxpresso.tools.win32_25.6.0.202501151204/tools/bin/../lib/gcc/arm-none-eabi/14.2.1/../../../../arm-none-eabi/lib/thumb/v7-m/nofp\libcr_nohost.a(__sys_remove.o)
 .debug_ranges  0x00000798       0x10 C:/nxp/MCUXpressoIDE_25.6.136/ide/plugins/com.nxp.mcuxpresso.tools.win32_25.6.0.202501151204/tools/bin/../lib/gcc/arm-none-eabi/14.2.1/../../../../arm-none-eabi/lib/thumb/v7-m/nofp\libcr_nohost.a(__sys_seek.o)
 .debug_ranges  0x000007a8       0x10 C:/nxp/MCUXpressoIDE_25.6.136/ide/plugins/com.nxp.mcuxpresso.tools.win32_25.6.0.202501151204/tools/bin/../lib/gcc/arm-none-eabi/14.2.1/../../../../arm-none-eabi/lib/thumb/v7-m/nofp\libcr_nohost.a(__sys_tmpnam.o)
 .debug_ranges  0x000007b8       0x10 C:/nxp/MCUXpressoIDE_25.6.136/ide/plugins/com.nxp.mcuxpresso.tools.win32_25.6.0.202501151204/tools/bin/../lib/gcc/arm-none-eabi/14.2.1/../../../../arm-none-eabi/lib/thumb/v7-m/nofp\libcr_nohost.a(__sys_write.o)

.debug_macro    0x00000000     0x4f59
 .debug_macro   0x00000000       0x1d ./example/src/cr_startup_lpc175x_6x.o
 .debug_macro   0x0000001d      0xad8 ./example/src/cr_startup_lpc175x_6x.o
 .debug_macro   0x00000af5      0x1ef ./example/src/sysinit.o
 .debug_macro   0x00000ce4       0x10 ./example/src/sysinit.o
 .debug_macro   0x00000cf4      0x12e ./example/src/sysinit.o
 .debug_macro   0x00000e22      0x5b3 ./example/src/sysinit.o
 .debug_macro   0x000013d5       0x22 ./example/src/sysinit.o
 .debug_macro   0x000013f7       0x7b ./example/src/sysinit.o
 .debug_macro   0x00001472       0x10 ./example/src/sysinit.o
 .debug_macro   0x00001482       0x2d ./example/src/sysinit.o
 .debug_macro   0x000014af       0x3a ./example/src/sysinit.o
 .debug_macro   0x000014e9       0x2d ./example/src/sysinit.o
 .debug_macro   0x00001516      0xbb1 ./example/src/sysinit.o
 .debug_macro   0x000020c7      0x22c ./example/src/sysinit.o
 .debug_macro   0x000022f3       0x42 ./example/src/sysinit.o
 .debug_macro   0x00002335       0x52 ./example/src/sysinit.o
 .debug_macro   0x00002387       0x78 ./example/src/sysinit.o
 .debug_macro   0x000023ff       0x82 ./example/src/sysinit.o
 .debug_macro   0x00002481      0x48c ./example/src/sysinit.o
 .debug_macro   0x0000290d       0x34 ./example/src/sysinit.o
 .debug_macro   0x00002941      0x4c5 ./example/src/sysinit.o
 .debug_macro   0x00002e06      0x1b7 ./example/src/sysinit.o
 .debug_macro   0x00002fbd       0x10 ./example/src/sysinit.o
 .debug_macro   0x00002fcd      0x21b ./example/src/sysinit.o
 .debug_macro   0x000031e8      0x1b9 ./example/src/sysinit.o
 .debug_macro   0x000033a1       0x40 ./example/src/sysinit.o
 .debug_macro   0x000033e1       0x22 ./example/src/sysinit.o
 .debug_macro   0x00003403      0x162 ./example/src/sysinit.o
 .debug_macro   0x00003565       0x94 ./example/src/sysinit.o
 .debug_macro   0x000035f9       0xb8 ./example/src/sysinit.o
 .debug_macro   0x000036b1       0x4c ./example/src/sysinit.o
 .debug_macro   0x000036fd       0x16 ./example/src/sysinit.o
 .debug_macro   0x00003713      0x328 ./example/src/sysinit.o
 .debug_macro   0x00003a3b       0x49 ./example/src/sysinit.o
 .debug_macro   0x00003a84       0x16 ./example/src/sysinit.o
 .debug_macro   0x00003a9a       0xca ./example/src/sysinit.o
 .debug_macro   0x00003b64       0x18 ./example/src/sysinit.o
 .debug_macro   0x00003b7c       0x10 ./example/src/sysinit.o
 .debug_macro   0x00003b8c       0x1c ./example/src/sysinit.o
 .debug_macro   0x00003ba8      0x29e ./example/src/uart_rb.o
 .debug_macro   0x00003e46       0x16 ./example/src/uart_rb.o
 .debug_macro   0x00003e5c       0x10 ./example/src/uart_rb.o
 .debug_macro   0x00003e6c      0x1f9 ./example/src/ws2812b.o
 .debug_macro   0x00004065      0x237 C:\Users\mad23\Documents\MCUXpressoIDE_25.6.136\workspace\lpc_board_nxp_lpcxpresso_1769\Debug\liblpc_board_nxp_lpcxpresso_1769.a(board.o)
 .debug_macro   0x0000429c      0x1ef C:\Users\mad23\Documents\MCUXpressoIDE_25.6.136\workspace\lpc_board_nxp_lpcxpresso_1769\Debug\liblpc_board_nxp_lpcxpresso_1769.a(board_sysinit.o)
 .debug_macro   0x0000448b      0x1cd C:\Users\mad23\Documents\MCUXpressoIDE_25.6.136\workspace\lpc_chip_175x_6x\Debug\liblpc_chip_175x_6x.a(chip_17xx_40xx.o)
 .debug_macro   0x00004658      0x1cd C:\Users\mad23\Documents\MCUXpressoIDE_25.6.136\workspace\lpc_chip_175x_6x\Debug\liblpc_chip_175x_6x.a(clock_17xx_40xx.o)
 .debug_macro   0x00004825      0x1cd C:\Users\mad23\Documents\MCUXpressoIDE_25.6.136\workspace\lpc_chip_175x_6x\Debug\liblpc_chip_175x_6x.a(iocon_17xx_40xx.o)
 .debug_macro   0x000049f2      0x1cd C:\Users\mad23\Documents\MCUXpressoIDE_25.6.136\workspace\lpc_chip_175x_6x\Debug\liblpc_chip_175x_6x.a(ritimer_17xx_40xx.o)
 .debug_macro   0x00004bbf      0x1cd C:\Users\mad23\Documents\MCUXpressoIDE_25.6.136\workspace\lpc_chip_175x_6x\Debug\liblpc_chip_175x_6x.a(sysinit_17xx_40xx.o)
 .debug_macro   0x00004d8c      0x1cd C:\Users\mad23\Documents\MCUXpressoIDE_25.6.136\workspace\lpc_chip_175x_6x\Debug\liblpc_chip_175x_6x.a(uart_17xx_40xx.o)

.debug_line     0x00000000     0x76cb
 .debug_line    0x00000000      0x126 ./example/src/cr_startup_lpc175x_6x.o
 .debug_line    0x00000126      0x502 ./example/src/sysinit.o
 .debug_line    0x00000628     0x126e ./example/src/uart_rb.o
 .debug_line    0x00001896      0x896 ./example/src/ws2812b.o
 .debug_line    0x0000212c      0x691 C:\Users\mad23\Documents\MCUXpressoIDE_25.6.136\workspace\lpc_board_nxp_lpcxpresso_1769\Debug\liblpc_board_nxp_lpcxpresso_1769.a(board.o)
 .debug_line    0x000027bd      0x551 C:\Users\mad23\Documents\MCUXpressoIDE_25.6.136\workspace\lpc_board_nxp_lpcxpresso_1769\Debug\liblpc_board_nxp_lpcxpresso_1769.a(board_sysinit.o)
 .debug_line    0x00002d0e      0x50e C:\Users\mad23\Documents\MCUXpressoIDE_25.6.136\workspace\lpc_chip_175x_6x\Debug\liblpc_chip_175x_6x.a(chip_17xx_40xx.o)
 .debug_line    0x0000321c      0x9a3 C:\Users\mad23\Documents\MCUXpressoIDE_25.6.136\workspace\lpc_chip_175x_6x\Debug\liblpc_chip_175x_6x.a(clock_17xx_40xx.o)
 .debug_line    0x00003bbf      0x510 C:\Users\mad23\Documents\MCUXpressoIDE_25.6.136\workspace\lpc_chip_175x_6x\Debug\liblpc_chip_175x_6x.a(iocon_17xx_40xx.o)
 .debug_line    0x000040cf      0x52b C:\Users\mad23\Documents\MCUXpressoIDE_25.6.136\workspace\lpc_chip_175x_6x\Debug\liblpc_chip_175x_6x.a(ritimer_17xx_40xx.o)
 .debug_line    0x000045fa      0x5fd C:\Users\mad23\Documents\MCUXpressoIDE_25.6.136\workspace\lpc_chip_175x_6x\Debug\liblpc_chip_175x_6x.a(sysinit_17xx_40xx.o)
 .debug_line    0x00004bf7      0xa95 C:\Users\mad23\Documents\MCUXpressoIDE_25.6.136\workspace\lpc_chip_175x_6x\Debug\liblpc_chip_175x_6x.a(uart_17xx_40xx.o)
 .debug_line    0x0000568c       0xc4 C:/nxp/MCUXpressoIDE_25.6.136/ide/plugins/com.nxp.mcuxpresso.tools.win32_25.6.0.202501151204/tools/bin/../lib/gcc/arm-none-eabi/14.2.1/../../../../arm-none-eabi/lib/thumb/v7-m/nofp\libcr_nohost.a(_cr__main.o)
 .debug_line    0x00005750      0x10b C:/nxp/MCUXpressoIDE_25.6.136/ide/plugins/com.nxp.mcuxpresso.tools.win32_25.6.0.202501151204/tools/bin/../lib/gcc/arm-none-eabi/14.2.1/../../../../arm-none-eabi/lib/thumb/v7-m/nofp\libcr_c.a(memcpy.o)
 .debug_line    0x0000585b       0xb3 C:/nxp/MCUXpressoIDE_25.6.136/ide/plugins/com.nxp.mcuxpresso.tools.win32_25.6.0.202501151204/tools/bin/../lib/gcc/arm-none-eabi/14.2.1/../../../../arm-none-eabi/lib/thumb/v7-m/nofp\libcr_c.a(memset.o)
 .debug_line    0x0000590e      0x1b9 C:/nxp/MCUXpressoIDE_25.6.136/ide/plugins/com.nxp.mcuxpresso.tools.win32_25.6.0.202501151204/tools/bin/../lib/gcc/arm-none-eabi/14.2.1/../../../../arm-none-eabi/lib/thumb/v7-m/nofp\libcr_c.a(initio.o)
 .debug_line    0x00005ac7      0x15c C:/nxp/MCUXpressoIDE_25.6.136/ide/plugins/com.nxp.mcuxpresso.tools.win32_25.6.0.202501151204/tools/bin/../lib/gcc/arm-none-eabi/14.2.1/../../../../arm-none-eabi/lib/thumb/v7-m/nofp\libcr_c.a(setvbuf.o)
 .debug_line    0x00005c23      0x18c C:/nxp/MCUXpressoIDE_25.6.136/ide/plugins/com.nxp.mcuxpresso.tools.win32_25.6.0.202501151204/tools/bin/../lib/gcc/arm-none-eabi/14.2.1/../../../../arm-none-eabi/lib/thumb/v7-m/nofp\libcr_c.a(_fdopen.o)
 .debug_line    0x00005daf      0x17e C:/nxp/MCUXpressoIDE_25.6.136/ide/plugins/com.nxp.mcuxpresso.tools.win32_25.6.0.202501151204/tools/bin/../lib/gcc/arm-none-eabi/14.2.1/../../../../arm-none-eabi/lib/thumb/v7-m/nofp\libcr_c.a(fclose.o)
 .debug_line    0x00005f2d      0x151 C:/nxp/MCUXpressoIDE_25.6.136/ide/plugins/com.nxp.mcuxpresso.tools.win32_25.6.0.202501151204/tools/bin/../lib/gcc/arm-none-eabi/14.2.1/../../../../arm-none-eabi/lib/thumb/v7-m/nofp\libcr_c.a(fflush.o)
 .debug_line    0x0000607e      0x2a5 C:/nxp/MCUXpressoIDE_25.6.136/ide/plugins/com.nxp.mcuxpresso.tools.win32_25.6.0.202501151204/tools/bin/../lib/gcc/arm-none-eabi/14.2.1/../../../../arm-none-eabi/lib/thumb/v7-m/nofp\libcr_c.a(fseek.o)
 .debug_line    0x00006323      0x17a C:/nxp/MCUXpressoIDE_25.6.136/ide/plugins/com.nxp.mcuxpresso.tools.win32_25.6.0.202501151204/tools/bin/../lib/gcc/arm-none-eabi/14.2.1/../../../../arm-none-eabi/lib/thumb/v7-m/nofp\libcr_c.a(ftell.o)
 .debug_line    0x0000649d      0x15c C:/nxp/MCUXpressoIDE_25.6.136/ide/plugins/com.nxp.mcuxpresso.tools.win32_25.6.0.202501151204/tools/bin/../lib/gcc/arm-none-eabi/14.2.1/../../../../arm-none-eabi/lib/thumb/v7-m/nofp\libcr_c.a(remove.o)
 .debug_line    0x000065f9      0x141 C:/nxp/MCUXpressoIDE_25.6.136/ide/plugins/com.nxp.mcuxpresso.tools.win32_25.6.0.202501151204/tools/bin/../lib/gcc/arm-none-eabi/14.2.1/../../../../arm-none-eabi/lib/thumb/v7-m/nofp\libcr_c.a(strlen.o)
 .debug_line    0x0000673a      0x16c C:/nxp/MCUXpressoIDE_25.6.136/ide/plugins/com.nxp.mcuxpresso.tools.win32_25.6.0.202501151204/tools/bin/../lib/gcc/arm-none-eabi/14.2.1/../../../../arm-none-eabi/lib/thumb/v7-m/nofp\libcr_c.a(_do_fflush.o)
 .debug_line    0x000068a6      0x18f C:/nxp/MCUXpressoIDE_25.6.136/ide/plugins/com.nxp.mcuxpresso.tools.win32_25.6.0.202501151204/tools/bin/../lib/gcc/arm-none-eabi/14.2.1/../../../../arm-none-eabi/lib/thumb/v7-m/nofp\libcr_c.a(_fflush.o)
 .debug_line    0x00006a35      0x1a8 C:/nxp/MCUXpressoIDE_25.6.136/ide/plugins/com.nxp.mcuxpresso.tools.win32_25.6.0.202501151204/tools/bin/../lib/gcc/arm-none-eabi/14.2.1/../../../../arm-none-eabi/lib/thumb/v7-m/nofp\libcr_c.a(_writebuf.o)
 .debug_line    0x00006bdd      0x3ed C:/nxp/MCUXpressoIDE_25.6.136/ide/plugins/com.nxp.mcuxpresso.tools.win32_25.6.0.202501151204/tools/bin/../lib/gcc/arm-none-eabi/14.2.1/../../../../arm-none-eabi/lib/thumb/v7-m/nofp\libcr_c.a(alloc.o)
 .debug_line    0x00006fca       0x86 C:/nxp/MCUXpressoIDE_25.6.136/ide/plugins/com.nxp.mcuxpresso.tools.win32_25.6.0.202501151204/tools/bin/../lib/gcc/arm-none-eabi/14.2.1/../../../../arm-none-eabi/lib/thumb/v7-m/nofp\libcr_c.a(errno.o)
 .debug_line    0x00007050      0x36f C:/nxp/MCUXpressoIDE_25.6.136/ide/plugins/com.nxp.mcuxpresso.tools.win32_25.6.0.202501151204/tools/bin/../lib/gcc/arm-none-eabi/14.2.1/../../../../arm-none-eabi/lib/thumb/v7-m/nofp\libcr_c.a(_deferredlazyseek.o)
 .debug_line    0x000073bf       0xea C:/nxp/MCUXpressoIDE_25.6.136/ide/plugins/com.nxp.mcuxpresso.tools.win32_25.6.0.202501151204/tools/bin/../lib/gcc/arm-none-eabi/14.2.1/../../../../arm-none-eabi/lib/thumb/v7-m/nofp\libcr_nohost.a(__ciob.o)
 .debug_line    0x000074a9       0x4e C:/nxp/MCUXpressoIDE_25.6.136/ide/plugins/com.nxp.mcuxpresso.tools.win32_25.6.0.202501151204/tools/bin/../lib/gcc/arm-none-eabi/14.2.1/../../../../arm-none-eabi/lib/thumb/v7-m/nofp\libcr_nohost.a(__sys_close.o)
 .debug_line    0x000074f7       0x4d C:/nxp/MCUXpressoIDE_25.6.136/ide/plugins/com.nxp.mcuxpresso.tools.win32_25.6.0.202501151204/tools/bin/../lib/gcc/arm-none-eabi/14.2.1/../../../../arm-none-eabi/lib/thumb/v7-m/nofp\libcr_nohost.a(__sys_flen.o)
 .debug_line    0x00007544       0x4e C:/nxp/MCUXpressoIDE_25.6.136/ide/plugins/com.nxp.mcuxpresso.tools.win32_25.6.0.202501151204/tools/bin/../lib/gcc/arm-none-eabi/14.2.1/../../../../arm-none-eabi/lib/thumb/v7-m/nofp\libcr_nohost.a(__sys_istty.o)
 .debug_line    0x00007592       0x4f C:/nxp/MCUXpressoIDE_25.6.136/ide/plugins/com.nxp.mcuxpresso.tools.win32_25.6.0.202501151204/tools/bin/../lib/gcc/arm-none-eabi/14.2.1/../../../../arm-none-eabi/lib/thumb/v7-m/nofp\libcr_nohost.a(__sys_remove.o)
 .debug_line    0x000075e1       0x4d C:/nxp/MCUXpressoIDE_25.6.136/ide/plugins/com.nxp.mcuxpresso.tools.win32_25.6.0.202501151204/tools/bin/../lib/gcc/arm-none-eabi/14.2.1/../../../../arm-none-eabi/lib/thumb/v7-m/nofp\libcr_nohost.a(__sys_seek.o)
 .debug_line    0x0000762e       0x4f C:/nxp/MCUXpressoIDE_25.6.136/ide/plugins/com.nxp.mcuxpresso.tools.win32_25.6.0.202501151204/tools/bin/../lib/gcc/arm-none-eabi/14.2.1/../../../../arm-none-eabi/lib/thumb/v7-m/nofp\libcr_nohost.a(__sys_tmpnam.o)
 .debug_line    0x0000767d       0x4e C:/nxp/MCUXpressoIDE_25.6.136/ide/plugins/com.nxp.mcuxpresso.tools.win32_25.6.0.202501151204/tools/bin/../lib/gcc/arm-none-eabi/14.2.1/../../../../arm-none-eabi/lib/thumb/v7-m/nofp\libcr_nohost.a(__sys_write.o)

.debug_str      0x00000000    0x13bab
 .debug_str     0x00000000    0x13bab ./example/src/cr_startup_lpc175x_6x.o
                               0x305a (size before relaxing)
 .debug_str     0x00013bab    0x10ee6 ./example/src/sysinit.o
 .debug_str     0x00013bab    0x12263 ./example/src/uart_rb.o
 .debug_str     0x00013bab    0x10f7a ./example/src/ws2812b.o
 .debug_str     0x00013bab    0x1170d C:\Users\mad23\Documents\MCUXpressoIDE_25.6.136\workspace\lpc_board_nxp_lpcxpresso_1769\Debug\liblpc_board_nxp_lpcxpresso_1769.a(board.o)
 .debug_str     0x00013bab    0x115de C:\Users\mad23\Documents\MCUXpressoIDE_25.6.136\workspace\lpc_board_nxp_lpcxpresso_1769\Debug\liblpc_board_nxp_lpcxpresso_1769.a(board_sysinit.o)
 .debug_str     0x00013bab    0x114ba C:\Users\mad23\Documents\MCUXpressoIDE_25.6.136\workspace\lpc_chip_175x_6x\Debug\liblpc_chip_175x_6x.a(chip_17xx_40xx.o)
 .debug_str     0x00013bab    0x11ab5 C:\Users\mad23\Documents\MCUXpressoIDE_25.6.136\workspace\lpc_chip_175x_6x\Debug\liblpc_chip_175x_6x.a(clock_17xx_40xx.o)
 .debug_str     0x00013bab    0x10f1b C:\Users\mad23\Documents\MCUXpressoIDE_25.6.136\workspace\lpc_chip_175x_6x\Debug\liblpc_chip_175x_6x.a(iocon_17xx_40xx.o)
 .debug_str     0x00013bab    0x11483 C:\Users\mad23\Documents\MCUXpressoIDE_25.6.136\workspace\lpc_chip_175x_6x\Debug\liblpc_chip_175x_6x.a(ritimer_17xx_40xx.o)
 .debug_str     0x00013bab    0x1116e C:\Users\mad23\Documents\MCUXpressoIDE_25.6.136\workspace\lpc_chip_175x_6x\Debug\liblpc_chip_175x_6x.a(sysinit_17xx_40xx.o)
 .debug_str     0x00013bab    0x11a1a C:\Users\mad23\Documents\MCUXpressoIDE_25.6.136\workspace\lpc_chip_175x_6x\Debug\liblpc_chip_175x_6x.a(uart_17xx_40xx.o)
 .debug_str     0x00013bab      0x166 C:/nxp/MCUXpressoIDE_25.6.136/ide/plugins/com.nxp.mcuxpresso.tools.win32_25.6.0.202501151204/tools/bin/../lib/gcc/arm-none-eabi/14.2.1/../../../../arm-none-eabi/lib/thumb/v7-m/nofp\libcr_nohost.a(_cr__main.o)
 .debug_str     0x00013bab      0x1b7 C:/nxp/MCUXpressoIDE_25.6.136/ide/plugins/com.nxp.mcuxpresso.tools.win32_25.6.0.202501151204/tools/bin/../lib/gcc/arm-none-eabi/14.2.1/../../../../arm-none-eabi/lib/thumb/v7-m/nofp\libcr_c.a(memcpy.o)
 .debug_str     0x00013bab      0x180 C:/nxp/MCUXpressoIDE_25.6.136/ide/plugins/com.nxp.mcuxpresso.tools.win32_25.6.0.202501151204/tools/bin/../lib/gcc/arm-none-eabi/14.2.1/../../../../arm-none-eabi/lib/thumb/v7-m/nofp\libcr_c.a(memset.o)
 .debug_str     0x00013bab      0x23d C:/nxp/MCUXpressoIDE_25.6.136/ide/plugins/com.nxp.mcuxpresso.tools.win32_25.6.0.202501151204/tools/bin/../lib/gcc/arm-none-eabi/14.2.1/../../../../arm-none-eabi/lib/thumb/v7-m/nofp\libcr_c.a(initio.o)
 .debug_str     0x00013bab      0x233 C:/nxp/MCUXpressoIDE_25.6.136/ide/plugins/com.nxp.mcuxpresso.tools.win32_25.6.0.202501151204/tools/bin/../lib/gcc/arm-none-eabi/14.2.1/../../../../arm-none-eabi/lib/thumb/v7-m/nofp\libcr_c.a(setvbuf.o)
 .debug_str     0x00013bab      0x230 C:/nxp/MCUXpressoIDE_25.6.136/ide/plugins/com.nxp.mcuxpresso.tools.win32_25.6.0.202501151204/tools/bin/../lib/gcc/arm-none-eabi/14.2.1/../../../../arm-none-eabi/lib/thumb/v7-m/nofp\libcr_c.a(_fdopen.o)
 .debug_str     0x00013bab      0x247 C:/nxp/MCUXpressoIDE_25.6.136/ide/plugins/com.nxp.mcuxpresso.tools.win32_25.6.0.202501151204/tools/bin/../lib/gcc/arm-none-eabi/14.2.1/../../../../arm-none-eabi/lib/thumb/v7-m/nofp\libcr_c.a(fclose.o)
 .debug_str     0x00013bab      0x235 C:/nxp/MCUXpressoIDE_25.6.136/ide/plugins/com.nxp.mcuxpresso.tools.win32_25.6.0.202501151204/tools/bin/../lib/gcc/arm-none-eabi/14.2.1/../../../../arm-none-eabi/lib/thumb/v7-m/nofp\libcr_c.a(fflush.o)
 .debug_str     0x00013bab      0x237 C:/nxp/MCUXpressoIDE_25.6.136/ide/plugins/com.nxp.mcuxpresso.tools.win32_25.6.0.202501151204/tools/bin/../lib/gcc/arm-none-eabi/14.2.1/../../../../arm-none-eabi/lib/thumb/v7-m/nofp\libcr_c.a(fseek.o)
 .debug_str     0x00013bab      0x214 C:/nxp/MCUXpressoIDE_25.6.136/ide/plugins/com.nxp.mcuxpresso.tools.win32_25.6.0.202501151204/tools/bin/../lib/gcc/arm-none-eabi/14.2.1/../../../../arm-none-eabi/lib/thumb/v7-m/nofp\libcr_c.a(ftell.o)
 .debug_str     0x00013bab      0x1d3 C:/nxp/MCUXpressoIDE_25.6.136/ide/plugins/com.nxp.mcuxpresso.tools.win32_25.6.0.202501151204/tools/bin/../lib/gcc/arm-none-eabi/14.2.1/../../../../arm-none-eabi/lib/thumb/v7-m/nofp\libcr_c.a(remove.o)
 .debug_str     0x00013bab      0x17a C:/nxp/MCUXpressoIDE_25.6.136/ide/plugins/com.nxp.mcuxpresso.tools.win32_25.6.0.202501151204/tools/bin/../lib/gcc/arm-none-eabi/14.2.1/../../../../arm-none-eabi/lib/thumb/v7-m/nofp\libcr_c.a(strlen.o)