Archive member included to satisfy reference by file (symbol)

C:\Users\mad23\Documents\MCUXpressoIDE_25.6.136\workspace\lpc_board_nxp_lpcxpresso_1769\Debug\liblpc_board_nxp_lpcxpresso_1769.a(board.o)
                              ./example/src/uart_rb.o (Board_Relay_Set)
C:\Users\mad23\Documents\MCUXpressoIDE_25.6.136\workspace\lpc_board_nxp_lpcxpresso_1769\Debug\liblpc_board_nxp_lpcxpresso_1769.a(board_sysinit.o)
                              ./example/src/sysinit.o (Board_SystemInit)
C:\Users\mad23\Documents\MCUXpressoIDE_25.6.136\workspace\lpc_chip_175x_6x\Debug\liblpc_chip_175x_6x.a(chip_17xx_40xx.o)
                              ./freertos/src/port.o (SystemCoreClock)
C:\Users\mad23\Documents\MCUXpressoIDE_25.6.136\workspace\lpc_chip_175x_6x\Debug\liblpc_chip_175x_6x.a(clock_17xx_40xx.o)
                              C:\Users\mad23\Documents\MCUXpressoIDE_25.6.136\workspace\lpc_chip_175x_6x\Debug\liblpc_chip_175x_6x.a(chip_17xx_40xx.o) (Chip_Clock_EnablePLL)
C:\Users\mad23\Documents\MCUXpressoIDE_25.6.136\workspace\lpc_chip_175x_6x\Debug\liblpc_chip_175x_6x.a(iocon_17xx_40xx.o)
                              C:\Users\mad23\Documents\MCUXpressoIDE_25.6.136\workspace\lpc_board_nxp_lpcxpresso_1769\Debug\liblpc_board_nxp_lpcxpresso_1769.a(board_sysinit.o) (Chip_IOCON_SetPinMuxing)
C:\Users\mad23\Documents\MCUXpressoIDE_25.6.136\workspace\lpc_chip_175x_6x\Debug\liblpc_chip_175x_6x.a(ritimer_17xx_40xx.o)
                              ./example/src/uart_rb.o (Chip_RIT_Init)
C:\Users\mad23\Documents\MCUXpressoIDE_25.6.136\workspace\lpc_chip_175x_6x\Debug\liblpc_chip_175x_6x.a(sysinit_17xx_40xx.o)
                              C:\Users\mad23\Documents\MCUXpressoIDE_25.6.136\workspace\lpc_board_nxp_lpcxpresso_1769\Debug\liblpc_board_nxp_lpcxpresso_1769.a(board_sysinit.o) (Chip_SetupXtalClocking)
C:\Users\mad23\Documents\MCUXpressoIDE_25.6.136\workspace\lpc_chip_175x_6x\Debug\liblpc_chip_175x_6x.a(uart_17xx_40xx.o)
                              ./example/src/uart_rb.o (Chip_UART_Init)
C:\Users\mad23\Documents\MCUXpressoIDE_25.6.136\workspace\lpc_chip_175x_6x\Debug\liblpc_chip_175x_6x.a(ring_buffer.o)
                              C:\Users\mad23\Documents\MCUXpressoIDE_25.6.136\workspace\lpc_chip_175x_6x\Debug\liblpc_chip_175x_6x.a(uart_17xx_40xx.o) (RingBuffer_Insert)
C:/nxp/MCUXpressoIDE_25.6.136/ide/plugins/com.nxp.mcuxpresso.tools.win32_25.6.0.202501151204/tools/bin/../lib/gcc/arm-none-eabi/14.2.1/../../../../arm-none-eabi/lib/thumb/v7-m/nofp\libcr_nohost.a(_cr__main.o)
                              ./example/src/cr_startup_lpc175x_6x.o (__main)
C:/nxp/MCUXpressoIDE_25.6.136/ide/plugins/com.nxp.mcuxpresso.tools.win32_25.6.0.202501151204/tools/bin/../lib/gcc/arm-none-eabi/14.2.1/../../../../arm-none-eabi/lib/thumb/v7-m/nofp\libcr_c.a(memcpy.o)
                              ./freertos/src/queue.o (memcpy)
C:/nxp/MCUXpressoIDE_25.6.136/ide/plugins/com.nxp.mcuxpresso.tools.win32_25.6.0.202501151204/tools/bin/../lib/gcc/arm-none-eabi/14.2.1/../../../../arm-none-eabi/lib/thumb/v7-m/nofp\libcr_c.a(memset.o)
                              ./freertos/src/tasks.o (memset)
C:/nxp/MCUXpressoIDE_25.6.136/ide/plugins/com.nxp.mcuxpresso.tools.win32_25.6.0.202501151204/tools/bin/../lib/gcc/arm-none-eabi/14.2.1/../../../../arm-none-eabi/lib/thumb/v7-m/nofp\libcr_c.a(alloc.o)
                              ./freertos/src/heap_3.o (malloc)
C:/nxp/MCUXpressoIDE_25.6.136/ide/plugins/com.nxp.mcuxpresso.tools.win32_25.6.0.202501151204/tools/bin/../lib/gcc/arm-none-eabi/14.2.1/../../../../arm-none-eabi/lib/thumb/v7-m/nofp\libcr_c.a(initio.o)
                              C:/nxp/MCUXpressoIDE_25.6.136/ide/plugins/com.nxp.mcuxpresso.tools.win32_25.6.0.202501151204/tools/bin/../lib/gcc/arm-none-eabi/14.2.1/../../../../arm-none-eabi/lib/thumb/v7-m/nofp\libcr_nohost.a(_cr__main.o) (_initio)
C:/nxp/MCUXpressoIDE_25.6.136/ide/plugins/com.nxp.mcuxpresso.tools.win32_25.6.0.202501151204/tools/bin/../lib/gcc/arm-none-eabi/14.2.1/../../../../arm-none-eabi/lib/thumb/v7-m/nofp\libcr_c.a(setvbuf.o)
                              C:/nxp/MCUXpressoIDE_25.6.136/ide/plugins/com.nxp.mcuxpresso.tools.win32_25.6.0.202501151204/tools/bin/../lib/gcc/arm-none-eabi/14.2.1/../../../../arm-none-eabi/lib/thumb/v7-m/nofp\libcr_c.a(initio.o) (setvbuf)
C:/nxp/MCUXpressoIDE_25.6.136/ide/plugins/com.nxp.mcuxpresso.tools.win32_25.6.0.202501151204/tools/bin/../lib/gcc/arm-none-eabi/14.2.1/../../../../arm-none-eabi/lib/thumb/v7-m/nofp\libcr_c.a(__init_alloc.o)
                              C:/nxp/MCUXpressoIDE_25.6.136/ide/plugins/com.nxp.mcuxpresso.tools.win32_25.6.0.202501151204/tools/bin/../lib/gcc/arm-none-eabi/14.2.1/../../../../arm-none-eabi/lib/thumb/v7-m/nofp\libcr_c.a(alloc.o) (__heaps)
C:/nxp/MCUXpressoIDE_25.6.136/ide/plugins/com.nxp.mcuxpresso.tools.win32_25.6.0.202501151204/tools/bin/../lib/gcc/arm-none-eabi/14.2.1/../../../../arm-none-eabi/lib/thumb/v7-m/nofp\libcr_c.a(_cr_sbrk.o)
[...]
Memory Configuration

Name             Origin             Length             Attributes
MFlash512        0x00000000         0x00080000         xr
RamLoc32         0x10000000         0x00008000         xrw
RamAHB32         0x2007c000         0x00008000         xrw
*default*        0x00000000         0xffffffff

Linker script and memory map

LOAD ./freertos/src/FreeRTOSCommonHooks.o
LOAD ./freertos/src/heap_3.o
LOAD ./freertos/src/list.o
LOAD ./freertos/src/port.o
LOAD ./freertos/src/queue.o
LOAD ./freertos/src/tasks.o
LOAD ./example/src/cr_startup_lpc175x_6x.o
LOAD ./example/src/sysinit.o
LOAD ./example/src/uart_rb.o
LOAD C:\Users\mad23\Documents\MCUXpressoIDE_25.6.136\workspace\lpc_board_nxp_lpcxpresso_1769\Debug\liblpc_board_nxp_lpcxpresso_1769.a
LOAD C:\Users\mad23\Documents\MCUXpressoIDE_25.6.136\workspace\lpc_chip_175x_6x\Debug\liblpc_chip_175x_6x.a
START GROUP
LOAD C:/nxp/MCUXpressoIDE_25.6.136/ide/plugins/com.nxp.mcuxpresso.tools.win32_25.6.0.202501151204/tools/bin/../lib/gcc/arm-none-eabi/14.2.1/../../../../arm-none-eabi/lib/thumb/v7-m/nofp\libcr_nohost.a
LOAD C:/nxp/MCUXpressoIDE_25.6.136/ide/plugins/com.nxp.mcuxpresso.tools.win32_25.6.0.202501151204/tools/bin/../lib/gcc/arm-none-eabi/14.2.1/../../../../arm-none-eabi/lib/thumb/v7-m/nofp\libcr_c.a
LOAD C:/nxp/MCUXpressoIDE_25.6.136/ide/plugins/com.nxp.mcuxpresso.tools.win32_25.6.0.202501151204/tools/bin/../lib/gcc/arm-none-eabi/14.2.1/thumb/v7-m/nofp\libcr_eabihelpers.a
LOAD C:/nxp/MCUXpressoIDE_25.6.136/ide/plugins/com.nxp.mcuxpresso.tools.win32_25.6.0.202501151204/tools/bin/../lib/gcc/arm-none-eabi/14.2.1/thumb/v7-m/nofp\libgcc.a
END GROUP
                0x00000000                        __base_MFlash512 = 0x0
                0x00000000                        __base_Flash = 0x0
                0x00080000                        __top_MFlash512 = 0x80000
                0x00080000                        __top_Flash = 0x80000
                0x10000000                        __base_RamLoc32 = 0x10000000
                0x10000000                        __base_RAM = 0x10000000
                0x10008000                        __top_RamLoc32 = 0x10008000
                0x10008000                        __top_RAM = 0x10008000
                0x2007c000                        __base_RamAHB32 = 0x2007c000
                0x2007c000                        __base_RAM2 = 0x2007c000
                0x20084000                        __top_RamAHB32 = 0x20084000
                0x20084000                        __top_RAM2 = 0x20084000

.text           0x00000000     0x3acc
 FILL mask 0xff
                0x00000000                        __vectors_start__ = ABSOLUTE (.)
 *(.isr_vector)
 .isr_vector    0x00000000       0xcc ./example/src/cr_startup_lpc175x_6x.o
                0x00000000                g_pfnVectors
                0x000000cc                        . = ALIGN (0x4)
                0x000000cc                        __section_table_start = .
                0x000000cc                        __data_section_table = .
                0x000000cc        0x4 LONG 0x3acc LOADADDR (.data)
                0x000000d0        0x4 LONG 0x10000000 ADDR (.data)
                0x000000d4        0x4 LONG 0xc SIZEOF (.data)
                0x000000d8        0x4 LONG 0x3acc LOADADDR (.data_RAM2)
                0x000000dc        0x4 LONG 0x2007c000 ADDR (.data_RAM2)
                0x000000e0        0x4 LONG 0x0 SIZEOF (.data_RAM2)
                0x000000e4                        __data_section_table_end = .
                0x000000e4                        __bss_section_table = .
                0x000000e4        0x4 LONG 0x1000000c ADDR (.bss)
                0x000000e8        0x4 LONG 0x408 SIZEOF (.bss)
                0x000000ec        0x4 LONG 0x2007c000 ADDR (.bss_RAM2)
                0x000000f0        0x4 LONG 0x0 SIZEOF (.bss_RAM2)
                0x000000f4                        __bss_section_table_end = .
                0x000000f4                        __section_table_end = .
 *(.after_vectors*)
 .after_vectors
                0x000000f4      0x148 ./example/src/cr_startup_lpc175x_6x.o
                0x000000f4                data_init
                0x00000138                bss_init
                0x00000170                ResetISR
                0x000001ec                NMI_Handler
                0x000001f4                HardFault_Handler
                0x000001fc                MemManage_Handler
                0x00000204                BusFault_Handler
                0x0000020c                UsageFault_Handler
                0x0000021c                DebugMon_Handler
                0x00000234                CANActivity_IRQHandler
                0x00000234                TIMER3_IRQHandler
                0x00000234                PWM1_IRQHandler
                0x00000234                EINT3_IRQHandler
                0x00000234                EINT2_IRQHandler
                0x00000234                IntDefaultHandler
                0x00000234                PLL0_IRQHandler
                0x00000234                CAN_IRQHandler
                0x00000234                PLL1_IRQHandler
                0x00000234                SSP0_IRQHandler
                0x00000234                USBActivity_IRQHandler
                0x00000234                I2C2_IRQHandler
                0x00000234                RTC_IRQHandler
                0x00000234                TIMER0_IRQHandler
                0x00000234                SPI_IRQHandler
                0x00000234                I2C0_IRQHandler
                0x00000234                EINT1_IRQHandler
                0x00000234                TIMER1_IRQHandler
                0x00000234                UART2_IRQHandler
                0x00000234                ADC_IRQHandler
                0x00000234                SSP1_IRQHandler
                0x00000234                USB_IRQHandler
                0x00000234                BOD_IRQHandler
                0x00000234                I2C1_IRQHandler
                0x00000234                WDT_IRQHandler
                0x00000234                QEI_IRQHandler
                0x00000234                EINT0_IRQHandler
                0x00000234                ETH_IRQHandler
                0x00000234                I2S_IRQHandler
                0x00000234                DMA_IRQHandler
                0x00000234                TIMER2_IRQHandler
                0x00000234                UART3_IRQHandler
                0x00000234                MCPWM_IRQHandler
 *(.text*)
 .text.vApplicationIdleHook
                0x0000023c       0x10 ./freertos/src/FreeRTOSCommonHooks.o
                0x0000023c                vApplicationIdleHook
 .text.pvPortMalloc
                0x0000024c       0x22 ./freertos/src/heap_3.o
                0x0000024c                pvPortMalloc
 .text.vPortFree
                0x0000026e       0x24 ./freertos/src/heap_3.o
                0x0000026e                vPortFree
 .text.vListInitialise
                0x00000292       0x3e ./freertos/src/list.o
                0x00000292                vListInitialise
 .text.vListInitialiseItem
                0x000002d0       0x18 ./freertos/src/list.o
                0x000002d0                vListInitialiseItem
 .text.vListInsertEnd
                0x000002e8       0x46 ./freertos/src/list.o
                0x000002e8                vListInsertEnd
 .text.vListInsert
                0x0000032e       0x70 ./freertos/src/list.o
                0x0000032e                vListInsert
 .text.uxListRemove
                0x0000039e       0x52 ./freertos/src/list.o
                0x0000039e                uxListRemove
 .text.pxPortInitialiseStack
                0x000003f0       0x54 ./freertos/src/port.o
                0x000003f0                pxPortInitialiseStack
 .text.prvTaskExitError
                0x00000444        0xc ./freertos/src/port.o
 .text.SVC_Handler
                0x00000450       0x24 ./freertos/src/port.o
                0x00000450                SVC_Handler
 .text.prvPortStartFirstTask
                0x00000474       0x18 ./freertos/src/port.o
 .text.xPortStartScheduler
                0x0000048c       0x38 ./freertos/src/port.o
                0x0000048c                xPortStartScheduler
 .text.vPortYield
                0x000004c4       0x20 ./freertos/src/port.o
                0x000004c4                vPortYield
 .text.vPortEnterCritical
                0x000004e4       0x24 ./freertos/src/port.o
                0x000004e4                vPortEnterCritical
 .text.vPortExitCritical
                0x00000508       0x24 ./freertos/src/port.o
                0x00000508                vPortExitCritical
 .text.ulPortSetInterruptMask
                0x0000052c       0x12 ./freertos/src/port.o
                0x0000052c                ulPortSetInterruptMask
 .text.vPortClearInterruptMask
                0x0000053e        0x8 ./freertos/src/port.o
                0x0000053e                vPortClearInterruptMask
 *fill*         0x00000546        0x2 ff
 .text.PendSV_Handler
                0x00000548       0x40 ./freertos/src/port.o
                0x00000548                PendSV_Handler
 .text.SysTick_Handler
                0x00000588       0x28 ./freertos/src/port.o
                0x00000588                SysTick_Handler
 .text.vPortSetupTimerInterrupt
                0x000005b0       0x34 ./freertos/src/port.o
                0x000005b0                vPortSetupTimerInterrupt
 .text.xQueueGenericReset
                0x000005e4       0xa4 ./freertos/src/queue.o
                0x000005e4                xQueueGenericReset
 .text.xQueueGenericCreate
                0x00000688       0x78 ./freertos/src/queue.o
                0x00000688                xQueueGenericCreate
 .text.xQueueCreateMutex
                0x00000700       0x84 ./freertos/src/queue.o
                0x00000700                xQueueCreateMutex
 .text.xQueueGenericSend
                0x00000784      0x110 ./freertos/src/queue.o
                0x00000784                xQueueGenericSend
 .text.xQueueGenericSendFromISR
                0x00000894       0x88 ./freertos/src/queue.o
                0x00000894                xQueueGenericSendFromISR
 .text.xQueueGenericReceive
                0x0000091c      0x16c ./freertos/src/queue.o
                0x0000091c                xQueueGenericReceive
 .text.uxQueueMessagesWaiting
                0x00000a88       0x20 ./freertos/src/queue.o
                0x00000a88                uxQueueMessagesWaiting
 .text.prvCopyDataToQueue
                0x00000aa8       0xce ./freertos/src/queue.o
 .text.prvCopyDataFromQueue
                0x00000b76       0x4c ./freertos/src/queue.o
 .text.prvUnlockQueue
                0x00000bc2       0x98 ./freertos/src/queue.o
 .text.prvIsQueueEmpty
                0x00000c5a       0x2c ./freertos/src/queue.o
 .text.prvIsQueueFull
                0x00000c86       0x30 ./freertos/src/queue.o
 *fill*         0x00000cb6        0x2 ff
 .text.xTaskGenericCreate
                0x00000cb8      0x140 ./freertos/src/tasks.o
                0x00000cb8                xTaskGenericCreate
 .text.vTaskStartScheduler
                0x00000df8       0x58 ./freertos/src/tasks.o
                0x00000df8                vTaskStartScheduler
 .text.vTaskSuspendAll
                0x00000e50       0x1c ./freertos/src/tasks.o
                0x00000e50                vTaskSuspendAll
 .text.xTaskResumeAll
                0x00000e6c       0xfc ./freertos/src/tasks.o
                0x00000e6c                xTaskResumeAll
 .text.xTaskGetTickCount
                0x00000f68       0x24 ./freertos/src/tasks.o
                0x00000f68                xTaskGetTickCount
 .text.xTaskIncrementTick
                0x00000f8c      0x18c ./freertos/src/tasks.o
                0x00000f8c                xTaskIncrementTick
 .text.vTaskSwitchContext
                0x00001118       0x98 ./freertos/src/tasks.o
                0x00001118                vTaskSwitchContext
 .text.vTaskPlaceOnEventList
                0x000011b0       0x60 ./freertos/src/tasks.o
                0x000011b0                vTaskPlaceOnEventList
 .text.xTaskRemoveFromEventList
                0x00001210       0xac ./freertos/src/tasks.o
                0x00001210                xTaskRemoveFromEventList
 .text.vTaskSetTimeOutState
                0x000012bc       0x2c ./freertos/src/tasks.o
                0x000012bc                vTaskSetTimeOutState
 .text.xTaskCheckForTimeOut
                0x000012e8       0x88 ./freertos/src/tasks.o
                0x000012e8                xTaskCheckForTimeOut
 .text.vTaskMissedYield
                0x00001370       0x18 ./freertos/src/tasks.o
                0x00001370                vTaskMissedYield
 .text.prvIdleTask
                0x00001388       0x24 ./freertos/src/tasks.o
 .text.prvInitialiseTCBVariables
                0x000013ac       0x98 ./freertos/src/tasks.o
 .text.prvInitialiseTaskLists
                0x00001444       0x80 ./freertos/src/tasks.o
 .text.prvCheckTasksWaitingTermination
                0x000014c4       0x78 ./freertos/src/tasks.o
 .text.prvAddCurrentTaskToDelayedList
                0x0000153c       0x6c ./freertos/src/tasks.o
 .text.prvAllocateTCBAndStack
                0x000015a8       0x62 ./freertos/src/tasks.o
 .text.prvDeleteTCB
                0x0000160a       0x20 ./freertos/src/tasks.o
 *fill*         0x0000162a        0x2 ff
 .text.xTaskGetCurrentTaskHandle
                0x0000162c       0x1c ./freertos/src/tasks.o
                0x0000162c                xTaskGetCurrentTaskHandle
 .text.vTaskPriorityInherit
                0x00001648       0xb4 ./freertos/src/tasks.o
                0x00001648                vTaskPriorityInherit
 .text.vTaskPriorityDisinherit
                0x000016fc       0x7c ./freertos/src/tasks.o
                0x000016fc                vTaskPriorityDisinherit
 .text.SystemInit
                0x00001778       0x24 ./example/src/sysinit.o
                0x00001778                SystemInit
 .text.NVIC_EnableIRQ
                0x0000179c       0x30 ./example/src/uart_rb.o
 .text.NVIC_SetPriority
                0x000017cc       0x54 ./example/src/uart_rb.o
 .text.Chip_RIT_ClearInt
                0x00001820       0x1e ./example/src/uart_rb.o
 .text.Chip_UART_ReadByte
                0x0000183e       0x18 ./example/src/uart_rb.o
 .text.Chip_UART_IntEnable
                0x00001856       0x20 ./example/src/uart_rb.o
 .text.Chip_UART_SetupFIFOS
                0x00001876       0x1a ./example/src/uart_rb.o
 .text.Chip_UART_ConfigData
                0x00001890       0x1a ./example/src/uart_rb.o
 .text.Chip_UART_ReadLineStatus
                0x000018aa       0x16 ./example/src/uart_rb.o
 .text.per_connector_period_ms
                0x000018c0       0x28 ./example/src/uart_rb.o
 .text.recompute_alive_ttl_locked
                0x000018e8       0x40 ./example/src/uart_rb.o
 .text.alive_mark_seen_locked
                0x00001928       0x30 ./example/src/uart_rb.o
 .text.is_alive_locked
                0x00001958       0x58 ./example/src/uart_rb.o
 .text.uart_send_blocking
                0x000019b0       0x20 ./example/src/uart_rb.o
 .text.build_slave_ping_broadcast
                0x000019d0       0x34 ./example/src/uart_rb.o
 .text.build_slave_ping_addr
                0x00001a04       0x4c ./example/src/uart_rb.o
 .text.build_slave_led_on
                0x00001a50       0x50 ./example/src/uart_rb.o
 .text.build_slave_led_off_all
                0x00001aa0       0x38 ./example/src/uart_rb.o
 .text.build_status_locked
                0x00001ad8      0x100 ./example/src/uart_rb.o
 .text.app_tx_has_pending
                0x00001bd8       0x24 ./example/src/uart_rb.o
 .text.enqueue_status_frame_urgent_replace
                0x00001bfc       0x78 ./example/src/uart_rb.o
 .text.enqueue_status_frame_coalesced
                0x00001c74       0x74 ./example/src/uart_rb.o
 .text.slv_tx_wake
                0x00001ce8       0x24 ./example/src/uart_rb.o
 .text.handle_upload_map
                0x00001d0c       0xd0 ./example/src/uart_rb.o
 .text.handle_led_ctrl
                0x00001ddc       0x7c ./example/src/uart_rb.o
 .text.handle_led_reset
                0x00001e58       0x4c ./example/src/uart_rb.o
 .text.handle_relay_set
                0x00001ea4       0x3e ./example/src/uart_rb.o
 *fill*         0x00001ee2        0x2 ff
 .text.RIT_IRQHandler
                0x00001ee4       0xc4 ./example/src/uart_rb.o
                0x00001ee4                RIT_IRQHandler
 .text.init_rit
                0x00001fa8       0x30 ./example/src/uart_rb.o
 .text.UART0_IRQHandler
                0x00001fd8       0x58 ./example/src/uart_rb.o
                0x00001fd8                UART0_IRQHandler
 .text.UART1_IRQHandler
                0x00002030       0x58 ./example/src/uart_rb.o
                0x00002030                UART1_IRQHandler
 .text.Task_AppParser
                0x00002088      0x1a0 ./example/src/uart_rb.o
 .text.Task_SlvRxParser
                0x00002228      0x124 ./example/src/uart_rb.o
 .text.Task_SlvTx
                0x0000234c       0xd8 ./example/src/uart_rb.o
 .text.Task_AppTx
                0x00002424       0x3c ./example/src/uart_rb.o
 .text.init_uart_app
                0x00002460       0x48 ./example/src/uart_rb.o
 .text.init_uart_slave
                0x000024a8       0x48 ./example/src/uart_rb.o
 .text.main     0x000024f0      0x1bc ./example/src/uart_rb.o
                0x000024f0                main
 .text.Chip_IOCON_Init
                0x000026ac       0x16 C:\Users\mad23\Documents\MCUXpressoIDE_25.6.136\workspace\lpc_board_nxp_lpcxpresso_1769\Debug\liblpc_board_nxp_lpcxpresso_1769.a(board.o)
 .text.Chip_GPIO_Init
                0x000026c2       0x16 C:\Users\mad23\Documents\MCUXpressoIDE_25.6.136\workspace\lpc_board_nxp_lpcxpresso_1769\Debug\liblpc_board_nxp_lpcxpresso_1769.a(board.o)
 .text.Chip_GPIO_SetPinState
                0x000026d8       0x64 C:\Users\mad23\Documents\MCUXpressoIDE_25.6.136\workspace\lpc_board_nxp_lpcxpresso_1769\Debug\liblpc_board_nxp_lpcxpresso_1769.a(board.o)
 .text.Chip_GPIO_WritePortBit
                0x0000273c       0x2c C:\Users\mad23\Documents\MCUXpressoIDE_25.6.136\workspace\lpc_board_nxp_lpcxpresso_1769\Debug\liblpc_board_nxp_lpcxpresso_1769.a(board.o)
 .text.Chip_GPIO_SetPinDIROutput
                0x00002768       0x36 C:\Users\mad23\Documents\MCUXpressoIDE_25.6.136\workspace\lpc_board_nxp_lpcxpresso_1769\Debug\liblpc_board_nxp_lpcxpresso_1769.a(board.o)
 .text.Chip_GPIO_SetPinDIRInput
                0x0000279e       0x3a C:\Users\mad23\Documents\MCUXpressoIDE_25.6.136\workspace\lpc_board_nxp_lpcxpresso_1769\Debug\liblpc_board_nxp_lpcxpresso_1769.a(board.o)
 .text.Chip_GPIO_SetPinDIR
                0x000027d8       0x42 C:\Users\mad23\Documents\MCUXpressoIDE_25.6.136\workspace\lpc_board_nxp_lpcxpresso_1769\Debug\liblpc_board_nxp_lpcxpresso_1769.a(board.o)
 .text.Chip_GPIO_WriteDirBit
                0x0000281a       0x2e C:\Users\mad23\Documents\MCUXpressoIDE_25.6.136\workspace\lpc_board_nxp_lpcxpresso_1769\Debug\liblpc_board_nxp_lpcxpresso_1769.a(board.o)
 .text.Board_Relays_Init
                0x00002848       0x58 C:\Users\mad23\Documents\MCUXpressoIDE_25.6.136\workspace\lpc_board_nxp_lpcxpresso_1769\Debug\liblpc_board_nxp_lpcxpresso_1769.a(board.o)
                0x00002848                Board_Relays_Init
 .text.Board_Relay_Set
                0x000028a0       0x4c C:\Users\mad23\Documents\MCUXpressoIDE_25.6.136\workspace\lpc_board_nxp_lpcxpresso_1769\Debug\liblpc_board_nxp_lpcxpresso_1769.a(board.o)
                0x000028a0                Board_Relay_Set
 .text.Board_Init
                0x000028ec       0x20 C:\Users\mad23\Documents\MCUXpressoIDE_25.6.136\workspace\lpc_board_nxp_lpcxpresso_1769\Debug\liblpc_board_nxp_lpcxpresso_1769.a(board.o)
                0x000028ec                Board_Init
 .text.Chip_SYSCTL_SetFLASHAccess
                0x0000290c       0x30 C:\Users\mad23\Documents\MCUXpressoIDE_25.6.136\workspace\lpc_board_nxp_lpcxpresso_1769\Debug\liblpc_board_nxp_lpcxpresso_1769.a(board_sysinit.o)
 .text.Board_SetupMuxing
                0x0000293c       0x1c C:\Users\mad23\Documents\MCUXpressoIDE_25.6.136\workspace\lpc_board_nxp_lpcxpresso_1769\Debug\liblpc_board_nxp_lpcxpresso_1769.a(board_sysinit.o)
                0x0000293c                Board_SetupMuxing
 .text.Board_SetupClocking
                0x00002958       0x12 C:\Users\mad23\Documents\MCUXpressoIDE_25.6.136\workspace\lpc_board_nxp_lpcxpresso_1769\Debug\liblpc_board_nxp_lpcxpresso_1769.a(board_sysinit.o)
                0x00002958                Board_SetupClocking
 .text.Board_SystemInit
                0x0000296a       0x10 C:\Users\mad23\Documents\MCUXpressoIDE_25.6.136\workspace\lpc_board_nxp_lpcxpresso_1769\Debug\liblpc_board_nxp_lpcxpresso_1769.a(board_sysinit.o)
                0x0000296a                Board_SystemInit
 *fill*         0x0000297a        0x2 ff
 .text.SystemCoreClockUpdate
                0x0000297c       0x18 C:\Users\mad23\Documents\MCUXpressoIDE_25.6.136\workspace\lpc_chip_175x_6x\Debug\liblpc_chip_175x_6x.a(chip_17xx_40xx.o)
                0x0000297c                SystemCoreClockUpdate
 .text.Chip_Clock_IsMainPLLEnabled
                0x00002994       0x24 C:\Users\mad23\Documents\MCUXpressoIDE_25.6.136\workspace\lpc_chip_175x_6x\Debug\liblpc_chip_175x_6x.a(clock_17xx_40xx.o)
 .text.Chip_Clock_IsMainPLLConnected
                0x000029b8       0x24 C:\Users\mad23\Documents\MCUXpressoIDE_25.6.136\workspace\lpc_chip_175x_6x\Debug\liblpc_chip_175x_6x.a(clock_17xx_40xx.o)
 .text.Chip_Clock_FeedPLL
                0x000029dc       0x34 C:\Users\mad23\Documents\MCUXpressoIDE_25.6.136\workspace\lpc_chip_175x_6x\Debug\liblpc_chip_175x_6x.a(clock_17xx_40xx.o)
 .text.Chip_Clock_GetMainPLLSource
                0x00002a10       0x20 C:\Users\mad23\Documents\MCUXpressoIDE_25.6.136\workspace\lpc_chip_175x_6x\Debug\liblpc_chip_175x_6x.a(clock_17xx_40xx.o)
 .text.Chip_Clock_GetMainOscRate
                0x00002a30       0x14 C:\Users\mad23\Documents\MCUXpressoIDE_25.6.136\workspace\lpc_chip_175x_6x\Debug\liblpc_chip_175x_6x.a(clock_17xx_40xx.o)
 .text.Chip_Clock_GetIntOscRate
                0x00002a44       0x14 C:\Users\mad23\Documents\MCUXpressoIDE_25.6.136\workspace\lpc_chip_175x_6x\Debug\liblpc_chip_175x_6x.a(clock_17xx_40xx.o)
 .text.Chip_Clock_GetRTCOscRate
                0x00002a58       0x14 C:\Users\mad23\Documents\MCUXpressoIDE_25.6.136\workspace\lpc_chip_175x_6x\Debug\liblpc_chip_175x_6x.a(clock_17xx_40xx.o)
 .text.Chip_Clock_GetMainPLLInClockRate
                0x00002a6c        0xe C:\Users\mad23\Documents\MCUXpressoIDE_25.6.136\workspace\lpc_chip_175x_6x\Debug\liblpc_chip_175x_6x.a(clock_17xx_40xx.o)
 *fill*         0x00002a7a        0x2 ff
 .text.Chip_Clock_EnablePLL
                0x00002a7c       0x44 C:\Users\mad23\Documents\MCUXpressoIDE_25.6.136\workspace\lpc_chip_175x_6x\Debug\liblpc_chip_175x_6x.a(clock_17xx_40xx.o)
                0x00002a7c                Chip_Clock_EnablePLL
 .text.Chip_Clock_DisablePLL
                0x00002ac0       0x48 C:\Users\mad23\Documents\MCUXpressoIDE_25.6.136\workspace\lpc_chip_175x_6x\Debug\liblpc_chip_175x_6x.a(clock_17xx_40xx.o)
                0x00002ac0                Chip_Clock_DisablePLL
 .text.Chip_Clock_SetupPLL
                0x00002b08       0x5c C:\Users\mad23\Documents\MCUXpressoIDE_25.6.136\workspace\lpc_chip_175x_6x\Debug\liblpc_chip_175x_6x.a(clock_17xx_40xx.o)
                0x00002b08                Chip_Clock_SetupPLL
 .text.Chip_Clock_EnablePeriphClock
                0x00002b64       0x34 C:\Users\mad23\Documents\MCUXpressoIDE_25.6.136\workspace\lpc_chip_175x_6x\Debug\liblpc_chip_175x_6x.a(clock_17xx_40xx.o)
                0x00002b64                Chip_Clock_EnablePeriphClock
 .text.Chip_Clock_GetCPUClockSource
                0x00002b98       0x24 C:\Users\mad23\Documents\MCUXpressoIDE_25.6.136\workspace\lpc_chip_175x_6x\Debug\liblpc_chip_175x_6x.a(clock_17xx_40xx.o)
                0x00002b98                Chip_Clock_GetCPUClockSource
 .text.Chip_Clock_SetCPUClockDiv
                0x00002bbc       0x20 C:\Users\mad23\Documents\MCUXpressoIDE_25.6.136\workspace\lpc_chip_175x_6x\Debug\liblpc_chip_175x_6x.a(clock_17xx_40xx.o)
                0x00002bbc                Chip_Clock_SetCPUClockDiv
 .text.Chip_Clock_GetCPUClockDiv
                0x00002bdc       0x1c C:\Users\mad23\Documents\MCUXpressoIDE_25.6.136\workspace\lpc_chip_175x_6x\Debug\liblpc_chip_175x_6x.a(clock_17xx_40xx.o)
                0x00002bdc                Chip_Clock_GetCPUClockDiv
 .text.Chip_Clock_GetPCLKDiv
                0x00002bf8       0x8c C:\Users\mad23\Documents\MCUXpressoIDE_25.6.136\workspace\lpc_chip_175x_6x\Debug\liblpc_chip_175x_6x.a(clock_17xx_40xx.o)
                0x00002bf8                Chip_Clock_GetPCLKDiv
 .text.Chip_Clock_GetSYSCLKRate
                0x00002c84       0x3a C:\Users\mad23\Documents\MCUXpressoIDE_25.6.136\workspace\lpc_chip_175x_6x\Debug\liblpc_chip_175x_6x.a(clock_17xx_40xx.o)
                0x00002c84                Chip_Clock_GetSYSCLKRate
 *fill*         0x00002cbe        0x2 ff
 .text.Chip_Clock_GetMainPLLOutClockRate
                0x00002cc0       0x54 C:\Users\mad23\Documents\MCUXpressoIDE_25.6.136\workspace\lpc_chip_175x_6x\Debug\liblpc_chip_175x_6x.a(clock_17xx_40xx.o)
                0x00002cc0                Chip_Clock_GetMainPLLOutClockRate
 .text.Chip_Clock_GetMainClockRate
                0x00002d14       0x28 C:\Users\mad23\Documents\MCUXpressoIDE_25.6.136\workspace\lpc_chip_175x_6x\Debug\liblpc_chip_175x_6x.a(clock_17xx_40xx.o)
                0x00002d14                Chip_Clock_GetMainClockRate
 .text.Chip_Clock_GetSystemClockRate
                0x00002d3c       0x18 C:\Users\mad23\Documents\MCUXpressoIDE_25.6.136\workspace\lpc_chip_175x_6x\Debug\liblpc_chip_175x_6x.a(clock_17xx_40xx.o)
                0x00002d3c                Chip_Clock_GetSystemClockRate
 .text.Chip_Clock_GetPeripheralClockRate
                0x00002d54       0x26 C:\Users\mad23\Documents\MCUXpressoIDE_25.6.136\workspace\lpc_chip_175x_6x\Debug\liblpc_chip_175x_6x.a(clock_17xx_40xx.o)
                0x00002d54                Chip_Clock_GetPeripheralClockRate
 .text.Chip_IOCON_PinMuxSet
                0x00002d7a       0x36 C:\Users\mad23\Documents\MCUXpressoIDE_25.6.136\workspace\lpc_chip_175x_6x\Debug\liblpc_chip_175x_6x.a(iocon_17xx_40xx.o)
                0x00002d7a                Chip_IOCON_PinMuxSet
 .text.Chip_IOCON_PinMux
                0x00002db0       0x94 C:\Users\mad23\Documents\MCUXpressoIDE_25.6.136\workspace\lpc_chip_175x_6x\Debug\liblpc_chip_175x_6x.a(iocon_17xx_40xx.o)
                0x00002db0                Chip_IOCON_PinMux
 .text.Chip_IOCON_SetPinMuxing
                0x00002e44       0x64 C:\Users\mad23\Documents\MCUXpressoIDE_25.6.136\workspace\lpc_chip_175x_6x\Debug\liblpc_chip_175x_6x.a(iocon_17xx_40xx.o)
                0x00002e44                Chip_IOCON_SetPinMuxing
 .text.Chip_RIT_SetCOMPVAL
                0x00002ea8       0x1a C:\Users\mad23\Documents\MCUXpressoIDE_25.6.136\workspace\lpc_chip_175x_6x\Debug\liblpc_chip_175x_6x.a(ritimer_17xx_40xx.o)
 .text.Chip_RIT_EnableCTRL
                0x00002ec2       0x20 C:\Users\mad23\Documents\MCUXpressoIDE_25.6.136\workspace\lpc_chip_175x_6x\Debug\liblpc_chip_175x_6x.a(ritimer_17xx_40xx.o)
 .text.Chip_RIT_Init
                0x00002ee2       0x30 C:\Users\mad23\Documents\MCUXpressoIDE_25.6.136\workspace\lpc_chip_175x_6x\Debug\liblpc_chip_175x_6x.a(ritimer_17xx_40xx.o)
                0x00002ee2                Chip_RIT_Init
 *fill*         0x00002f12        0x2 ff
 .text.Chip_RIT_SetTimerInterval
                0x00002f14       0x40 C:\Users\mad23\Documents\MCUXpressoIDE_25.6.136\workspace\lpc_chip_175x_6x\Debug\liblpc_chip_175x_6x.a(ritimer_17xx_40xx.o)
                0x00002f14                Chip_RIT_SetTimerInterval
 .text.Chip_Clock_IsMainPLLEnabled
                0x00002f54       0x24 C:\Users\mad23\Documents\MCUXpressoIDE_25.6.136\workspace\lpc_chip_175x_6x\Debug\liblpc_chip_175x_6x.a(sysinit_17xx_40xx.o)
 .text.Chip_Clock_IsMainPLLLocked
                0x00002f78       0x24 C:\Users\mad23\Documents\MCUXpressoIDE_25.6.136\workspace\lpc_chip_175x_6x\Debug\liblpc_chip_175x_6x.a(sysinit_17xx_40xx.o)
 .text.Chip_Clock_IsMainPLLConnected
                0x00002f9c       0x24 C:\Users\mad23\Documents\MCUXpressoIDE_25.6.136\workspace\lpc_chip_175x_6x\Debug\liblpc_chip_175x_6x.a(sysinit_17xx_40xx.o)
 .text.Chip_Clock_EnableCrystal
                0x00002fc0       0x20 C:\Users\mad23\Documents\MCUXpressoIDE_25.6.136\workspace\lpc_chip_175x_6x\Debug\liblpc_chip_175x_6x.a(sysinit_17xx_40xx.o)
 .text.Chip_Clock_IsCrystalEnabled
                0x00002fe0       0x24 C:\Users\mad23\Documents\MCUXpressoIDE_25.6.136\workspace\lpc_chip_175x_6x\Debug\liblpc_chip_175x_6x.a(sysinit_17xx_40xx.o)
 .text.Chip_Clock_SetMainPLLSource
                0x00003004       0x20 C:\Users\mad23\Documents\MCUXpressoIDE_25.6.136\workspace\lpc_chip_175x_6x\Debug\liblpc_chip_175x_6x.a(sysinit_17xx_40xx.o)
 .text.Chip_SetupXtalClocking
                0x00003024       0x90 C:\Users\mad23\Documents\MCUXpressoIDE_25.6.136\workspace\lpc_chip_175x_6x\Debug\liblpc_chip_175x_6x.a(sysinit_17xx_40xx.o)
                0x00003024                Chip_SetupXtalClocking
 .text.Chip_UART_SendByte
                0x000030b4       0x1c C:\Users\mad23\Documents\MCUXpressoIDE_25.6.136\workspace\lpc_chip_175x_6x\Debug\liblpc_chip_175x_6x.a(uart_17xx_40xx.o)
 .text.Chip_UART_SetupFIFOS
                0x000030d0       0x1a C:\Users\mad23\Documents\MCUXpressoIDE_25.6.136\workspace\lpc_chip_175x_6x\Debug\liblpc_chip_175x_6x.a(uart_17xx_40xx.o)
 .text.Chip_UART_ConfigData
                0x000030ea       0x1a C:\Users\mad23\Documents\MCUXpressoIDE_25.6.136\workspace\lpc_chip_175x_6x\Debug\liblpc_chip_175x_6x.a(uart_17xx_40xx.o)
 .text.Chip_UART_EnableDivisorAccess
                0x00003104       0x1e C:\Users\mad23\Documents\MCUXpressoIDE_25.6.136\workspace\lpc_chip_175x_6x\Debug\liblpc_chip_175x_6x.a(uart_17xx_40xx.o)
 .text.Chip_UART_DisableDivisorAccess
                0x00003122       0x1e C:\Users\mad23\Documents\MCUXpressoIDE_25.6.136\workspace\lpc_chip_175x_6x\Debug\liblpc_chip_175x_6x.a(uart_17xx_40xx.o)
 .text.Chip_UART_SetDivisorLatches
                0x00003140       0x26 C:\Users\mad23\Documents\MCUXpressoIDE_25.6.136\workspace\lpc_chip_175x_6x\Debug\liblpc_chip_175x_6x.a(uart_17xx_40xx.o)
 .text.Chip_UART_ReadLineStatus
                0x00003166       0x16 C:\Users\mad23\Documents\MCUXpressoIDE_25.6.136\workspace\lpc_chip_175x_6x\Debug\liblpc_chip_175x_6x.a(uart_17xx_40xx.o)
 .text.Chip_UART_GetClockIndex
                0x0000317c       0x50 C:\Users\mad23\Documents\MCUXpressoIDE_25.6.136\workspace\lpc_chip_175x_6x\Debug\liblpc_chip_175x_6x.a(uart_17xx_40xx.o)
 .text.Chip_UART_GetClkIndex
                0x000031cc       0x50 C:\Users\mad23\Documents\MCUXpressoIDE_25.6.136\workspace\lpc_chip_175x_6x\Debug\liblpc_chip_175x_6x.a(uart_17xx_40xx.o)
 .text.Chip_UART_Init
                0x0000321c       0x78 C:\Users\mad23\Documents\MCUXpressoIDE_25.6.136\workspace\lpc_chip_175x_6x\Debug\liblpc_chip_175x_6x.a(uart_17xx_40xx.o)
                0x0000321c                Chip_UART_Init
 .text.Chip_UART_TXEnable
                0x00003294       0x18 C:\Users\mad23\Documents\MCUXpressoIDE_25.6.136\workspace\lpc_chip_175x_6x\Debug\liblpc_chip_175x_6x.a(uart_17xx_40xx.o)
                0x00003294                Chip_UART_TXEnable
 .text.Chip_UART_TXDisable
                0x000032ac       0x18 C:\Users\mad23\Documents\MCUXpressoIDE_25.6.136\workspace\lpc_chip_175x_6x\Debug\liblpc_chip_175x_6x.a(uart_17xx_40xx.o)
                0x000032ac                Chip_UART_TXDisable
 .text.Chip_UART_Send
                0x000032c4       0x50 C:\Users\mad23\Documents\MCUXpressoIDE_25.6.136\workspace\lpc_chip_175x_6x\Debug\liblpc_chip_175x_6x.a(uart_17xx_40xx.o)
                0x000032c4                Chip_UART_Send
 .text.Chip_UART_SendBlocking
                0x00003314       0x4a C:\Users\mad23\Documents\MCUXpressoIDE_25.6.136\workspace\lpc_chip_175x_6x\Debug\liblpc_chip_175x_6x.a(uart_17xx_40xx.o)
                0x00003314                Chip_UART_SendBlocking
 .text.Chip_UART_SetBaud
                0x0000335e       0x62 C:\Users\mad23\Documents\MCUXpressoIDE_25.6.136\workspace\lpc_chip_175x_6x\Debug\liblpc_chip_175x_6x.a(uart_17xx_40xx.o)
                0x0000335e                Chip_UART_SetBaud
 .text.__main   0x000033c0        0xe C:/nxp/MCUXpressoIDE_25.6.136/ide/plugins/com.nxp.mcuxpresso.tools.win32_25.6.0.202501151204/tools/bin/../lib/gcc/arm-none-eabi/14.2.1/../../../../arm-none-eabi/lib/thumb/v7-m/nofp\libcr_nohost.a(_cr__main.o)
                0x000033c0                __main
 .text.memcpy   0x000033ce        0x4 C:/nxp/MCUXpressoIDE_25.6.136/ide/plugins/com.nxp.mcuxpresso.tools.win32_25.6.0.202501151204/tools/bin/../lib/gcc/arm-none-eabi/14.2.1/../../../../arm-none-eabi/lib/thumb/v7-m/nofp\libcr_c.a(memcpy.o)
                0x000033ce                memcpy
 .text.memset   0x000033d2        0x4 C:/nxp/MCUXpressoIDE_25.6.136/ide/plugins/com.nxp.mcuxpresso.tools.win32_25.6.0.202501151204/tools/bin/../lib/gcc/arm-none-eabi/14.2.1/../../../../arm-none-eabi/lib/thumb/v7-m/nofp\libcr_c.a(memset.o)
                0x000033d2                memset
 *fill*         0x000033d6        0x2 ff
 .text.malloc   0x000033d8       0xc8 C:/nxp/MCUXpressoIDE_25.6.136/ide/plugins/com.nxp.mcuxpresso.tools.win32_25.6.0.202501151204/tools/bin/../lib/gcc/arm-none-eabi/14.2.1/../../../../arm-none-eabi/lib/thumb/v7-m/nofp\libcr_c.a(alloc.o)
                0x000033d8                malloc
 .text.free     0x000034a0       0x30 C:/nxp/MCUXpressoIDE_25.6.136/ide/plugins/com.nxp.mcuxpresso.tools.win32_25.6.0.202501151204/tools/bin/../lib/gcc/arm-none-eabi/14.2.1/../../../../arm-none-eabi/lib/thumb/v7-m/nofp\libcr_c.a(alloc.o)
                0x000034a0                free
 .text._initio  0x000034d0       0x78 C:/nxp/MCUXpressoIDE_25.6.136/ide/plugins/com.nxp.mcuxpresso.tools.win32_25.6.0.202501151204/tools/bin/../lib/gcc/arm-none-eabi/14.2.1/../../../../arm-none-eabi/lib/thumb/v7-m/nofp\libcr_c.a(initio.o)
                0x000034d0                _initio
 .text.setvbuf  0x00003548       0x3e C:/nxp/MCUXpressoIDE_25.6.136/ide/plugins/com.nxp.mcuxpresso.tools.win32_25.6.0.202501151204/tools/bin/../lib/gcc/arm-none-eabi/14.2.1/../../../../arm-none-eabi/lib/thumb/v7-m/nofp\libcr_c.a(setvbuf.o)
                0x00003548                setvbuf
 *fill*         0x00003586        0x2 ff
 .text._sbrk    0x00003588       0x3c C:/nxp/MCUXpressoIDE_25.6.136/ide/plugins/com.nxp.mcuxpresso.tools.win32_25.6.0.202501151204/tools/bin/../lib/gcc/arm-none-eabi/14.2.1/../../../../arm-none-eabi/lib/thumb/v7-m/nofp\libcr_c.a(_cr_sbrk.o)
                0x00003588                _sbrk
 .text._fdopen  0x000035c4       0x68 C:/nxp/MCUXpressoIDE_25.6.136/ide/plugins/com.nxp.mcuxpresso.tools.win32_25.6.0.202501151204/tools/bin/../lib/gcc/arm-none-eabi/14.2.1/../../../../arm-none-eabi/lib/thumb/v7-m/nofp\libcr_c.a(_fdopen.o)
                0x000035c4                _fdopen
 .text.fclose   0x0000362c       0x58 C:/nxp/MCUXpressoIDE_25.6.136/ide/plugins/com.nxp.mcuxpresso.tools.win32_25.6.0.202501151204/tools/bin/../lib/gcc/arm-none-eabi/14.2.1/../../../../arm-none-eabi/lib/thumb/v7-m/nofp\libcr_c.a(fclose.o)
                0x0000362c                fclose
 .text.fflush   0x00003684       0x3c C:/nxp/MCUXpressoIDE_25.6.136/ide/plugins/com.nxp.mcuxpresso.tools.win32_25.6.0.202501151204/tools/bin/../lib/gcc/arm-none-eabi/14.2.1/../../../../arm-none-eabi/lib/thumb/v7-m/nofp\libcr_c.a(fflush.o)
                0x00003684                fflush
 .text.fseek    0x000036c0       0xf8 C:/nxp/MCUXpressoIDE_25.6.136/ide/plugins/com.nxp.mcuxpresso.tools.win32_25.6.0.202501151204/tools/bin/../lib/gcc/arm-none-eabi/14.2.1/../../../../arm-none-eabi/lib/thumb/v7-m/nofp\libcr_c.a(fseek.o)
                0x000036c0                fseek
 .text.ftell    0x000037b8       0x44 C:/nxp/MCUXpressoIDE_25.6.136/ide/plugins/com.nxp.mcuxpresso.tools.win32_25.6.0.202501151204/tools/bin/../lib/gcc/arm-none-eabi/14.2.1/../../../../arm-none-eabi/lib/thumb/v7-m/nofp\libcr_c.a(ftell.o)
                0x000037b8                ftell
 .text.remove   0x000037fc       0x14 C:/nxp/MCUXpressoIDE_25.6.136/ide/plugins/com.nxp.mcuxpresso.tools.win32_25.6.0.202501151204/tools/bin/../lib/gcc/arm-none-eabi/14.2.1/../../../../arm-none-eabi/lib/thumb/v7-m/nofp\libcr_c.a(remove.o)
                0x000037fc                remove
 .text.strlen   0x00003810       0x4e C:/nxp/MCUXpressoIDE_25.6.136/ide/plugins/com.nxp.mcuxpresso.tools.win32_25.6.0.202501151204/tools/bin/../lib/gcc/arm-none-eabi/14.2.1/../../../../arm-none-eabi/lib/thumb/v7-m/nofp\libcr_c.a(strlen.o)
                0x00003810                strlen
 *fill*         0x0000385e        0x2 ff
 .text.__check_heap_overflow
                0x00003860       0x18 C:/nxp/MCUXpressoIDE_25.6.136/ide/plugins/com.nxp.mcuxpresso.tools.win32_25.6.0.202501151204/tools/bin/../lib/gcc/arm-none-eabi/14.2.1/../../../../arm-none-eabi/lib/thumb/v7-m/nofp\libcr_c.a(_cr_check_heap.o)
                0x00003860                __check_heap_overflow
 .text._do_fflush
                0x00003878       0x40 C:/nxp/MCUXpressoIDE_25.6.136/ide/plugins/com.nxp.mcuxpresso.tools.win32_25.6.0.202501151204/tools/bin/../lib/gcc/arm-none-eabi/14.2.1/../../../../arm-none-eabi/lib/thumb/v7-m/nofp\libcr_c.a(_do_fflush.o)
                0x00003878                _do_fflush
 .text._fflush  0x000038b8       0x52 C:/nxp/MCUXpressoIDE_25.6.136/ide/plugins/com.nxp.mcuxpresso.tools.win32_25.6.0.202501151204/tools/bin/../lib/gcc/arm-none-eabi/14.2.1/../../../../arm-none-eabi/lib/thumb/v7-m/nofp\libcr_c.a(_fflush.o)
                0x000038b8                _fflush
 *fill*         0x0000390a        0x2 ff
 .text._Cwritebuf
                0x0000390c       0x70 C:/nxp/MCUXpressoIDE_25.6.136/ide/plugins/com.nxp.mcuxpresso.tools.win32_25.6.0.202501151204/tools/bin/../lib/gcc/arm-none-eabi/14.2.1/../../../../arm-none-eabi/lib/thumb/v7-m/nofp\libcr_c.a(_writebuf.o)
                0x0000390c                _Cwritebuf
 .text._deferredlazyseek
                0x0000397c       0x40 C:/nxp/MCUXpressoIDE_25.6.136/ide/plugins/com.nxp.mcuxpresso.tools.win32_25.6.0.202501151204/tools/bin/../lib/gcc/arm-none-eabi/14.2.1/../../../../arm-none-eabi/lib/thumb/v7-m/nofp\libcr_c.a(_deferredlazyseek.o)
                0x0000397c                _deferredlazyseek
 .text.__aeabi_memcpy
                0x000039bc       0x34 C:/nxp/MCUXpressoIDE_25.6.136/ide/plugins/com.nxp.mcuxpresso.tools.win32_25.6.0.202501151204/tools/bin/../lib/gcc/arm-none-eabi/14.2.1/thumb/v7-m/nofp\libcr_eabihelpers.a(memcpy.o)
                0x000039bc                __aeabi_memcpy
                0x000039c6                __aeabi_memcpy8
                0x000039c6                __aeabi_memcpy4
 .text.__aeabi_memset_lowlevel
                0x000039f0       0x32 C:/nxp/MCUXpressoIDE_25.6.136/ide/plugins/com.nxp.mcuxpresso.tools.win32_25.6.0.202501151204/tools/bin/../lib/gcc/arm-none-eabi/14.2.1/thumb/v7-m/nofp\libcr_eabihelpers.a(memcpy.o)
                0x000039f0                __aeabi_lowlevel_memset
 .text.__sys_close
                0x00003a22        0x6 C:/nxp/MCUXpressoIDE_25.6.136/ide/plugins/com.nxp.mcuxpresso.tools.win32_25.6.0.202501151204/tools/bin/../lib/gcc/arm-none-eabi/14.2.1/../../../../arm-none-eabi/lib/thumb/v7-m/nofp\libcr_nohost.a(__sys_close.o)
                0x00003a22                __sys_close
 .text.__sys_flen
                0x00003a28        0x6 C:/nxp/MCUXpressoIDE_25.6.136/ide/plugins/com.nxp.mcuxpresso.tools.win32_25.6.0.202501151204/tools/bin/../lib/gcc/arm-none-eabi/14.2.1/../../../../arm-none-eabi/lib/thumb/v7-m/nofp\libcr_nohost.a(__sys_flen.o)
                0x00003a28                __sys_flen
 .text.__sys_istty
                0x00003a2e        0x6 C:/nxp/MCUXpressoIDE_25.6.136/ide/plugins/com.nxp.mcuxpresso.tools.win32_25.6.0.202501151204/tools/bin/../lib/gcc/arm-none-eabi/14.2.1/../../../../arm-none-eabi/lib/thumb/v7-m/nofp\libcr_nohost.a(__sys_istty.o)
                0x00003a2e                __sys_istty
 .text.__sys_remove
                0x00003a34        0x6 C:/nxp/MCUXpressoIDE_25.6.136/ide/plugins/com.nxp.mcuxpresso.tools.win32_25.6.0.202501151204/tools/bin/../lib/gcc/arm-none-eabi/14.2.1/../../../../arm-none-eabi/lib/thumb/v7-m/nofp\libcr_nohost.a(__sys_remove.o)
                0x00003a34                __sys_remove
 .text.__sys_seek
                0x00003a3a        0x6 C:/nxp/MCUXpressoIDE_25.6.136/ide/plugins/com.nxp.mcuxpresso.tools.win32_25.6.0.202501151204/tools/bin/../lib/gcc/arm-none-eabi/14.2.1/../../../../arm-none-eabi/lib/thumb/v7-m/nofp\libcr_nohost.a(__sys_seek.o)
                0x00003a3a                __sys_seek
 .text.__sys_tmpnam
                0x00003a40        0x6 C:/nxp/MCUXpressoIDE_25.6.136/ide/plugins/com.nxp.mcuxpresso.tools.win32_25.6.0.202501151204/tools/bin/../lib/gcc/arm-none-eabi/14.2.1/../../../../arm-none-eabi/lib/thumb/v7-m/nofp\libcr_nohost.a(__sys_tmpnam.o)
                0x00003a40                __sys_tmpnam
 .text.__sys_write
                0x00003a46        0x4 C:/nxp/MCUXpressoIDE_25.6.136/ide/plugins/com.nxp.mcuxpresso.tools.win32_25.6.0.202501151204/tools/bin/../lib/gcc/arm-none-eabi/14.2.1/../../../../arm-none-eabi/lib/thumb/v7-m/nofp\libcr_nohost.a(__sys_write.o)
                0x00003a46                __sys_write
 *(.rodata .rodata.* .constdata .constdata.*)
 *fill*         0x00003a4a        0x2 ff
 .rodata.vTaskStartScheduler.str1.4
                0x00003a4c       0x26 ./freertos/src/tasks.o
                                  0x5 (size before relaxing)
 *fill*         0x00003a72        0x2 ff
 .rodata        0x00003a74       0x14 ./example/src/uart_rb.o
 .rodata.main.str1.4
                0x00003a88       0x1e ./example/src/uart_rb.o
 .rodata.kRelayPins
                0x00003a88        0xc C:\Users\mad23\Documents\MCUXpressoIDE_25.6.136\workspace\lpc_board_nxp_lpcxpresso_1769\Debug\liblpc_board_nxp_lpcxpresso_1769.a(board.o)
 .rodata.OscRateIn
                0x00003a94        0x4 C:\Users\mad23\Documents\MCUXpressoIDE_25.6.136\workspace\lpc_board_nxp_lpcxpresso_1769\Debug\liblpc_board_nxp_lpcxpresso_1769.a(board.o)
                0x00003a94                OscRateIn
 .rodata.RTCOscRateIn
                0x00003a98        0x4 C:\Users\mad23\Documents\MCUXpressoIDE_25.6.136\workspace\lpc_board_nxp_lpcxpresso_1769\Debug\liblpc_board_nxp_lpcxpresso_1769.a(board.o)
                0x00003a98                RTCOscRateIn
 .rodata.pinmuxing
                0x00003a9c       0x28 C:\Users\mad23\Documents\MCUXpressoIDE_25.6.136\workspace\lpc_board_nxp_lpcxpresso_1769\Debug\liblpc_board_nxp_lpcxpresso_1769.a(board_sysinit.o)
 .rodata._initio.str1.1
                0x00003ac4        0x4 C:/nxp/MCUXpressoIDE_25.6.136/ide/plugins/com.nxp.mcuxpresso.tools.win32_25.6.0.202501151204/tools/bin/../lib/gcc/arm-none-eabi/14.2.1/../../../../arm-none-eabi/lib/thumb/v7-m/nofp\libcr_c.a(initio.o)
 .rodata.__num_Ciob_streams
                0x00003ac8        0x4 C:/nxp/MCUXpressoIDE_25.6.136/ide/plugins/com.nxp.mcuxpresso.tools.win32_25.6.0.202501151204/tools/bin/../lib/gcc/arm-none-eabi/14.2.1/../../../../arm-none-eabi/lib/thumb/v7-m/nofp\libcr_nohost.a(__ciob.o)
                0x00003ac8                __num_Ciob_streams
                0x00003acc                        . = ALIGN (0x4)

.glue_7         0x00003acc        0x0
 .glue_7        0x00003acc        0x0 linker stubs

.glue_7t        0x00003acc        0x0
 .glue_7t       0x00003acc        0x0 linker stubs

.vfp11_veneer   0x00003acc        0x0
 .vfp11_veneer  0x00003acc        0x0 linker stubs

.v4_bx          0x00003acc        0x0
 .v4_bx         0x00003acc        0x0 linker stubs

.iplt           0x00003acc        0x0
 .iplt          0x00003acc        0x0 ./freertos/src/heap_3.o

.rel.dyn        0x00003acc        0x0
 .rel.iplt      0x00003acc        0x0 ./freertos/src/heap_3.o

.ARM.extab
 *(.ARM.extab* .gnu.linkonce.armextab.*)

.ARM.exidx      0x00003acc        0x0
                0x00003acc                        __exidx_start = .
 *(.ARM.exidx* .gnu.linkonce.armexidx.*)
                0x00003acc                        __exidx_end = .
                0x00003acc                        _etext = .

.data_RAM2      0x2007c000        0x0 load address 0x00003acc
 FILL mask 0xff
                [!provide]                        PROVIDE (__start_data_RAM2 = .)
                [!provide]                        PROVIDE (__start_data_RamAHB32 = .)
 *(.ramfunc.$RAM2)
 *(.ramfunc.$RamAHB32)
 *(.data.$RAM2)
 *(.data.$RamAHB32)
 *(.data.$RAM2.*)
 *(.data.$RamAHB32.*)
                0x2007c000                        . = ALIGN (0x4)
                [!provide]                        PROVIDE (__end_data_RAM2 = .)
                [!provide]                        PROVIDE (__end_data_RamAHB32 = .)

.uninit_RESERVED
                0x10000000        0x0
                0x10000000                        _start_uninit_RESERVED = .
 *(.bss.$RESERVED*)
                0x10000000                        . = ALIGN (0x4)
                0x10000000                        _end_uninit_RESERVED = .

.data           0x10000000        0xc load address 0x00003acc
 FILL mask 0xff
                0x10000000                        _data = .
                [!provide]                        PROVIDE (__start_data_RAM = .)
                [!provide]                        PROVIDE (__start_data_RamLoc32 = .)
 *(vtable)
 *(.ramfunc*)
 *(CodeQuickAccess)
 *(DataQuickAccess)
 *(RamFunction)
 *(.data*)
 .data.uxCriticalNesting
                0x10000000        0x4 ./freertos/src/port.o
 .data.xNextTaskUnblockTime
                0x10000004        0x4 ./freertos/src/tasks.o
 .data.alive_ttl_ms
                0x10000008        0x4 ./example/src/uart_rb.o
                0x1000000c                        . = ALIGN (0x4)
                0x1000000c                        _edata = .
                [!provide]                        PROVIDE (__end_data_RAM = .)
                [!provide]                        PROVIDE (__end_data_RamLoc32 = .)

.igot.plt       0x1000000c        0x0 load address 0x00003ad8
 .igot.plt      0x1000000c        0x0 ./freertos/src/heap_3.o

.bss_RAM2       0x2007c000        0x0
                [!provide]                        PROVIDE (__start_bss_RAM2 = .)
                [!provide]                        PROVIDE (__start_bss_RamAHB32 = .)
 *(.bss.$RAM2)
 *(.bss.$RamAHB32)
 *(.bss.$RAM2.*)
 *(.bss.$RamAHB32.*)
                0x2007c000                        . = ALIGN ((. != 0x0)?0x4:0x1)
                [!provide]                        PROVIDE (__end_bss_RAM2 = .)
                [!provide]                        PROVIDE (__end_bss_RamAHB32 = .)

.bss            0x1000000c      0x408
                0x1000000c                        _bss = .
                [!provide]                        PROVIDE (__start_bss_RAM = .)
                [!provide]                        PROVIDE (__start_bss_RamLoc32 = .)
 *(.bss*)
 .bss.pxCurrentTCB
                0x1000000c        0x4 ./freertos/src/tasks.o
                0x1000000c                pxCurrentTCB
 .bss.pxReadyTasksLists
                0x10000010       0xa0 ./freertos/src/tasks.o
 .bss.xDelayedTaskList1
                0x100000b0       0x14 ./freertos/src/tasks.o
 .bss.xDelayedTaskList2
                0x100000c4       0x14 ./freertos/src/tasks.o
 .bss.pxDelayedTaskList
                0x100000d8        0x4 ./freertos/src/tasks.o
 .bss.pxOverflowDelayedTaskList
                0x100000dc        0x4 ./freertos/src/tasks.o
 .bss.xPendingReadyList
                0x100000e0       0x14 ./freertos/src/tasks.o
 .bss.xTasksWaitingTermination
                0x100000f4       0x14 ./freertos/src/tasks.o
 .bss.uxTasksDeleted
                0x10000108        0x4 ./freertos/src/tasks.o
 .bss.xSuspendedTaskList
                0x1000010c       0x14 ./freertos/src/tasks.o
 .bss.uxCurrentNumberOfTasks
                0x10000120        0x4 ./freertos/src/tasks.o
 .bss.xTickCount
                0x10000124        0x4 ./freertos/src/tasks.o
 .bss.uxTopReadyPriority
                0x10000128        0x4 ./freertos/src/tasks.o
 .bss.xSchedulerRunning
                0x1000012c        0x4 ./freertos/src/tasks.o
 .bss.uxSchedulerSuspended
                0x10000130        0x4 ./freertos/src/tasks.o
 .bss.uxPendedTicks
                0x10000134        0x4 ./freertos/src/tasks.o
 .bss.xYieldPending
                0x10000138        0x4 ./freertos/src/tasks.o
 .bss.xNumOfOverflows
                0x1000013c        0x4 ./freertos/src/tasks.o
 .bss.uxTaskNumber
                0x10000140        0x4 ./freertos/src/tasks.o
 .bss.cfg_conn  0x10000144       0x1f ./example/src/uart_rb.o
 .bss.cfg_count
                0x10000163        0x1 ./example/src/uart_rb.o
 .bss.last_seen_ms
                0x10000164       0x80 ./example/src/uart_rb.o
 .bss.limit_state
                0x100001e4       0x20 ./example/src/uart_rb.o
 .bss.gStateMtx
                0x10000204        0x4 ./example/src/uart_rb.o
 .bss.qAppRxBytes
                0x10000208        0x4 ./example/src/uart_rb.o
 .bss.qSlvRxBytes
                0x1000020c        0x4 ./example/src/uart_rb.o
 .bss.qSlvLedCmd
                0x10000210        0x4 ./example/src/uart_rb.o
 .bss.qSlvPing  0x10000214        0x4 ./example/src/uart_rb.o
 .bss.qAppTx    0x10000218        0x4 ./example/src/uart_rb.o
 .bss.qSlvTxKick
                0x1000021c        0x4 ./example/src/uart_rb.o
 .bss.rit_rr    0x10000220        0x1 ./example/src/uart_rb.o
 *fill*         0x10000221        0x3 
 .bss.SystemCoreClock
                0x10000224        0x4 C:\Users\mad23\Documents\MCUXpressoIDE_25.6.136\workspace\lpc_chip_175x_6x\Debug\liblpc_chip_175x_6x.a(chip_17xx_40xx.o)
                0x10000224                SystemCoreClock
 .bss.__end_of_heap
                0x10000228        0x4 C:/nxp/MCUXpressoIDE_25.6.136/ide/plugins/com.nxp.mcuxpresso.tools.win32_25.6.0.202501151204/tools/bin/../lib/gcc/arm-none-eabi/14.2.1/../../../../arm-none-eabi/lib/thumb/v7-m/nofp\libcr_c.a(__init_alloc.o)
                0x10000228                __end_of_heap
 .bss.__heaps   0x1000022c        0x4 C:/nxp/MCUXpressoIDE_25.6.136/ide/plugins/com.nxp.mcuxpresso.tools.win32_25.6.0.202501151204/tools/bin/../lib/gcc/arm-none-eabi/14.2.1/../../../../arm-none-eabi/lib/thumb/v7-m/nofp\libcr_c.a(__init_alloc.o)
                0x1000022c                __heaps
 .bss.errno     0x10000230        0x4 C:/nxp/MCUXpressoIDE_25.6.136/ide/plugins/com.nxp.mcuxpresso.tools.win32_25.6.0.202501151204/tools/bin/../lib/gcc/arm-none-eabi/14.2.1/../../../../arm-none-eabi/lib/thumb/v7-m/nofp\libcr_c.a(errno.o)
                0x10000230                errno
 .bss.__Ciob    0x10000234      0x1e0 C:/nxp/MCUXpressoIDE_25.6.136/ide/plugins/com.nxp.mcuxpresso.tools.win32_25.6.0.202501151204/tools/bin/../lib/gcc/arm-none-eabi/14.2.1/../../../../arm-none-eabi/lib/thumb/v7-m/nofp\libcr_nohost.a(__ciob.o)
                0x10000234                __Ciob
 *(COMMON)
                0x10000414                        . = ALIGN (0x4)
                0x10000414                        _ebss = .
                [!provide]                        PROVIDE (__end_bss_RAM = .)
                [!provide]                        PROVIDE (__end_bss_RamLoc32 = .)
                [!provide]                        PROVIDE (end = .)

.noinit_RAM2    0x2007c000        0x0
                [!provide]                        PROVIDE (__start_noinit_RAM2 = .)
                [!provide]                        PROVIDE (__start_noinit_RamAHB32 = .)
 *(.noinit.$RAM2)
 *(.noinit.$RamAHB32)
 *(.noinit.$RAM2.*)
 *(.noinit.$RamAHB32.*)
                0x2007c000                        . = ALIGN (0x4)
                [!provide]                        PROVIDE (__end_noinit_RAM2 = .)
                [!provide]                        PROVIDE (__end_noinit_RamAHB32 = .)

.noinit         0x10000414        0x0
                0x10000414                        _noinit = .
                [!provide]                        PROVIDE (__start_noinit_RAM = .)
                [!provide]                        PROVIDE (__start_noinit_RamLoc32 = .)
 *(.noinit*)
                0x10000414                        . = ALIGN (0x4)
                0x10000414                        _end_noinit = .
                [!provide]                        PROVIDE (__end_noinit_RAM = .)
                [!provide]                        PROVIDE (__end_noinit_RamLoc32 = .)
                0x10000414                        PROVIDE (_pvHeapStart = DEFINED (__user_heap_base)?__user_heap_base:.)
                0x10008000                        PROVIDE (_vStackTop = DEFINED (__user_stack_top)?__user_stack_top:(__top_RamLoc32 - 0x0))
                [!provide]                        PROVIDE (__valid_user_code_checksum = (0x0 - ((((((_vStackTop + (ResetISR + 0x1)) + (NMI_Handler + 0x1)) + (HardFault_Handler + 0x1)) + (DEFINED (MemManage_Handler)?MemManage_Handler:0x0 + 0x1)) + (DEFINED (BusFault_Handler)?BusFault_Handler:0x0 + 0x1)) + (DEFINED (UsageFault_Handler)?UsageFault_Handler:0x0 + 0x1))))
                0x00000000                        _image_start = LOADADDR (.text)
                0x00003ad8                        _image_end = (LOADADDR (.data) + SIZEOF (.data))
                0x00003ad8                        _image_size = (_image_end - _image_start)
OUTPUT(periph_uart_rb.axf elf32-littlearm)
LOAD linker stubs

.debug_info     0x00000000     0xab19
 .debug_info    0x00000000      0x1ab ./freertos/src/FreeRTOSCommonHooks.o
 .debug_info    0x000001ab      0x12b ./freertos/src/heap_3.o
 .debug_info    0x000002d6      0x2a4 ./freertos/src/list.o
 .debug_info    0x0000057a      0x2f5 ./freertos/src/port.o
 .debug_info    0x0000086f      0xdcb ./freertos/src/queue.o
 .debug_info    0x0000163a     0x12fb ./freertos/src/tasks.o
 .debug_info    0x00002935      0x297 ./example/src/cr_startup_lpc175x_6x.o
 .debug_info    0x00002bcc       0xbc ./example/src/sysinit.o
 .debug_info    0x00002c88     0x17e1 ./example/src/uart_rb.o
 .debug_info    0x00004469      0x6df C:\Users\mad23\Documents\MCUXpressoIDE_25.6.136\workspace\lpc_board_nxp_lpcxpresso_1769\Debug\liblpc_board_nxp_lpcxpresso_1769.a(board.o)
 .debug_info    0x00004b48      0x5be C:\Users\mad23\Documents\MCUXpressoIDE_25.6.136\workspace\lpc_board_nxp_lpcxpresso_1769\Debug\liblpc_board_nxp_lpcxpresso_1769.a(board_sysinit.o)
 .debug_info    0x00005106      0x58a C:\Users\mad23\Documents\MCUXpressoIDE_25.6.136\workspace\lpc_chip_175x_6x\Debug\liblpc_chip_175x_6x.a(chip_17xx_40xx.o)
 .debug_info    0x00005690      0xbc8 C:\Users\mad23\Documents\MCUXpressoIDE_25.6.136\workspace\lpc_chip_175x_6x\Debug\liblpc_chip_175x_6x.a(clock_17xx_40xx.o)
 .debug_info    0x00006258      0x2c8 C:\Users\mad23\Documents\MCUXpressoIDE_25.6.136\workspace\lpc_chip_175x_6x\Debug\liblpc_chip_175x_6x.a(iocon_17xx_40xx.o)
 .debug_info    0x00006520      0x453 C:\Users\mad23\Documents\MCUXpressoIDE_25.6.136\workspace\lpc_chip_175x_6x\Debug\liblpc_chip_175x_6x.a(ritimer_17xx_40xx.o)
 .debug_info    0x00006973      0x49a C:\Users\mad23\Documents\MCUXpressoIDE_25.6.136\workspace\lpc_chip_175x_6x\Debug\liblpc_chip_175x_6x.a(sysinit_17xx_40xx.o)
 .debug_info    0x00006e0d     0x100f C:\Users\mad23\Documents\MCUXpressoIDE_25.6.136\workspace\lpc_chip_175x_6x\Debug\liblpc_chip_175x_6x.a(uart_17xx_40xx.o)
 .debug_info    0x00007e1c       0x85 C:/nxp/MCUXpressoIDE_25.6.136/ide/plugins/com.nxp.mcuxpresso.tools.win32_25.6.0.202501151204/tools/bin/../lib/gcc/arm-none-eabi/14.2.1/../../../../arm-none-eabi/lib/thumb/v7-m/nofp\libcr_nohost.a(_cr__main.o)
 .debug_info    0x00007ea1      0x12b C:/nxp/MCUXpressoIDE_25.6.136/ide/plugins/com.nxp.mcuxpresso.tools.win32_25.6.0.202501151204/tools/bin/../lib/gcc/arm-none-eabi/14.2.1/../../../../arm-none-eabi/lib/thumb/v7-m/nofp\libcr_c.a(memcpy.o)
 .debug_info    0x00007fcc       0xfc C:/nxp/MCUXpressoIDE_25.6.136/ide/plugins/com.nxp.mcuxpresso.tools.win32_25.6.0.202501151204/tools/bin/../lib/gcc/arm-none-eabi/14.2.1/../../../../arm-none-eabi/lib/thumb/v7-m/nofp\libcr_c.a(memset.o)
 .debug_info    0x000080c8      0x520 C:/nxp/MCUXpressoIDE_25.6.136/ide/plugins/com.nxp.mcuxpresso.tools.win32_25.6.0.202501151204/tools/bin/../lib/gcc/arm-none-eabi/14.2.1/../../../../arm-none-eabi/lib/thumb/v7-m/nofp\libcr_c.a(alloc.o)
 .debug_info    0x000085e8      0x339 C:/nxp/MCUXpressoIDE_25.6.136/ide/plugins/com.nxp.mcuxpresso.tools.win32_25.6.0.202501151204/tools/bin/../lib/gcc/arm-none-eabi/14.2.1/../../../../arm-none-eabi/lib/thumb/v7-m/nofp\libcr_c.a(initio.o)
 .debug_info    0x00008921      0x1fd C:/nxp/MCUXpressoIDE_25.6.136/ide/plugins/com.nxp.mcuxpresso.tools.win32_25.6.0.202501151204/tools/bin/../lib/gcc/arm-none-eabi/14.2.1/../../../../arm-none-eabi/lib/thumb/v7-m/nofp\libcr_c.a(setvbuf.o)
 .debug_info    0x00008b1e       0xd4 C:/nxp/MCUXpressoIDE_25.6.136/ide/plugins/com.nxp.mcuxpresso.tools.win32_25.6.0.202501151204/tools/bin/../lib/gcc/arm-none-eabi/14.2.1/../../../../arm-none-eabi/lib/thumb/v7-m/nofp\libcr_c.a(__init_alloc.o)
 .debug_info    0x00008bf2      0x107 C:/nxp/MCUXpressoIDE_25.6.136/ide/plugins/com.nxp.mcuxpresso.tools.win32_25.6.0.202501151204/tools/bin/../lib/gcc/arm-none-eabi/14.2.1/../../../../arm-none-eabi/lib/thumb/v7-m/nofp\libcr_c.a(_cr_sbrk.o)
 .debug_info    0x00008cf9      0x24b C:/nxp/MCUXpressoIDE_25.6.136/ide/plugins/com.nxp.mcuxpresso.tools.win32_25.6.0.202501151204/tools/bin/../lib/gcc/arm-none-eabi/14.2.1/../../../../arm-none-eabi/lib/thumb/v7-m/nofp\libcr_c.a(_fdopen.o)
 .debug_info    0x00008f44       0x44 C:/nxp/MCUXpressoIDE_25.6.136/ide/plugins/com.nxp.mcuxpresso.tools.win32_25.6.0.202501151204/tools/bin/../lib/gcc/arm-none-eabi/14.2.1/../../../../arm-none-eabi/lib/thumb/v7-m/nofp\libcr_c.a(errno.o)
 .debug_info    0x00008f88      0x31e C:/nxp/MCUXpressoIDE_25.6.136/ide/plugins/com.nxp.mcuxpresso.tools.win32_25.6.0.202501151204/tools/bin/../lib/gcc/arm-none-eabi/14.2.1/../../../../arm-none-eabi/lib/thumb/v7-m/nofp\libcr_c.a(fclose.o)
 .debug_info    0x000092a6      0x209 C:/nxp/MCUXpressoIDE_25.6.136/ide/plugins/com.nxp.mcuxpresso.tools.win32_25.6.0.202501151204/tools/bin/../lib/gcc/arm-none-eabi/14.2.1/../../../../arm-none-eabi/lib/thumb/v7-m/nofp\libcr_c.a(fflush.o)
 .debug_info    0x000094af      0x276 C:/nxp/MCUXpressoIDE_25.6.136/ide/plugins/com.nxp.mcuxpresso.tools.win32_25.6.0.202501151204/tools/bin/../lib/gcc/arm-none-eabi/14.2.1/../../../../arm-none-eabi/lib/thumb/v7-m/nofp\libcr_c.a(fseek.o)
 .debug_info    0x00009725      0x197 C:/nxp/MCUXpressoIDE_25.6.136/ide/plugins/com.nxp.mcuxpresso.tools.win32_25.6.0.202501151204/tools/bin/../lib/gcc/arm-none-eabi/14.2.1/../../../../arm-none-eabi/lib/thumb/v7-m/nofp\libcr_c.a(ftell.o)
 .debug_info    0x000098bc      0x1d7 C:/nxp/MCUXpressoIDE_25.6.136/ide/plugins/com.nxp.mcuxpresso.tools.win32_25.6.0.202501151204/tools/bin/../lib/gcc/arm-none-eabi/14.2.1/../../../../arm-none-eabi/lib/thumb/v7-m/nofp\libcr_c.a(remove.o)
 .debug_info    0x00009a93       0xe1 C:/nxp/MCUXpressoIDE_25.6.136/ide/plugins/com.nxp.mcuxpresso.tools.win32_25.6.0.202501151204/tools/bin/../lib/gcc/arm-none-eabi/14.2.1/../../../../arm-none-eabi/lib/thumb/v7-m/nofp\libcr_c.a(strlen.o)
 .debug_info    0x00009b74       0x78 C:/nxp/MCUXpressoIDE_25.6.136/ide/plugins/com.nxp.mcuxpresso.tools.win32_25.6.0.202501151204/tools/bin/../lib/gcc/arm-none-eabi/14.2.1/../../../../arm-none-eabi/lib/thumb/v7-m/nofp\libcr_c.a(_cr_check_heap.o)
 .debug_info    0x00009bec      0x23a C:/nxp/MCUXpressoIDE_25.6.136/ide/plugins/com.nxp.mcuxpresso.tools.win32_25.6.0.202501151204/tools/bin/../lib/gcc/arm-none-eabi/14.2.1/../../../../arm-none-eabi/lib/thumb/v7-m/nofp\libcr_c.a(_do_fflush.o)
 .debug_info    0x00009e26      0x1e3 C:/nxp/MCUXpressoIDE_25.6.136/ide/plugins/com.nxp.mcuxpresso.tools.win32_25.6.0.202501151204/tools/bin/../lib/gcc/arm-none-eabi/14.2.1/../../../../arm-none-eabi/lib/thumb/v7-m/nofp\libcr_c.a(_fflush.o)
 .debug_info    0x0000a009      0x289 C:/nxp/MCUXpressoIDE_25.6.136/ide/plugins/com.nxp.mcuxpresso.tools.win32_25.6.0.202501151204/tools/bin/../lib/gcc/arm-none-eabi/14.2.1/../../../../arm-none-eabi/lib/thumb/v7-m/nofp\libcr_c.a(_writebuf.o)
 .debug_info    0x0000a292      0x396 C:/nxp/MCUXpressoIDE_25.6.136/ide/plugins/com.nxp.mcuxpresso.tools.win32_25.6.0.202501151204/tools/bin/../lib/gcc/arm-none-eabi/14.2.1/../../../../arm-none-eabi/lib/thumb/v7-m/nofp\libcr_c.a(_deferredlazyseek.o)
 .debug_info    0x0000a628      0x18b C:/nxp/MCUXpressoIDE_25.6.136/ide/plugins/com.nxp.mcuxpresso.tools.win32_25.6.0.202501151204/tools/bin/../lib/gcc/arm-none-eabi/14.2.1/../../../../arm-none-eabi/lib/thumb/v7-m/nofp\libcr_nohost.a(__ciob.o)
 .debug_info    0x0000a7b3       0x6a C:/nxp/MCUXpressoIDE_25.6.136/ide/plugins/com.nxp.mcuxpresso.tools.win32_25.6.0.202501151204/tools/bin/../lib/gcc/arm-none-eabi/14.2.1/../../../../arm-none-eabi/lib/thumb/v7-m/nofp\libcr_nohost.a(__sys_close.o)
 .debug_info    0x0000a81d       0x6a C:/nxp/MCUXpressoIDE_25.6.136/ide/plugins/com.nxp.mcuxpresso.tools.win32_25.6.0.202501151204/tools/bin/../lib/gcc/arm-none-eabi/14.2.1/../../../../arm-none-eabi/lib/thumb/v7-m/nofp\libcr_nohost.a(__sys_flen.o)
 .debug_info    0x0000a887       0x6a C:/nxp/MCUXpressoIDE_25.6.136/ide/plugins/com.nxp.mcuxpresso.tools.win32_25.6.0.202501151204/tools/bin/../lib/gcc/arm-none-eabi/14.2.1/../../../../arm-none-eabi/lib/thumb/v7-m/nofp\libcr_nohost.a(__sys_istty.o)
 .debug_info    0x0000a8f1       0x8a C:/nxp/MCUXpressoIDE_25.6.136/ide/plugins/com.nxp.mcuxpresso.tools.win32_25.6.0.202501151204/tools/bin/../lib/gcc/arm-none-eabi/14.2.1/../../../../arm-none-eabi/lib/thumb/v7-m/nofp\libcr_nohost.a(__sys_remove.o)
 .debug_info    0x0000a97b       0x78 C:/nxp/MCUXpressoIDE_25.6.136/ide/plugins/com.nxp.mcuxpresso.tools.win32_25.6.0.202501151204/tools/bin/../lib/gcc/arm-none-eabi/14.2.1/../../../../arm-none-eabi/lib/thumb/v7-m/nofp\libcr_nohost.a(__sys_seek.o)
 .debug_info    0x0000a9f3       0x93 C:/nxp/MCUXpressoIDE_25.6.136/ide/plugins/com.nxp.mcuxpresso.tools.win32_25.6.0.202501151204/tools/bin/../lib/gcc/arm-none-eabi/14.2.1/../../../../arm-none-eabi/lib/thumb/v7-m/nofp\libcr_nohost.a(__sys_tmpnam.o)
 .debug_info    0x0000aa86       0x93 C:/nxp/MCUXpressoIDE_25.6.136/ide/plugins/com.nxp.mcuxpresso.tools.win32_25.6.0.202501151204/tools/bin/../lib/gcc/arm-none-eabi/14.2.1/../../../../arm-none-eabi/lib/thumb/v7-m/nofp\libcr_nohost.a(__sys_write.o)

.debug_abbrev   0x00000000     0x3927
 .debug_abbrev  0x00000000      0x15a ./freertos/src/FreeRTOSCommonHooks.o
 .debug_abbrev  0x0000015a      0x109 ./freertos/src/heap_3.o
 .debug_abbrev  0x00000263       0xeb ./freertos/src/list.o
 .debug_abbrev  0x0000034e      0x1c1 ./freertos/src/port.o
 .debug_abbrev  0x0000050f      0x2c2 ./freertos/src/queue.o
 .debug_abbrev  0x000007d1      0x2f4 ./freertos/src/tasks.o
 .debug_abbrev  0x00000ac5      0x135 ./example/src/cr_startup_lpc175x_6x.o
 .debug_abbrev  0x00000bfa       0x8e ./example/src/sysinit.o
 .debug_abbrev  0x00000c88      0x454 ./example/src/uart_rb.o
 .debug_abbrev  0x000010dc      0x1cb C:\Users\mad23\Documents\MCUXpressoIDE_25.6.136\workspace\lpc_board_nxp_lpcxpresso_1769\Debug\liblpc_board_nxp_lpcxpresso_1769.a(board.o)
 .debug_abbrev  0x000012a7      0x18e C:\Users\mad23\Documents\MCUXpressoIDE_25.6.136\workspace\lpc_board_nxp_lpcxpresso_1769\Debug\liblpc_board_nxp_lpcxpresso_1769.a(board_sysinit.o)
 .debug_abbrev  0x00001435      0x19a C:\Users\mad23\Documents\MCUXpressoIDE_25.6.136\workspace\lpc_chip_175x_6x\Debug\liblpc_chip_175x_6x.a(chip_17xx_40xx.o)
 .debug_abbrev  0x000015cf      0x325 C:\Users\mad23\Documents\MCUXpressoIDE_25.6.136\workspace\lpc_chip_175x_6x\Debug\liblpc_chip_175x_6x.a(clock_17xx_40xx.o)
 .debug_abbrev  0x000018f4      0x132 C:\Users\mad23\Documents\MCUXpressoIDE_25.6.136\workspace\lpc_chip_175x_6x\Debug\liblpc_chip_175x_6x.a(iocon_17xx_40xx.o)
 .debug_abbrev  0x00001a26      0x19a C:\Users\mad23\Documents\MCUXpressoIDE_25.6.136\workspace\lpc_chip_175x_6x\Debug\liblpc_chip_175x_6x.a(ritimer_17xx_40xx.o)
 .debug_abbrev  0x00001bc0      0x1a6 C:\Users\mad23\Documents\MCUXpressoIDE_25.6.136\workspace\lpc_chip_175x_6x\Debug\liblpc_chip_175x_6x.a(sysinit_17xx_40xx.o)
 .debug_abbrev  0x00001d66      0x36f C:\Users\mad23\Documents\MCUXpressoIDE_25.6.136\workspace\lpc_chip_175x_6x\Debug\liblpc_chip_175x_6x.a(uart_17xx_40xx.o)
 .debug_abbrev  0x000020d5       0x70 C:/nxp/MCUXpressoIDE_25.6.136/ide/plugins/com.nxp.mcuxpresso.tools.win32_25.6.0.202501151204/tools/bin/../lib/gcc/arm-none-eabi/14.2.1/../../../../arm-none-eabi/lib/thumb/v7-m/nofp\libcr_nohost.a(_cr__main.o)
 .debug_abbrev  0x00002145       0xb6 C:/nxp/MCUXpressoIDE_25.6.136/ide/plugins/com.nxp.mcuxpresso.tools.win32_25.6.0.202501151204/tools/bin/../lib/gcc/arm-none-eabi/14.2.1/../../../../arm-none-eabi/lib/thumb/v7-m/nofp\libcr_c.a(memcpy.o)
 .debug_abbrev  0x000021fb       0xa8 C:/nxp/MCUXpressoIDE_25.6.136/ide/plugins/com.nxp.mcuxpresso.tools.win32_25.6.0.202501151204/tools/bin/../lib/gcc/arm-none-eabi/14.2.1/../../../../arm-none-eabi/lib/thumb/v7-m/nofp\libcr_c.a(memset.o)
 .debug_abbrev  0x000022a3      0x284 C:/nxp/MCUXpressoIDE_25.6.136/ide/plugins/com.nxp.mcuxpresso.tools.win32_25.6.0.202501151204/tools/bin/../lib/gcc/arm-none-eabi/14.2.1/../../../../arm-none-eabi/lib/thumb/v7-m/nofp\libcr_c.a(alloc.o)
 .debug_abbrev  0x00002527      0x169 C:/nxp/MCUXpressoIDE_25.6.136/ide/plugins/com.nxp.mcuxpresso.tools.win32_25.6.0.202501151204/tools/bin/../lib/gcc/arm-none-eabi/14.2.1/../../../../arm-none-eabi/lib/thumb/v7-m/nofp\libcr_c.a(initio.o)
 .debug_abbrev  0x00002690       0xe1 C:/nxp/MCUXpressoIDE_25.6.136/ide/plugins/com.nxp.mcuxpresso.tools.win32_25.6.0.202501151204/tools/bin/../lib/gcc/arm-none-eabi/14.2.1/../../../../arm-none-eabi/lib/thumb/v7-m/nofp\libcr_c.a(setvbuf.o)
 .debug_abbrev  0x00002771       0xaf C:/nxp/MCUXpressoIDE_25.6.136/ide/plugins/com.nxp.mcuxpresso.tools.win32_25.6.0.202501151204/tools/bin/../lib/gcc/arm-none-eabi/14.2.1/../../../../arm-none-eabi/lib/thumb/v7-m/nofp\libcr_c.a(__init_alloc.o)
 .debug_abbrev  0x00002820       0xd3 C:/nxp/MCUXpressoIDE_25.6.136/ide/plugins/com.nxp.mcuxpresso.tools.win32_25.6.0.202501151204/tools/bin/../lib/gcc/arm-none-eabi/14.2.1/../../../../arm-none-eabi/lib/thumb/v7-m/nofp\libcr_c.a(_cr_sbrk.o)
 .debug_abbrev  0x000028f3      0x119 C:/nxp/MCUXpressoIDE_25.6.136/ide/plugins/com.nxp.mcuxpresso.tools.win32_25.6.0.202501151204/tools/bin/../lib/gcc/arm-none-eabi/14.2.1/../../../../arm-none-eabi/lib/thumb/v7-m/nofp\libcr_c.a(_fdopen.o)
 .debug_abbrev  0x00002a0c       0x44 C:/nxp/MCUXpressoIDE_25.6.136/ide/plugins/com.nxp.mcuxpresso.tools.win32_25.6.0.202501151204/tools/bin/../lib/gcc/arm-none-eabi/14.2.1/../../../../arm-none-eabi/lib/thumb/v7-m/nofp\libcr_c.a(errno.o)
 .debug_abbrev  0x00002a50      0x158 C:/nxp/MCUXpressoIDE_25.6.136/ide/plugins/com.nxp.mcuxpresso.tools.win32_25.6.0.202501151204/tools/bin/../lib/gcc/arm-none-eabi/14.2.1/../../../../arm-none-eabi/lib/thumb/v7-m/nofp\libcr_c.a(fclose.o)
 .debug_abbrev  0x00002ba8      0x125 C:/nxp/MCUXpressoIDE_25.6.136/ide/plugins/com.nxp.mcuxpresso.tools.win32_25.6.0.202501151204/tools/bin/../lib/gcc/arm-none-eabi/14.2.1/../../../../arm-none-eabi/lib/thumb/v7-m/nofp\libcr_c.a(fflush.o)
 .debug_abbrev  0x00002ccd      0x11b C:/nxp/MCUXpressoIDE_25.6.136/ide/plugins/com.nxp.mcuxpresso.tools.win32_25.6.0.202501151204/tools/bin/../lib/gcc/arm-none-eabi/14.2.1/../../../../arm-none-eabi/lib/thumb/v7-m/nofp\libcr_c.a(fseek.o)
 .debug_abbrev  0x00002de8       0xc2 C:/nxp/MCUXpressoIDE_25.6.136/ide/plugins/com.nxp.mcuxpresso.tools.win32_25.6.0.202501151204/tools/bin/../lib/gcc/arm-none-eabi/14.2.1/../../../../arm-none-eabi/lib/thumb/v7-m/nofp\libcr_c.a(ftell.o)
 .debug_abbrev  0x00002eaa       0xfb C:/nxp/MCUXpressoIDE_25.6.136/ide/plugins/com.nxp.mcuxpresso.tools.win32_25.6.0.202501151204/tools/bin/../lib/gcc/arm-none-eabi/14.2.1/../../../../arm-none-eabi/lib/thumb/v7-m/nofp\libcr_c.a(remove.o)
 .debug_abbrev  0x00002fa5       0xa7 C:/nxp/MCUXpressoIDE_25.6.136/ide/plugins/com.nxp.mcuxpresso.tools.win32_25.6.0.202501151204/tools/bin/../lib/gcc/arm-none-eabi/14.2.1/../../../../arm-none-eabi/lib/thumb/v7-m/nofp\libcr_c.a(strlen.o)
 .debug_abbrev  0x0000304c       0x6b C:/nxp/MCUXpressoIDE_25.6.136/ide/plugins/com.nxp.mcuxpresso.tools.win32_25.6.0.202501151204/tools/bin/../lib/gcc/arm-none-eabi/14.2.1/../../../../arm-none-eabi/lib/thumb/v7-m/nofp\libcr_c.a(_cr_check_heap.o)
 .debug_abbrev  0x000030b7      0x12c C:/nxp/MCUXpressoIDE_25.6.136/ide/plugins/com.nxp.mcuxpresso.tools.win32_25.6.0.202501151204/tools/bin/../lib/gcc/arm-none-eabi/14.2.1/../../../../arm-none-eabi/lib/thumb/v7-m/nofp\libcr_c.a(_do_fflush.o)
 .debug_abbrev  0x000031e3       0xf1 C:/nxp/MCUXpressoIDE_25.6.136/ide/plugins/com.nxp.mcuxpresso.tools.win32_25.6.0.202501151204/tools/bin/../lib/gcc/arm-none-eabi/14.2.1/../../../../arm-none-eabi/lib/thumb/v7-m/nofp\libcr_c.a(_fflush.o)
 .debug_abbrev  0x000032d4      0x126 C:/nxp/MCUXpressoIDE_25.6.136/ide/plugins/com.nxp.mcuxpresso.tools.win32_25.6.0.202501151204/tools/bin/../lib/gcc/arm-none-eabi/14.2.1/../../../../arm-none-eabi/lib/thumb/v7-m/nofp\libcr_c.a(_writebuf.o)
 .debug_abbrev  0x000033fa      0x18e C:/nxp/MCUXpressoIDE_25.6.136/ide/plugins/com.nxp.mcuxpresso.tools.win32_25.6.0.202501151204/tools/bin/../lib/gcc/arm-none-eabi/14.2.1/../../../../arm-none-eabi/lib/thumb/v7-m/nofp\libcr_c.a(_deferredlazyseek.o)
 .debug_abbrev  0x00003588       0xb5 C:/nxp/MCUXpressoIDE_25.6.136/ide/plugins/com.nxp.mcuxpresso.tools.win32_25.6.0.202501151204/tools/bin/../lib/gcc/arm-none-eabi/14.2.1/../../../../arm-none-eabi/lib/thumb/v7-m/nofp\libcr_nohost.a(__ciob.o)
 .debug_abbrev  0x0000363d       0x5c C:/nxp/MCUXpressoIDE_25.6.136/ide/plugins/com.nxp.mcuxpresso.tools.win32_25.6.0.202501151204/tools/bin/../lib/gcc/arm-none-eabi/14.2.1/../../../../arm-none-eabi/lib/thumb/v7-m/nofp\libcr_nohost.a(__sys_close.o)
 .debug_abbrev  0x00003699       0x5c C:/nxp/MCUXpressoIDE_25.6.136/ide/plugins/com.nxp.mcuxpresso.tools.win32_25.6.0.202501151204/tools/bin/../lib/gcc/arm-none-eabi/14.2.1/../../../../arm-none-eabi/lib/thumb/v7-m/nofp\libcr_nohost.a(__sys_flen.o)
 .debug_abbrev  0x000036f5       0x5c C:/nxp/MCUXpressoIDE_25.6.136/ide/plugins/com.nxp.mcuxpresso.tools.win32_25.6.0.202501151204/tools/bin/../lib/gcc/arm-none-eabi/14.2.1/../../../../arm-none-eabi/lib/thumb/v7-m/nofp\libcr_nohost.a(__sys_istty.o)
 .debug_abbrev  0x00003751       0x7d C:/nxp/MCUXpressoIDE_25.6.136/ide/plugins/com.nxp.mcuxpresso.tools.win32_25.6.0.202501151204/tools/bin/../lib/gcc/arm-none-eabi/14.2.1/../../../../arm-none-eabi/lib/thumb/v7-m/nofp\libcr_nohost.a(__sys_remove.o)
 .debug_abbrev  0x000037ce       0x6d C:/nxp/MCUXpressoIDE_25.6.136/ide/plugins/com.nxp.mcuxpresso.tools.win32_25.6.0.202501151204/tools/bin/../lib/gcc/arm-none-eabi/14.2.1/../../../../arm-none-eabi/lib/thumb/v7-m/nofp\libcr_nohost.a(__sys_seek.o)
 .debug_abbrev  0x0000383b       0x76 C:/nxp/MCUXpressoIDE_25.6.136/ide/plugins/com.nxp.mcuxpresso.tools.win32_25.6.0.202501151204/tools/bin/../lib/gcc/arm-none-eabi/14.2.1/../../../../arm-none-eabi/lib/thumb/v7-m/nofp\libcr_nohost.a(__sys_tmpnam.o)
 .debug_abbrev  0x000038b1       0x76 C:/nxp/MCUXpressoIDE_25.6.136/ide/plugins/com.nxp.mcuxpresso.tools.win32_25.6.0.202501151204/tools/bin/../lib/gcc/arm-none-eabi/14.2.1/../../../../arm-none-eabi/lib/thumb/v7-m/nofp\libcr_nohost.a(__sys_write.o)

.debug_aranges  0x00000000      0xd28
 .debug_aranges
                0x00000000       0x40 ./freertos/src/FreeRTOSCommonHooks.o
 .debug_aranges
                0x00000040       0x28 ./freertos/src/heap_3.o
 .debug_aranges
                0x00000068       0x40 ./freertos/src/list.o
 .debug_aranges
                0x000000a8       0x88 ./freertos/src/port.o
 .debug_aranges
                0x00000130       0xf0 ./freertos/src/queue.o
 .debug_aranges
                0x00000220      0x158 ./freertos/src/tasks.o
 .debug_aranges
                0x00000378       0x80 ./example/src/cr_startup_lpc175x_6x.o
 .debug_aranges
                0x000003f8       0x20 ./example/src/sysinit.o
 .debug_aranges
                0x00000418      0x148 ./example/src/uart_rb.o
 .debug_aranges
                0x00000560       0x70 C:\Users\mad23\Documents\MCUXpressoIDE_25.6.136\workspace\lpc_board_nxp_lpcxpresso_1769\Debug\liblpc_board_nxp_lpcxpresso_1769.a(board.o)
 .debug_aranges
                0x000005d0       0x38 C:\Users\mad23\Documents\MCUXpressoIDE_25.6.136\workspace\lpc_board_nxp_lpcxpresso_1769\Debug\liblpc_board_nxp_lpcxpresso_1769.a(board_sysinit.o)
 .debug_aranges
                0x00000608       0x38 C:\Users\mad23\Documents\MCUXpressoIDE_25.6.136\workspace\lpc_chip_175x_6x\Debug\liblpc_chip_175x_6x.a(chip_17xx_40xx.o)
 .debug_aranges
                0x00000640      0x120 C:\Users\mad23\Documents\MCUXpressoIDE_25.6.136\workspace\lpc_chip_175x_6x\Debug\liblpc_chip_175x_6x.a(clock_17xx_40xx.o)
 .debug_aranges
                0x00000760       0x30 C:\Users\mad23\Documents\MCUXpressoIDE_25.6.136\workspace\lpc_chip_175x_6x\Debug\liblpc_chip_175x_6x.a(iocon_17xx_40xx.o)
 .debug_aranges
                0x00000790       0x48 C:\Users\mad23\Documents\MCUXpressoIDE_25.6.136\workspace\lpc_chip_175x_6x\Debug\liblpc_chip_175x_6x.a(ritimer_17xx_40xx.o)
 .debug_aranges
                0x000007d8       0x60 C:\Users\mad23\Documents\MCUXpressoIDE_25.6.136\workspace\lpc_chip_175x_6x\Debug\liblpc_chip_175x_6x.a(sysinit_17xx_40xx.o)
 .debug_aranges
                0x00000838      0x128 C:\Users\mad23\Documents\MCUXpressoIDE_25.6.136\workspace\lpc_chip_175x_6x\Debug\liblpc_chip_175x_6x.a(uart_17xx_40xx.o)
 .debug_aranges
                0x00000960       0x20 C:/nxp/MCUXpressoIDE_25.6.136/ide/plugins/com.nxp.mcuxpresso.tools.win32_25.6.0.202501151204/tools/bin/../lib/gcc/arm-none-eabi/14.2.1/../../../../arm-none-eabi/lib/thumb/v7-m/nofp\libcr_nohost.a(_cr__main.o)
 .debug_aranges
                0x00000980       0x20 C:/nxp/MCUXpressoIDE_25.6.136/ide/plugins/com.nxp.mcuxpresso.tools.win32_25.6.0.202501151204/tools/bin/../lib/gcc/arm-none-eabi/14.2.1/../../../../arm-none-eabi/lib/thumb/v7-m/nofp\libcr_c.a(memcpy.o)
 .debug_aranges
                0x000009a0       0x20 C:/nxp/MCUXpressoIDE_25.6.136/ide/plugins/com.nxp.mcuxpresso.tools.win32_25.6.0.202501151204/tools/bin/../lib/gcc/arm-none-eabi/14.2.1/../../../../arm-none-eabi/lib/thumb/v7-m/nofp\libcr_c.a(memset.o)
 .debug_aranges
                0x000009c0       0x40 C:/nxp/MCUXpressoIDE_25.6.136/ide/plugins/com.nxp.mcuxpresso.tools.win32_25.6.0.202501151204/tools/bin/../lib/gcc/arm-none-eabi/14.2.1/../../../../arm-none-eabi/lib/thumb/v7-m/nofp\libcr_c.a(alloc.o)
 .debug_aranges
                0x00000a00       0x28 C:/nxp/MCUXpressoIDE_25.6.136/ide/plugins/com.nxp.mcuxpresso.tools.win32_25.6.0.202501151204/tools/bin/../lib/gcc/arm-none-eabi/14.2.1/../../../../arm-none-eabi/lib/thumb/v7-m/nofp\libcr_c.a(initio.o)
 .debug_aranges
                0x00000a28       0x20 C:/nxp/MCUXpressoIDE_25.6.136/ide/plugins/com.nxp.mcuxpresso.tools.win32_25.6.0.202501151204/tools/bin/../lib/gcc/arm-none-eabi/14.2.1/../../../../arm-none-eabi/lib/thumb/v7-m/nofp\libcr_c.a(setvbuf.o)
 .debug_aranges
                0x00000a48       0x20 C:/nxp/MCUXpressoIDE_25.6.136/ide/plugins/com.nxp.mcuxpresso.tools.win32_25.6.0.202501151204/tools/bin/../lib/gcc/arm-none-eabi/14.2.1/../../../../arm-none-eabi/lib/thumb/v7-m/nofp\libcr_c.a(__init_alloc.o)
 .debug_aranges
                0x00000a68       0x20 C:/nxp/MCUXpressoIDE_25.6.136/ide/plugins/com.nxp.mcuxpresso.tools.win32_25.6.0.202501151204/tools/bin/../lib/gcc/arm-none-eabi/14.2.1/../../../../arm-none-eabi/lib/thumb/v7-m/nofp\libcr_c.a(_cr_sbrk.o)
 .debug_aranges
                0x00000a88       0x20 C:/nxp/MCUXpressoIDE_25.6.136/ide/plugins/com.nxp.mcuxpresso.tools.win32_25.6.0.202501151204/tools/bin/../lib/gcc/arm-none-eabi/14.2.1/../../../../arm-none-eabi/lib/thumb/v7-m/nofp\libcr_c.a(_fdopen.o)
 .debug_aranges
                0x00000aa8       0x18 C:/nxp/MCUXpressoIDE_25.6.136/ide/plugins/com.nxp.mcuxpresso.tools.win32_25.6.0.202501151204/tools/bin/../lib/gcc/arm-none-eabi/14.2.1/../../../../arm-none-eabi/lib/thumb/v7-m/nofp\libcr_c.a(errno.o)
 .debug_aranges
                0x00000ac0       0x20 C:/nxp/MCUXpressoIDE_25.6.136/ide/plugins/com.nxp.mcuxpresso.tools.win32_25.6.0.202501151204/tools/bin/../lib/gcc/arm-none-eabi/14.2.1/../../../../arm-none-eabi/lib/thumb/v7-m/nofp\libcr_c.a(fclose.o)
 .debug_aranges
                0x00000ae0       0x20 C:/nxp/MCUXpressoIDE_25.6.136/ide/plugins/com.nxp.mcuxpresso.tools.win32_25.6.0.202501151204/tools/bin/../lib/gcc/arm-none-eabi/14.2.1/../../../../arm-none-eabi/lib/thumb/v7-m/nofp\libcr_c.a(fflush.o)
 .debug_aranges
                0x00000b00       0x20 C:/nxp/MCUXpressoIDE_25.6.136/ide/plugins/com.nxp.mcuxpresso.tools.win32_25.6.0.202501151204/tools/bin/../lib/gcc/arm-none-eabi/14.2.1/../../../../arm-none-eabi/lib/thumb/v7-m/nofp\libcr_c.a(fseek.o)
 .debug_aranges
                0x00000b20       0x20 C:/nxp/MCUXpressoIDE_25.6.136/ide/plugins/com.nxp.mcuxpresso.tools.win32_25.6.0.202501151204/tools/bin/../lib/gcc/arm-none-eabi/14.2.1/../../../../arm-none-eabi/lib/thumb/v7-m/nofp\libcr_c.a(ftell.o)
 .debug_aranges
                0x00000b40       0x28 C:/nxp/MCUXpressoIDE_25.6.136/ide/plugins/com.nxp.mcuxpresso.tools.win32_25.6.0.202501151204/tools/bin/../lib/gcc/arm-none-eabi/14.2.1/../../../../arm-none-eabi/lib/thumb/v7-m/nofp\libcr_c.a(remove.o)
 .debug_aranges
                0x00000b68       0x20 C:/nxp/MCUXpressoIDE_25.6.136/ide/plugins/com.nxp.mcuxpresso.tools.win32_25.6.0.202501151204/tools/bin/../lib/gcc/arm-none-eabi/14.2.1/../../../../arm-none-eabi/lib/thumb/v7-m/nofp\libcr_c.a(strlen.o)
 .debug_aranges
                0x00000b88       0x20 C:/nxp/MCUXpressoIDE_25.6.136/ide/plugins/com.nxp.mcuxpresso.tools.win32_25.6.0.202501151204/tools/bin/../lib/gcc/arm-none-eabi/14.2.1/../../../../arm-none-eabi/lib/thumb/v7-m/nofp\libcr_c.a(_cr_check_heap.o)
 .debug_aranges
                0x00000ba8       0x20 C:/nxp/MCUXpressoIDE_25.6.136/ide/plugins/com.nxp.mcuxpresso.tools.win32_25.6.0.202501151204/tools/bin/../lib/gcc/arm-none-eabi/14.2.1/../../../../arm-none-eabi/lib/thumb/v7-m/nofp\libcr_c.a(_do_fflush.o)
 .debug_aranges
                0x00000bc8       0x20 C:/nxp/MCUXpressoIDE_25.6.136/ide/plugins/com.nxp.mcuxpresso.tools.win32_25.6.0.202501151204/tools/bin/../lib/gcc/arm-none-eabi/14.2.1/../../../../arm-none-eabi/lib/thumb/v7-m/nofp\libcr_c.a(_fflush.o)
 .debug_aranges
                0x00000be8       0x20 C:/nxp/MCUXpressoIDE_25.6.136/ide/plugins/com.nxp.mcuxpresso.tools.win32_25.6.0.202501151204/tools/bin/../lib/gcc/arm-none-eabi/14.2.1/../../../../arm-none-eabi/lib/thumb/v7-m/nofp\libcr_c.a(_writebuf.o)
 .debug_aranges
                0x00000c08       0x28 C:/nxp/MCUXpressoIDE_25.6.136/ide/plugins/com.nxp.mcuxpresso.tools.win32_25.6.0.202501151204/tools/bin/../lib/gcc/arm-none-eabi/14.2.1/../../../../arm-none-eabi/lib/thumb/v7-m/nofp\libcr_c.a(_deferredlazyseek.o)
 .debug_aranges
                0x00000c30       0x18 C:/nxp/MCUXpressoIDE_25.6.136/ide/plugins/com.nxp.mcuxpresso.tools.win32_25.6.0.202501151204/tools/bin/../lib/gcc/arm-none-eabi/14.2.1/../../../../arm-none-eabi/lib/thumb/v7-m/nofp\libcr_nohost.a(__ciob.o)
 .debug_aranges
                0x00000c48       0x20 C:/nxp/MCUXpressoIDE_25.6.136/ide/plugins/com.nxp.mcuxpresso.tools.win32_25.6.0.202501151204/tools/bin/../lib/gcc/arm-none-eabi/14.2.1/../../../../arm-none-eabi/lib/thumb/v7-m/nofp\libcr_nohost.a(__sys_close.o)
 .debug_aranges
                0x00000c68       0x20 C:/nxp/MCUXpressoIDE_25.6.136/ide/plugins/com.nxp.mcuxpresso.tools.win32_25.6.0.202501151204/tools/bin/../lib/gcc/arm-none-eabi/14.2.1/../../../../arm-none-eabi/lib/thumb/v7-m/nofp\libcr_nohost.a(__sys_flen.o)
 .debug_aranges
                0x00000c88       0x20 C:/nxp/MCUXpressoIDE_25.6.136/ide/plugins/com.nxp.mcuxpresso.tools.win32_25.6.0.202501151204/tools/bin/../lib/gcc/arm-none-eabi/14.2.1/../../../../arm-none-eabi/lib/thumb/v7-m/nofp\libcr_nohost.a(__sys_istty.o)
 .debug_aranges
                0x00000ca8       0x20 C:/nxp/MCUXpressoIDE_25.6.136/ide/plugins/com.nxp.mcuxpresso.tools.win32_25.6.0.202501151204/tools/bin/../lib/gcc/arm-none-eabi/14.2.1/../../../../arm-none-eabi/lib/thumb/v7-m/nofp\libcr_nohost.a(__sys_remove.o)
 .debug_aranges
                0x00000cc8       0x20 C:/nxp/MCUXpressoIDE_25.6.136/ide/plugins/com.nxp.mcuxpresso.tools.win32_25.6.0.202501151204/tools/bin/../lib/gcc/arm-none-eabi/14.2.1/../../../../arm-none-eabi/lib/thumb/v7-m/nofp\libcr_nohost.a(__sys_seek.o)
 .debug_aranges
                0x00000ce8       0x20 C:/nxp/MCUXpressoIDE_25.6.136/ide/plugins/com.nxp.mcuxpresso.tools.win32_25.6.0.202501151204/tools/bin/../lib/gcc/arm-none-eabi/14.2.1/../../../../arm-none-eabi/lib/thumb/v7-m/nofp\libcr_nohost.a(__sys_tmpnam.o)
 .debug_aranges
                0x00000d08       0x20 C:/nxp/MCUXpressoIDE_25.6.136/ide/plugins/com.nxp.mcuxpresso.tools.win32_25.6.0.202501151204/tools/bin/../lib/gcc/arm-none-eabi/14.2.1/../../../../arm-none-eabi/lib/thumb/v7-m/nofp\libcr_nohost.a(__sys_write.o)

.debug_ranges   0x00000000      0xa98
 .debug_ranges  0x00000000       0x30 ./freertos/src/FreeRTOSCommonHooks.o
 .debug_ranges  0x00000030       0x18 ./freertos/src/heap_3.o
 .debug_ranges  0x00000048       0x30 ./freertos/src/list.o
 .debug_ranges  0x00000078       0x78 ./freertos/src/port.o
 .debug_ranges  0x000000f0       0xe0 ./freertos/src/queue.o
 .debug_ranges  0x000001d0      0x148 ./freertos/src/tasks.o
 .debug_ranges  0x00000318       0x70 ./example/src/cr_startup_lpc175x_6x.o
 .debug_ranges  0x00000388       0x10 ./example/src/sysinit.o
 .debug_ranges  0x00000398      0x138 ./example/src/uart_rb.o
 .debug_ranges  0x000004d0       0x60 C:\Users\mad23\Documents\MCUXpressoIDE_25.6.136\workspace\lpc_board_nxp_lpcxpresso_1769\Debug\liblpc_board_nxp_lpcxpresso_1769.a(board.o)
 .debug_ranges  0x00000530       0x28 C:\Users\mad23\Documents\MCUXpressoIDE_25.6.136\workspace\lpc_board_nxp_lpcxpresso_1769\Debug\liblpc_board_nxp_lpcxpresso_1769.a(board_sysinit.o)
 .debug_ranges  0x00000558       0x28 C:\Users\mad23\Documents\MCUXpressoIDE_25.6.136\workspace\lpc_chip_175x_6x\Debug\liblpc_chip_175x_6x.a(chip_17xx_40xx.o)
 .debug_ranges  0x00000580      0x110 C:\Users\mad23\Documents\MCUXpressoIDE_25.6.136\workspace\lpc_chip_175x_6x\Debug\liblpc_chip_175x_6x.a(clock_17xx_40xx.o)
 .debug_ranges  0x00000690       0x20 C:\Users\mad23\Documents\MCUXpressoIDE_25.6.136\workspace\lpc_chip_175x_6x\Debug\liblpc_chip_175x_6x.a(iocon_17xx_40xx.o)
 .debug_ranges  0x000006b0       0x38 C:\Users\mad23\Documents\MCUXpressoIDE_25.6.136\workspace\lpc_chip_175x_6x\Debug\liblpc_chip_175x_6x.a(ritimer_17xx_40xx.o)
 .debug_ranges  0x000006e8       0x50 C:\Users\mad23\Documents\MCUXpressoIDE_25.6.136\workspace\lpc_chip_175x_6x\Debug\liblpc_chip_175x_6x.a(sysinit_17xx_40xx.o)
 .debug_ranges  0x00000738      0x118 C:\Users\mad23\Documents\MCUXpressoIDE_25.6.136\workspace\lpc_chip_175x_6x\Debug\liblpc_chip_175x_6x.a(uart_17xx_40xx.o)
 .debug_ranges  0x00000850       0x10 C:/nxp/MCUXpressoIDE_25.6.136/ide/plugins/com.nxp.mcuxpresso.tools.win32_25.6.0.202501151204/tools/bin/../lib/gcc/arm-none-eabi/14.2.1/../../../../arm-none-eabi/lib/thumb/v7-m/nofp\libcr_nohost.a(_cr__main.o)
 .debug_ranges  0x00000860       0x10 C:/nxp/MCUXpressoIDE_25.6.136/ide/plugins/com.nxp.mcuxpresso.tools.win32_25.6.0.202501151204/tools/bin/../lib/gcc/arm-none-eabi/14.2.1/../../../../arm-none-eabi/lib/thumb/v7-m/nofp\libcr_c.a(memcpy.o)
 .debug_ranges  0x00000870       0x10 C:/nxp/MCUXpressoIDE_25.6.136/ide/plugins/com.nxp.mcuxpresso.tools.win32_25.6.0.202501151204/tools/bin/../lib/gcc/arm-none-eabi/14.2.1/../../../../arm-none-eabi/lib/thumb/v7-m/nofp\libcr_c.a(memset.o)
 .debug_ranges  0x00000880       0x48 C:/nxp/MCUXpressoIDE_25.6.136/ide/plugins/com.nxp.mcuxpresso.tools.win32_25.6.0.202501151204/tools/bin/../lib/gcc/arm-none-eabi/14.2.1/../../../../arm-none-eabi/lib/thumb/v7-m/nofp\libcr_c.a(alloc.o)
 .debug_ranges  0x000008c8       0x18 C:/nxp/MCUXpressoIDE_25.6.136/ide/plugins/com.nxp.mcuxpresso.tools.win32_25.6.0.202501151204/tools/bin/../lib/gcc/arm-none-eabi/14.2.1/../../../../arm-none-eabi/lib/thumb/v7-m/nofp\libcr_c.a(initio.o)
 .debug_ranges  0x000008e0       0x10 C:/nxp/MCUXpressoIDE_25.6.136/ide/plugins/com.nxp.mcuxpresso.tools.win32_25.6.0.202501151204/tools/bin/../lib/gcc/arm-none-eabi/14.2.1/../../../../arm-none-eabi/lib/thumb/v7-m/nofp\libcr_c.a(setvbuf.o)
 .debug_ranges  0x000008f0       0x10 C:/nxp/MCUXpressoIDE_25.6.136/ide/plugins/com.nxp.mcuxpresso.tools.win32_25.6.0.202501151204/tools/bin/../lib/gcc/arm-none-eabi/14.2.1/../../../../arm-none-eabi/lib/thumb/v7-m/nofp\libcr_c.a(__init_alloc.o)
 .debug_ranges  0x00000900       0x10 C:/nxp/MCUXpressoIDE_25.6.136/ide/plugins/com.nxp.mcuxpresso.tools.win32_25.6.0.202501151204/tools/bin/../lib/gcc/arm-none-eabi/14.2.1/../../../../arm-none-eabi/lib/thumb/v7-m/nofp\libcr_c.a(_cr_sbrk.o)
 .debug_ranges  0x00000910       0x10 C:/nxp/MCUXpressoIDE_25.6.136/ide/plugins/com.nxp.mcuxpresso.tools.win32_25.6.0.202501151204/tools/bin/../lib/gcc/arm-none-eabi/14.2.1/../../../../arm-none-eabi/lib/thumb/v7-m/nofp\libcr_c.a(_fdopen.o)
 .debug_ranges  0x00000920       0x10 C:/nxp/MCUXpressoIDE_25.6.136/ide/plugins/com.nxp.mcuxpresso.tools.win32_25.6.0.202501151204/tools/bin/../lib/gcc/arm-none-eabi/14.2.1/../../../../arm-none-eabi/lib/thumb/v7-m/nofp\libcr_c.a(fclose.o)
 .debug_ranges  0x00000930       0x28 C:/nxp/MCUXpressoIDE_25.6.136/ide/plugins/com.nxp.mcuxpresso.tools.win32_25.6.0.202501151204/tools/bin/../lib/gcc/arm-none-eabi/14.2.1/../../../../arm-none-eabi/lib/thumb/v7-m/nofp\libcr_c.a(fflush.o)
 .debug_ranges  0x00000958       0x10 C:/nxp/MCUXpressoIDE_25.6.136/ide/plugins/com.nxp.mcuxpresso.tools.win32_25.6.0.202501151204/tools/bin/../lib/gcc/arm-none-eabi/14.2.1/../../../../arm-none-eabi/lib/thumb/v7-m/nofp\libcr_c.a(fseek.o)
 .debug_ranges  0x00000968       0x10 C:/nxp/MCUXpressoIDE_25.6.136/ide/plugins/com.nxp.mcuxpresso.tools.win32_25.6.0.202501151204/tools/bin/../lib/gcc/arm-none-eabi/14.2.1/../../../../arm-none-eabi/lib/thumb/v7-m/nofp\libcr_c.a(ftell.o)
 .debug_ranges  0x00000978       0x18 C:/nxp/MCUXpressoIDE_25.6.136/ide/plugins/com.nxp.mcuxpresso.tools.win32_25.6.0.202501151204/tools/bin/../lib/gcc/arm-none-eabi/14.2.1/../../../../arm-none-eabi/lib/thumb/v7-m/nofp\libcr_c.a(remove.o)
 .debug_ranges  0x00000990       0x10 C:/nxp/MCUXpressoIDE_25.6.136/ide/plugins/com.nxp.mcuxpresso.tools.win32_25.6.0.202501151204/tools/bin/../lib/gcc/arm-none-eabi/14.2.1/../../../../arm-none-eabi/lib/thumb/v7-m/nofp\libcr_c.a(strlen.o)
 .debug_ranges  0x000009a0       0x10 C:/nxp/MCUXpressoIDE_25.6.136/ide/plugins/com.nxp.mcuxpresso.tools.win32_25.6.0.202501151204/tools/bin/../lib/gcc/arm-none-eabi/14.2.1/../../../../arm-none-eabi/lib/thumb/v7-m/nofp\libcr_c.a(_cr_check_heap.o)
 .debug_ranges  0x000009b0       0x28 C:/nxp/MCUXpressoIDE_25.6.136/ide/plugins/com.nxp.mcuxpresso.tools.win32_25.6.0.202501151204/tools/bin/../lib/gcc/arm-none-eabi/14.2.1/../../../../arm-none-eabi/lib/thumb/v7-m/nofp\libcr_c.a(_do_fflush.o)
 .debug_ranges  0x000009d8       0x10 C:/nxp/MCUXpressoIDE_25.6.136/ide/plugins/com.nxp.mcuxpresso.tools.win32_25.6.0.202501151204/tools/bin/../lib/gcc/arm-none-eabi/14.2.1/../../../../arm-none-eabi/lib/thumb/v7-m/nofp\libcr_c.a(_fflush.o)
 .debug_ranges  0x000009e8       0x10 C:/nxp/MCUXpressoIDE_25.6.136/ide/plugins/com.nxp.mcuxpresso.tools.win32_25.6.0.202501151204/tools/bin/../lib/gcc/arm-none-eabi/14.2.1/../../../../arm-none-eabi/lib/thumb/v7-m/nofp\libcr_c.a(_writebuf.o)
 .debug_ranges  0x000009f8       0x30 C:/nxp/MCUXpressoIDE_25.6.136/ide/plugins/com.nxp.mcuxpresso.tools.win32_25.6.0.202501151204/tools/bin/../lib/gcc/arm-none-eabi/14.2.1/../../../../arm-none-eabi/lib/thumb/v7-m/nofp\libcr_c.a(_deferredlazyseek.o)
 .debug_ranges  0x00000a28       0x10 C:/nxp/MCUXpressoIDE_25.6.136/ide/plugins/com.nxp.mcuxpresso.tools.win32_25.6.0.202501151204/tools/bin/../lib/gcc/arm-none-eabi/14.2.1/../../../../arm-none-eabi/lib/thumb/v7-m/nofp\libcr_nohost.a(__sys_close.o)
 .debug_ranges  0x00000a38       0x10 C:/nxp/MCUXpressoIDE_25.6.136/ide/plugins/com.nxp.mcuxpresso.tools.win32_25.6.0.202501151204/tools/bin/../lib/gcc/arm-none-eabi/14.2.1/../../../../arm-none-eabi/lib/thumb/v7-m/nofp\libcr_nohost.a(__sys_flen.o)
 .debug_ranges  0x00000a48       0x10 C:/nxp/MCUXpressoIDE_25.6.136/ide/plugins/com.nxp.mcuxpresso.tools.win32_25.6.0.202501151204/tools/bin/../lib/gcc/arm-none-eabi/14.2.1/../../../../arm-none-eabi/lib/thumb/v7-m/nofp\libcr_nohost.a(__sys_istty.o)
 .debug_ranges  0x00000a58       0x10 C:/nxp/MCUXpressoIDE_25.6.136/ide/plugins/com.nxp.mcuxpresso.tools.win32_25.6.0.202501151204/tools/bin/../lib/gcc/arm-none-eabi/14.2.1/../../../../arm-none-eabi/lib/thumb/v7-m/nofp\libcr_nohost.a(__sys_remove.o)
 .debug_ranges  0x00000a68       0x10 C:/nxp/MCUXpressoIDE_25.6.136/ide/plugins/com.nxp.mcuxpresso.tools.win32_25.6.0.202501151204/tools/bin/../lib/gcc/arm-none-eabi/14.2.1/../../../../arm-none-eabi/lib/thumb/v7-m/nofp\libcr_nohost.a(__sys_seek.o)
 .debug_ranges  0x00000a78       0x10 C:/nxp/MCUXpressoIDE_25.6.136/ide/plugins/com.nxp.mcuxpresso.tools.win32_25.6.0.202501151204/tools/bin/../lib/gcc/arm-none-eabi/14.2.1/../../../../arm-none-eabi/lib/thumb/v7-m/nofp\libcr_nohost.a(__sys_tmpnam.o)
 .debug_ranges  0x00000a88       0x10 C:/nxp/MCUXpressoIDE_25.6.136/ide/plugins/com.nxp.mcuxpresso.tools.win32_25.6.0.202501151204/tools/bin/../lib/gcc/arm-none-eabi/14.2.1/../../../../arm-none-eabi/lib/thumb/v7-m/nofp\libcr_nohost.a(__sys_write.o)

.debug_macro    0x00000000     0x668b
 .debug_macro   0x00000000      0x274 ./freertos/src/FreeRTOSCommonHooks.o
 .debug_macro   0x00000274      0xad8 ./freertos/src/FreeRTOSCommonHooks.o
 .debug_macro   0x00000d4c       0x10 ./freertos/src/FreeRTOSCommonHooks.o
 .debug_macro   0x00000d5c      0x12e ./freertos/src/FreeRTOSCommonHooks.o
 .debug_macro   0x00000e8a       0x16 ./freertos/src/FreeRTOSCommonHooks.o
 .debug_macro   0x00000ea0       0x46 ./freertos/src/FreeRTOSCommonHooks.o
 .debug_macro   0x00000ee6      0x5b3 ./freertos/src/FreeRTOSCommonHooks.o
 .debug_macro   0x00001499       0x22 ./freertos/src/FreeRTOSCommonHooks.o
 .debug_macro   0x000014bb       0x74 ./freertos/src/FreeRTOSCommonHooks.o
 .debug_macro   0x0000152f       0x10 ./freertos/src/FreeRTOSCommonHooks.o
 .debug_macro   0x0000153f       0x2d ./freertos/src/FreeRTOSCommonHooks.o
 .debug_macro   0x0000156c       0x3a ./freertos/src/FreeRTOSCommonHooks.o
 .debug_macro   0x000015a6       0x2d ./freertos/src/FreeRTOSCommonHooks.o
 .debug_macro   0x000015d3      0xbb1 ./freertos/src/FreeRTOSCommonHooks.o
 .debug_macro   0x00002184      0x22c ./freertos/src/FreeRTOSCommonHooks.o
 .debug_macro   0x000023b0       0x42 ./freertos/src/FreeRTOSCommonHooks.o
 .debug_macro   0x000023f2       0x52 ./freertos/src/FreeRTOSCommonHooks.o
 .debug_macro   0x00002444       0x78 ./freertos/src/FreeRTOSCommonHooks.o
 .debug_macro   0x000024bc       0x82 ./freertos/src/FreeRTOSCommonHooks.o
 .debug_macro   0x0000253e      0x48c ./freertos/src/FreeRTOSCommonHooks.o
 .debug_macro   0x000029ca       0x34 ./freertos/src/FreeRTOSCommonHooks.o
 .debug_macro   0x000029fe      0x4c5 ./freertos/src/FreeRTOSCommonHooks.o
 .debug_macro   0x00002ec3      0x1b7 ./freertos/src/FreeRTOSCommonHooks.o
 .debug_macro   0x0000307a       0x10 ./freertos/src/FreeRTOSCommonHooks.o
 .debug_macro   0x0000308a      0x21b ./freertos/src/FreeRTOSCommonHooks.o
 .debug_macro   0x000032a5      0x1b9 ./freertos/src/FreeRTOSCommonHooks.o
 .debug_macro   0x0000345e       0x40 ./freertos/src/FreeRTOSCommonHooks.o
 .debug_macro   0x0000349e       0x22 ./freertos/src/FreeRTOSCommonHooks.o
 .debug_macro   0x000034c0      0x162 ./freertos/src/FreeRTOSCommonHooks.o
 .debug_macro   0x00003622       0x94 ./freertos/src/FreeRTOSCommonHooks.o
 .debug_macro   0x000036b6       0xb8 ./freertos/src/FreeRTOSCommonHooks.o
 .debug_macro   0x0000376e       0x4c ./freertos/src/FreeRTOSCommonHooks.o
 .debug_macro   0x000037ba       0x16 ./freertos/src/FreeRTOSCommonHooks.o
 .debug_macro   0x000037d0      0x328 ./freertos/src/FreeRTOSCommonHooks.o
 .debug_macro   0x00003af8       0x49 ./freertos/src/FreeRTOSCommonHooks.o
 .debug_macro   0x00003b41       0x16 ./freertos/src/FreeRTOSCommonHooks.o
 .debug_macro   0x00003b57       0xca ./freertos/src/FreeRTOSCommonHooks.o
 .debug_macro   0x00003c21       0x11 ./freertos/src/FreeRTOSCommonHooks.o
 .debug_macro   0x00003c32       0x10 ./freertos/src/FreeRTOSCommonHooks.o
 .debug_macro   0x00003c42       0x1c ./freertos/src/FreeRTOSCommonHooks.o
 .debug_macro   0x00003c5e       0xf3 ./freertos/src/FreeRTOSCommonHooks.o
 .debug_macro   0x00003d51       0xab ./freertos/src/FreeRTOSCommonHooks.o
 .debug_macro   0x00003dfc       0x12 ./freertos/src/FreeRTOSCommonHooks.o
 .debug_macro   0x00003e0e       0x1f ./freertos/src/FreeRTOSCommonHooks.o
 .debug_macro   0x00003e2d      0x257 ./freertos/src/FreeRTOSCommonHooks.o
 .debug_macro   0x00004084       0x64 ./freertos/src/FreeRTOSCommonHooks.o
 .debug_macro   0x000040e8       0x57 ./freertos/src/FreeRTOSCommonHooks.o
 .debug_macro   0x0000413f      0x28a ./freertos/src/heap_3.o
 .debug_macro   0x000043c9       0x28 ./freertos/src/heap_3.o
 .debug_macro   0x000043f1      0x26f ./freertos/src/list.o
 .debug_macro   0x00004660      0x301 ./freertos/src/port.o
 .debug_macro   0x00004961      0x2d2 ./freertos/src/queue.o
 .debug_macro   0x00004c33       0xb0 ./freertos/src/queue.o
 .debug_macro   0x00004ce3      0x30e ./freertos/src/tasks.o
 .debug_macro   0x00004ff1       0x5b ./freertos/src/tasks.o
 .debug_macro   0x0000504c       0x16 ./freertos/src/tasks.o
 .debug_macro   0x00005062       0x1d ./example/src/cr_startup_lpc175x_6x.o
 .debug_macro   0x0000507f      0x1ef ./example/src/sysinit.o
 .debug_macro   0x0000526e       0x7b ./example/src/sysinit.o
 .debug_macro   0x000052e9       0x18 ./example/src/sysinit.o
 .debug_macro   0x00005301      0x300 ./example/src/uart_rb.o
 .debug_macro   0x00005601       0x16 ./example/src/uart_rb.o
 .debug_macro   0x00005617       0x10 ./example/src/uart_rb.o
 .debug_macro   0x00005627       0xf9 ./example/src/uart_rb.o
 .debug_macro   0x00005720       0x77 ./example/src/uart_rb.o
 .debug_macro   0x00005797      0x237 C:\Users\mad23\Documents\MCUXpressoIDE_25.6.136\workspace\lpc_board_nxp_lpcxpresso_1769\Debug\liblpc_board_nxp_lpcxpresso_1769.a(board.o)