C:\Users\mad23\Documents\MCUXpressoIDE_25.6.136\workspace\lpc_chip_175x_6x\inc/core_cm3.h:1323:22:NVIC_EnableIRQ	16	static
C:\Users\mad23\Documents\MCUXpressoIDE_25.6.136\workspace\lpc_chip_175x_6x\inc/core_cm3.h:1375:22:NVIC_ClearPendingIRQ	16	static
C:\Users\mad23\Documents\MCUXpressoIDE_25.6.136\workspace\lpc_chip_175x_6x\inc/core_cm3.h:1405:22:NVIC_SetPriority	16	static
C:\Users\mad23\Documents\MCUXpressoIDE_25.6.136\workspace\lpc_chip_175x_6x\inc/iocon_17xx_40xx.h:151:20:Chip_IOCON_Init	16	static
C:\Users\mad23\Documents\MCUXpressoIDE_25.6.136\workspace\lpc_chip_175x_6x\inc/gpio_17xx_40xx.h:64:20:Chip_GPIO_Init	16	static
C:\Users\mad23\Documents\MCUXpressoIDE_25.6.136\workspace\lpc_chip_175x_6x\inc/gpio_17xx_40xx.h:144:20:Chip_GPIO_SetPinDIROutput	16	static
C:\Users\mad23\Documents\MCUXpressoIDE_25.6.136\workspace\lpc_chip_175x_6x\inc/ritimer_17xx_40xx.h:166:20:Chip_RIT_ClearInt	16	static
C:\Users\mad23\Documents\MCUXpressoIDE_25.6.136\workspace\lpc_chip_175x_6x\inc/uart_17xx_40xx.h:322:23:Chip_UART_ReadByte	16	static
C:\Users\mad23\Documents\MCUXpressoIDE_25.6.136\workspace\lpc_chip_175x_6x\inc/uart_17xx_40xx.h:337:20:Chip_UART_IntEnable	16	static
C:\Users\mad23\Documents\MCUXpressoIDE_25.6.136\workspace\lpc_chip_175x_6x\inc/uart_17xx_40xx.h:390:20:Chip_UART_SetupFIFOS	16	static
C:\Users\mad23\Documents\MCUXpressoIDE_25.6.136\workspace\lpc_chip_175x_6x\inc/uart_17xx_40xx.h:405:20:Chip_UART_ConfigData	16	static
C:\Users\mad23\Documents\MCUXpressoIDE_25.6.136\workspace\lpc_chip_175x_6x\inc/uart_17xx_40xx.h:492:24:Chip_UART_ReadLineStatus	16	static
../example/src/uart_rb.c:102:20:u1q_push_isr	24	static
../example/src/uart_rb.c:111:20:u1q_pop_main	16	static
../example/src/uart_rb.c:119:20:slave_enqueue_led_on	32	static
../example/src/uart_rb.c:124:20:slave_enqueue_led_off_broadcast	16	static
../example/src/uart_rb.c:129:20:slave_enqueue_poll	32	static
../example/src/uart_rb.c:163:16:build_status_frame	48	static
../example/src/uart_rb.c:199:20:send_status	16	static
../example/src/uart_rb.c:215:20:ws_clear	16	static
../example/src/uart_rb.c:218:20:ws_set_red	24	static
../example/src/uart_rb.c:223:20:ws_flush_if_dirty	8	static
../example/src/uart_rb.c:233:13:try_handle_ws_accessory	24	static
../example/src/uart_rb.c:246:13:handle_upload_map	24	static
../example/src/uart_rb.c:259:13:handle_led_ctrl	24	static
../example/src/uart_rb.c:293:13:handle_led_reset	24	static
../example/src/uart_rb.c:303:13:handle_relay_set	16	static
../example/src/uart_rb.c:316:13:dispatch_app_frame	32	static
../example/src/uart_rb.c:338:6:UART0_IRQHandler	16	static
../example/src/uart_rb.c:373:6:UART1_IRQHandler	16	static
../example/src/uart_rb.c:437:20:commit_and_clear_poll_round	4	static
../example/src/uart_rb.c:445:6:RIT_IRQHandler	16	static
../example/src/uart_rb.c:510:5:main	24	static
