C:\Users\mad23\Documents\MCUXpressoIDE_25.6.136\workspace\lpc_chip_175x_6x\inc/core_cm3.h:1323:22:NVIC_EnableIRQ	16	static
C:\Users\mad23\Documents\MCUXpressoIDE_25.6.136\workspace\lpc_chip_175x_6x\inc/core_cm3.h:1375:22:NVIC_ClearPendingIRQ	16	static
C:\Users\mad23\Documents\MCUXpressoIDE_25.6.136\workspace\lpc_chip_175x_6x\inc/core_cm3.h:1405:22:NVIC_SetPriority	16	static
C:\Users\mad23\Documents\MCUXpressoIDE_25.6.136\workspace\lpc_chip_175x_6x\inc/iocon_17xx_40xx.h:151:20:Chip_IOCON_Init	16	static
C:\Users\mad23\Documents\MCUXpressoIDE_25.6.136\workspace\lpc_chip_175x_6x\inc/gpio_17xx_40xx.h:64:20:Chip_GPIO_Init	16	static
C:\Users\mad23\Documents\MCUXpressoIDE_25.6.136\workspace\lpc_chip_175x_6x\inc/gpio_17xx_40xx.h:144:20:Chip_GPIO_SetPinDIROutput	16	static
C:\Users\mad23\Documents\MCUXpressoIDE_25.6.136\workspace\lpc_chip_175x_6x\inc/gpio_17xx_40xx.h:156:20:Chip_GPIO_SetPinDIRInput	16	static
C:\Users\mad23\Documents\MCUXpressoIDE_25.6.136\workspace\lpc_chip_175x_6x\inc/gpioint_17xx_40xx.h:106:20:Chip_GPIOINT_SetIntFalling	24	static
C:\Users\mad23\Documents\MCUXpressoIDE_25.6.136\workspace\lpc_chip_175x_6x\inc/gpioint_17xx_40xx.h:168:24:Chip_GPIOINT_GetStatusFalling	16	static
C:\Users\mad23\Documents\MCUXpressoIDE_25.6.136\workspace\lpc_chip_175x_6x\inc/gpioint_17xx_40xx.h:183:24:Chip_GPIOINT_GetStatusRising	16	static
C:\Users\mad23\Documents\MCUXpressoIDE_25.6.136\workspace\lpc_chip_175x_6x\inc/gpioint_17xx_40xx.h:199:20:Chip_GPIOINT_ClearIntStatus	24	static
C:\Users\mad23\Documents\MCUXpressoIDE_25.6.136\workspace\lpc_chip_175x_6x\inc/ritimer_17xx_40xx.h:166:20:Chip_RIT_ClearInt	16	static
C:\Users\mad23\Documents\MCUXpressoIDE_25.6.136\workspace\lpc_chip_175x_6x\inc/uart_17xx_40xx.h:322:23:Chip_UART_ReadByte	16	static
C:\Users\mad23\Documents\MCUXpressoIDE_25.6.136\workspace\lpc_chip_175x_6x\inc/uart_17xx_40xx.h:337:20:Chip_UART_IntEnable	16	static
C:\Users\mad23\Documents\MCUXpressoIDE_25.6.136\workspace\lpc_chip_175x_6x\inc/uart_17xx_40xx.h:390:20:Chip_UART_SetupFIFOS	16	static
C:\Users\mad23\Documents\MCUXpressoIDE_25.6.136\workspace\lpc_chip_175x_6x\inc/uart_17xx_40xx.h:405:20:Chip_UART_ConfigData	16	static
C:\Users\mad23\Documents\MCUXpressoIDE_25.6.136\workspace\lpc_chip_175x_6x\inc/uart_17xx_40xx.h:492:24:Chip_UART_ReadLineStatus	16	static
../example/src/uart_rb.c:113:20:u1q_push_isr	24	static
../example/src/uart_rb.c:122:20:u1q_pop_main	16	static
../example/src/uart_rb.c:130:20:slave_enqueue_led_on	32	static
../example/src/uart_rb.c:135:20:slave_enqueue_led_off_broadcast	16	static
../example/src/uart_rb.c:140:20:slave_enqueue_poll	32	static
../example/src/uart_rb.c:174:16:build_status_frame	48	static
../example/src/uart_rb.c:207:20:send_status	16	static
../example/src/uart_rb.c:223:20:ws_clear	16	static
../example/src/uart_rb.c:226:20:ws_set_red	24	static
../example/src/uart_rb.c:231:20:ws_flush_if_dirty	8	static
../example/src/uart_rb.c:241:13:try_handle_ws_accessory	24	static
../example/src/uart_rb.c:254:13:handle_upload_map	24	static
../example/src/uart_rb.c:268:13:handle_led_ctrl	24	static
../example/src/uart_rb.c:302:13:handle_led_reset	24	static
../example/src/uart_rb.c:312:13:handle_relay_set	16	static
../example/src/uart_rb.c:317:13:handle_btnflag_reset	16	static
../example/src/uart_rb.c:331:13:dispatch_app_frame	32	static
../example/src/uart_rb.c:354:6:UART0_IRQHandler	16	static
../example/src/uart_rb.c:389:6:UART1_IRQHandler	16	static
../example/src/uart_rb.c:453:20:commit_and_clear_poll_round	4	static
../example/src/uart_rb.c:461:6:RIT_IRQHandler	16	static
../example/src/uart_rb.c:525:6:EINT3_IRQHandler	24	static
../example/src/uart_rb.c:540:5:main	24	static
