C:\Users\mad23\Documents\MCUXpressoIDE_25.6.136\workspace\lpc_chip_175x_6x\inc/core_cm3.h:1323:22:NVIC_EnableIRQ	16	static
C:\Users\mad23\Documents\MCUXpressoIDE_25.6.136\workspace\lpc_chip_175x_6x\inc/core_cm3.h:1405:22:NVIC_SetPriority	16	static
C:\Users\mad23\Documents\MCUXpressoIDE_25.6.136\workspace\lpc_chip_175x_6x\inc/uart_17xx_40xx.h:322:23:Chip_UART_ReadByte	16	static
C:\Users\mad23\Documents\MCUXpressoIDE_25.6.136\workspace\lpc_chip_175x_6x\inc/uart_17xx_40xx.h:337:20:Chip_UART_IntEnable	16	static
C:\Users\mad23\Documents\MCUXpressoIDE_25.6.136\workspace\lpc_chip_175x_6x\inc/uart_17xx_40xx.h:390:20:Chip_UART_SetupFIFOS	16	static
C:\Users\mad23\Documents\MCUXpressoIDE_25.6.136\workspace\lpc_chip_175x_6x\inc/uart_17xx_40xx.h:405:20:Chip_UART_ConfigData	16	static
C:\Users\mad23\Documents\MCUXpressoIDE_25.6.136\workspace\lpc_chip_175x_6x\inc/uart_17xx_40xx.h:492:24:Chip_UART_ReadLineStatus	16	static
../example/src/uart_rb.c:75:24:per_connector_period_ms	4	static
../example/src/uart_rb.c:78:13:recompute_alive_ttl_locked	16	static
../example/src/uart_rb.c:85:20:alive_mark_seen_locked	16	static
../example/src/uart_rb.c:88:20:is_alive_locked	24	static
../example/src/uart_rb.c:95:13:uart_send_blocking	24	static
../example/src/uart_rb.c:100:20:build_slave_ping_broadcast	32	static
../example/src/uart_rb.c:104:20:build_slave_ping_addr	32	static
../example/src/uart_rb.c:108:20:build_slave_led_on	32	static
../example/src/uart_rb.c:112:20:build_slave_led_off_all	24	static
../example/src/uart_rb.c:119:16:build_status_locked	40	static
../example/src/uart_rb.c:149:13:enqueue_status_frame	56	static
../example/src/uart_rb.c:158:13:enqueue_status_frame_urgent	56	static
../example/src/uart_rb.c:167:13:handle_upload_map	24	static
../example/src/uart_rb.c:190:13:handle_led_ctrl	56	static
../example/src/uart_rb.c:212:13:handle_led_reset	32	static
../example/src/uart_rb.c:220:13:handle_relay_set	24	static
../example/src/uart_rb.c:229:6:UART0_IRQHandler	16	static
../example/src/uart_rb.c:239:6:UART1_IRQHandler	16	static
../example/src/uart_rb.c:249:13:Task_AppParser	104	static
../example/src/uart_rb.c:294:13:Task_SlvRxParser	32	static
../example/src/uart_rb.c:332:13:Task_SlvPinger	80	static
../example/src/uart_rb.c:362:13:Task_SlvTx	40	static
../example/src/uart_rb.c:381:13:Task_AppTx	64	static
../example/src/uart_rb.c:391:13:init_uart_app	8	static
../example/src/uart_rb.c:402:13:init_uart_slave	8	static
../example/src/uart_rb.c:414:5:main	32	static
