C:\Users\mad23\Documents\MCUXpressoIDE_25.6.136\workspace\lpc_chip_175x_6x\inc/core_cm3.h:1323:22:NVIC_EnableIRQ	16	static
C:\Users\mad23\Documents\MCUXpressoIDE_25.6.136\workspace\lpc_chip_175x_6x\inc/core_cm3.h:1405:22:NVIC_SetPriority	16	static
C:\Users\mad23\Documents\MCUXpressoIDE_25.6.136\workspace\lpc_chip_175x_6x\inc/ritimer_17xx_40xx.h:166:20:Chip_RIT_ClearInt	16	static
C:\Users\mad23\Documents\MCUXpressoIDE_25.6.136\workspace\lpc_chip_175x_6x\inc/uart_17xx_40xx.h:322:23:Chip_UART_ReadByte	16	static
C:\Users\mad23\Documents\MCUXpressoIDE_25.6.136\workspace\lpc_chip_175x_6x\inc/uart_17xx_40xx.h:337:20:Chip_UART_IntEnable	16	static
C:\Users\mad23\Documents\MCUXpressoIDE_25.6.136\workspace\lpc_chip_175x_6x\inc/uart_17xx_40xx.h:390:20:Chip_UART_SetupFIFOS	16	static
C:\Users\mad23\Documents\MCUXpressoIDE_25.6.136\workspace\lpc_chip_175x_6x\inc/uart_17xx_40xx.h:405:20:Chip_UART_ConfigData	16	static
C:\Users\mad23\Documents\MCUXpressoIDE_25.6.136\workspace\lpc_chip_175x_6x\inc/uart_17xx_40xx.h:492:24:Chip_UART_ReadLineStatus	16	static
../example/src/uart_rb.c:89:24:per_connector_period_ms	4	static
../example/src/uart_rb.c:92:13:recompute_alive_ttl_locked	16	static
../example/src/uart_rb.c:99:20:alive_mark_seen_locked	16	static
../example/src/uart_rb.c:102:20:is_alive_locked	24	static
../example/src/uart_rb.c:109:13:uart_send_blocking	24	static
../example/src/uart_rb.c:114:20:build_slave_ping_broadcast	32	static
../example/src/uart_rb.c:118:20:build_slave_ping_addr	32	static
../example/src/uart_rb.c:122:20:build_slave_led_on	32	static
../example/src/uart_rb.c:126:20:build_slave_led_off_all	24	static
../example/src/uart_rb.c:133:16:build_status_locked	40	static
../example/src/uart_rb.c:163:13:enqueue_status_frame	56	static
../example/src/uart_rb.c:172:38:app_tx_has_pending	8	static
../example/src/uart_rb.c:177:13:enqueue_status_frame_urgent_replace	56	static
../example/src/uart_rb.c:192:13:enqueue_status_frame_coalesced	56	static
../example/src/uart_rb.c:203:13:slv_tx_wake	8	static
../example/src/uart_rb.c:210:13:handle_upload_map	24	static
../example/src/uart_rb.c:234:13:handle_led_ctrl	32	static
../example/src/uart_rb.c:255:13:handle_led_reset	16	static
../example/src/uart_rb.c:271:13:handle_relay_set	24	static
../example/src/uart_rb.c:282:6:RIT_IRQHandler	40	static
../example/src/uart_rb.c:311:13:init_rit	16	static
../example/src/uart_rb.c:321:6:UART0_IRQHandler	16	static
../example/src/uart_rb.c:331:6:UART1_IRQHandler	16	static
../example/src/uart_rb.c:341:13:Task_AppParser	104	static
../example/src/uart_rb.c:389:13:Task_SlvRxParser	32	static
../example/src/uart_rb.c:428:13:Task_SlvTx	40	static
../example/src/uart_rb.c:461:13:Task_AppTx	64	static
../example/src/uart_rb.c:471:13:init_uart_app	8	static
../example/src/uart_rb.c:482:13:init_uart_slave	8	static
../example/src/uart_rb.c:494:5:main	32	static
