C:\Users\mad23\Documents\MCUXpressoIDE_25.6.136\workspace\lpc_chip_175x_6x\inc/core_cm3.h:1323:22:NVIC_EnableIRQ	16	static
C:\Users\mad23\Documents\MCUXpressoIDE_25.6.136\workspace\lpc_chip_175x_6x\inc/core_cm3.h:1335:22:NVIC_DisableIRQ	16	static
C:\Users\mad23\Documents\MCUXpressoIDE_25.6.136\workspace\lpc_chip_175x_6x\inc/core_cm3.h:1375:22:NVIC_ClearPendingIRQ	16	static
C:\Users\mad23\Documents\MCUXpressoIDE_25.6.136\workspace\lpc_chip_175x_6x\inc/core_cm3.h:1405:22:NVIC_SetPriority	16	static
C:\Users\mad23\Documents\MCUXpressoIDE_25.6.136\workspace\lpc_chip_175x_6x\inc/iocon_17xx_40xx.h:151:20:Chip_IOCON_Init	16	static
C:\Users\mad23\Documents\MCUXpressoIDE_25.6.136\workspace\lpc_chip_175x_6x\inc/gpio_17xx_40xx.h:64:20:Chip_GPIO_Init	16	static
C:\Users\mad23\Documents\MCUXpressoIDE_25.6.136\workspace\lpc_chip_175x_6x\inc/gpio_17xx_40xx.h:119:20:Chip_GPIO_GetPinState	16	static
C:\Users\mad23\Documents\MCUXpressoIDE_25.6.136\workspace\lpc_chip_175x_6x\inc/gpio_17xx_40xx.h:144:20:Chip_GPIO_SetPinDIROutput	16	static
C:\Users\mad23\Documents\MCUXpressoIDE_25.6.136\workspace\lpc_chip_175x_6x\inc/gpio_17xx_40xx.h:156:20:Chip_GPIO_SetPinDIRInput	16	static
C:\Users\mad23\Documents\MCUXpressoIDE_25.6.136\workspace\lpc_chip_175x_6x\inc/gpioint_17xx_40xx.h:106:20:Chip_GPIOINT_SetIntFalling	24	static
C:\Users\mad23\Documents\MCUXpressoIDE_25.6.136\workspace\lpc_chip_175x_6x\inc/gpioint_17xx_40xx.h:123:20:Chip_GPIOINT_SetIntRising	24	static
C:\Users\mad23\Documents\MCUXpressoIDE_25.6.136\workspace\lpc_chip_175x_6x\inc/gpioint_17xx_40xx.h:168:24:Chip_GPIOINT_GetStatusFalling	16	static
C:\Users\mad23\Documents\MCUXpressoIDE_25.6.136\workspace\lpc_chip_175x_6x\inc/gpioint_17xx_40xx.h:183:24:Chip_GPIOINT_GetStatusRising	16	static
C:\Users\mad23\Documents\MCUXpressoIDE_25.6.136\workspace\lpc_chip_175x_6x\inc/gpioint_17xx_40xx.h:199:20:Chip_GPIOINT_ClearIntStatus	24	static
C:\Users\mad23\Documents\MCUXpressoIDE_25.6.136\workspace\lpc_chip_175x_6x\inc/ritimer_17xx_40xx.h:166:20:Chip_RIT_ClearInt	16	static
C:\Users\mad23\Documents\MCUXpressoIDE_25.6.136\workspace\lpc_chip_175x_6x\inc/uart_17xx_40xx.h:322:23:Chip_UART_ReadByte	16	static
C:\Users\mad23\Documents\MCUXpressoIDE_25.6.136\workspace\lpc_chip_175x_6x\inc/uart_17xx_40xx.h:337:20:Chip_UART_IntEnable	16	static
C:\Users\mad23\Documents\MCUXpressoIDE_25.6.136\workspace\lpc_chip_175x_6x\inc/uart_17xx_40xx.h:390:20:Chip_UART_SetupFIFOS	16	static
C:\Users\mad23\Documents\MCUXpressoIDE_25.6.136\workspace\lpc_chip_175x_6x\inc/uart_17xx_40xx.h:405:20:Chip_UART_ConfigData	16	static
C:\Users\mad23\Documents\MCUXpressoIDE_25.6.136\workspace\lpc_chip_175x_6x\inc/uart_17xx_40xx.h:492:24:Chip_UART_ReadLineStatus	16	static
../example/src/uart_rb.c:77:19:pin_is_low	16	static
../example/src/uart_rb.c:80:19:pin_is_high	16	static
../example/src/uart_rb.c:96:20:u1q_push_isr	24	static
../example/src/uart_rb.c:105:20:u1q_pop_main	16	static
../example/src/uart_rb.c:118:20:u2q_push_isr	24	static
../example/src/uart_rb.c:128:20:u2q_pop_main	16	static
../example/src/uart_rb.c:136:20:slave_enqueue_led_on	32	static
../example/src/uart_rb.c:140:20:slave_enqueue_led_off_broadcast	16	static
../example/src/uart_rb.c:144:20:slave_enqueue_poll	32	static
../example/src/uart_rb.c:150:20:bin_enqueue_led_on_uart2	32	static
../example/src/uart_rb.c:154:20:bin_enqueue_led_off_broadcast_uart2	16	static
../example/src/uart_rb.c:195:20:ws_clear_all	8	static
../example/src/uart_rb.c:196:20:ws_set_red_1indexed	24	static
../example/src/uart_rb.c:201:20:ws_flush_if_dirty	8	static
../example/src/uart_rb.c:216:20:u2_job_start	24	static
../example/src/uart_rb.c:232:20:u2_jobs_stop_all	16	static
../example/src/uart_rb.c:237:20:u2_jobs_remove_by_bin_except	24	static
../example/src/uart_rb.c:242:23:u2_job_find	24	static
../example/src/uart_rb.c:248:20:ws_set_only_bin1	24	static
../example/src/uart_rb.c:258:20:jobs_remove_by_con_except	24	static
../example/src/uart_rb.c:263:23:job_find	24	static
../example/src/uart_rb.c:268:23:job_alloc	32	static
../example/src/uart_rb.c:274:20:is_conn_configured	24	static
../example/src/uart_rb.c:279:20:bin_enqueue_multi_mask_uart2	216	static
../example/src/uart_rb.c:302:20:ws_set_mask_bin1_and_clear_others	24	static
../example/src/uart_rb.c:317:16:build_status_frame	48	static
../example/src/uart_rb.c:363:20:send_status	16	static
../example/src/uart_rb.c:372:13:handle_upload_map	24	static
../example/src/uart_rb.c:385:20:clear_btn_p23_only	4	static
../example/src/uart_rb.c:394:13:handle_led_ctrl	32	static
../example/src/uart_rb.c:469:13:handle_led_reset	24	static
../example/src/uart_rb.c:479:13:handle_relay_set	16	static
../example/src/uart_rb.c:485:13:handle_status01_once	24	static
../example/src/uart_rb.c:499:13:handle_btnflag_reset	32	static
../example/src/uart_rb.c:520:13:handle_led1_multi_con	24	static
../example/src/uart_rb.c:544:13:handle_bin_led_mask	24	static
../example/src/uart_rb.c:567:13:dispatch_app_frame	32	static
../example/src/uart_rb.c:587:6:UART0_IRQHandler	16	static
../example/src/uart_rb.c:617:6:UART1_IRQHandler	16	static
../example/src/uart_rb.c:663:20:commit_and_clear_poll_round	4	static
../example/src/uart_rb.c:670:6:RIT_IRQHandler	24	static
../example/src/uart_rb.c:731:6:EINT3_IRQHandler	24	static
../example/src/uart_rb.c:792:5:main	216	static
