C:\Users\mad23\Documents\MCUXpressoIDE_25.6.136\workspace\lpc_chip_175x_6x\inc/core_cm3.h:1323:22:NVIC_EnableIRQ	16	static
C:\Users\mad23\Documents\MCUXpressoIDE_25.6.136\workspace\lpc_chip_175x_6x\inc/core_cm3.h:1335:22:NVIC_DisableIRQ	16	static
C:\Users\mad23\Documents\MCUXpressoIDE_25.6.136\workspace\lpc_chip_175x_6x\inc/core_cm3.h:1375:22:NVIC_ClearPendingIRQ	16	static
C:\Users\mad23\Documents\MCUXpressoIDE_25.6.136\workspace\lpc_chip_175x_6x\inc/core_cm3.h:1405:22:NVIC_SetPriority	16	static
C:\Users\mad23\Documents\MCUXpressoIDE_25.6.136\workspace\lpc_chip_175x_6x\inc/iocon_17xx_40xx.h:151:20:Chip_IOCON_Init	16	static
C:\Users\mad23\Documents\MCUXpressoIDE_25.6.136\workspace\lpc_chip_175x_6x\inc/gpio_17xx_40xx.h:64:20:Chip_GPIO_Init	16	static
C:\Users\mad23\Documents\MCUXpressoIDE_25.6.136\workspace\lpc_chip_175x_6x\inc/gpio_17xx_40xx.h:144:20:Chip_GPIO_SetPinDIROutput	16	static
C:\Users\mad23\Documents\MCUXpressoIDE_25.6.136\workspace\lpc_chip_175x_6x\inc/gpio_17xx_40xx.h:156:20:Chip_GPIO_SetPinDIRInput	16	static
C:\Users\mad23\Documents\MCUXpressoIDE_25.6.136\workspace\lpc_chip_175x_6x\inc/gpioint_17xx_40xx.h:106:20:Chip_GPIOINT_SetIntFalling	24	static
C:\Users\mad23\Documents\MCUXpressoIDE_25.6.136\workspace\lpc_chip_175x_6x\inc/gpioint_17xx_40xx.h:123:20:Chip_GPIOINT_SetIntRising	24	static
C:\Users\mad23\Documents\MCUXpressoIDE_25.6.136\workspace\lpc_chip_175x_6x\inc/gpioint_17xx_40xx.h:168:24:Chip_GPIOINT_GetStatusFalling	16	static
C:\Users\mad23\Documents\MCUXpressoIDE_25.6.136\workspace\lpc_chip_175x_6x\inc/gpioint_17xx_40xx.h:183:24:Chip_GPIOINT_GetStatusRising	16	static
C:\Users\mad23\Documents\MCUXpressoIDE_25.6.136\workspace\lpc_chip_175x_6x\inc/gpioint_17xx_40xx.h:199:20:Chip_GPIOINT_ClearIntStatus	24	static
C:\Users\mad23\Documents\MCUXpressoIDE_25.6.136\workspace\lpc_chip_175x_6x\inc/ritimer_17xx_40xx.h:166:20:Chip_RIT_ClearInt	16	static
C:\Users\mad23\Documents\MCUXpressoIDE_25.6.136\workspace\lpc_chip_175x_6x\inc/uart_17xx_40xx.h:322:23:Chip_UART_ReadByte	16	static
C:\Users\mad23\Documents\MCUXpressoIDE_25.6.136\workspace\lpc_chip_175x_6x\inc/uart_17xx_40xx.h:337:20:Chip_UART_IntEnable	16	static
C:\Users\mad23\Documents\MCUXpressoIDE_25.6.136\workspace\lpc_chip_175x_6x\inc/uart_17xx_40xx.h:390:20:Chip_UART_SetupFIFOS	16	static
C:\Users\mad23\Documents\MCUXpressoIDE_25.6.136\workspace\lpc_chip_175x_6x\inc/uart_17xx_40xx.h:405:20:Chip_UART_ConfigData	16	static
C:\Users\mad23\Documents\MCUXpressoIDE_25.6.136\workspace\lpc_chip_175x_6x\inc/uart_17xx_40xx.h:492:24:Chip_UART_ReadLineStatus	16	static
../example/src/uart_rb.c:83:20:u1q_push_isr	24	static
../example/src/uart_rb.c:92:20:u1q_pop_main	16	static
../example/src/uart_rb.c:105:20:u2q_push_isr	24	static
../example/src/uart_rb.c:114:20:u2q_pop_main	16	static
../example/src/uart_rb.c:122:20:slave_enqueue_led_on	32	static
../example/src/uart_rb.c:126:20:slave_enqueue_led_off_broadcast	16	static
../example/src/uart_rb.c:130:20:slave_enqueue_poll	32	static
../example/src/uart_rb.c:136:20:bin_enqueue_led_on_uart2	32	static
../example/src/uart_rb.c:140:20:bin_enqueue_led_off_broadcast_uart2	16	static
../example/src/uart_rb.c:181:20:ws_clear_all	8	static
../example/src/uart_rb.c:182:20:ws_set_red_1indexed	24	static
../example/src/uart_rb.c:187:20:ws_flush_if_dirty	8	static
../example/src/uart_rb.c:202:20:u2_job_start	24	static
../example/src/uart_rb.c:218:20:u2_jobs_stop_all	16	static
../example/src/uart_rb.c:223:20:u2_jobs_remove_by_bin_except	24	static
../example/src/uart_rb.c:228:23:u2_job_find	24	static
../example/src/uart_rb.c:234:20:ws_set_only_bin1	24	static
../example/src/uart_rb.c:244:20:jobs_remove_by_con_except	24	static
../example/src/uart_rb.c:249:23:job_find	24	static
../example/src/uart_rb.c:254:23:job_alloc	32	static
../example/src/uart_rb.c:261:16:build_status_frame	48	static
../example/src/uart_rb.c:307:20:send_status	16	static
../example/src/uart_rb.c:316:13:handle_upload_map	24	static
../example/src/uart_rb.c:329:20:clear_btn_p23_only	4	static
../example/src/uart_rb.c:338:13:handle_led_ctrl	32	static
../example/src/uart_rb.c:413:13:handle_led_reset	24	static
../example/src/uart_rb.c:423:13:handle_relay_set	16	static
../example/src/uart_rb.c:429:13:handle_status01_once	24	static
../example/src/uart_rb.c:443:13:handle_btnflag_reset	32	static
../example/src/uart_rb.c:470:13:dispatch_app_frame	32	static
../example/src/uart_rb.c:488:6:UART0_IRQHandler	16	static
../example/src/uart_rb.c:518:6:UART1_IRQHandler	16	static
../example/src/uart_rb.c:564:20:commit_and_clear_poll_round	4	static
../example/src/uart_rb.c:571:6:RIT_IRQHandler	24	static
../example/src/uart_rb.c:632:6:EINT3_IRQHandler	24	static
../example/src/uart_rb.c:675:5:main	32	static
