C:\Users\mad23\Documents\MCUXpressoIDE_25.6.136\workspace\lpc_chip_175x_6x\inc/core_cm3.h:1323:22:NVIC_EnableIRQ	16	static
C:\Users\mad23\Documents\MCUXpressoIDE_25.6.136\workspace\lpc_chip_175x_6x\inc/core_cm3.h:1375:22:NVIC_ClearPendingIRQ	16	static
C:\Users\mad23\Documents\MCUXpressoIDE_25.6.136\workspace\lpc_chip_175x_6x\inc/core_cm3.h:1405:22:NVIC_SetPriority	16	static
C:\Users\mad23\Documents\MCUXpressoIDE_25.6.136\workspace\lpc_chip_175x_6x\inc/ritimer_17xx_40xx.h:166:20:Chip_RIT_ClearInt	16	static
C:\Users\mad23\Documents\MCUXpressoIDE_25.6.136\workspace\lpc_chip_175x_6x\inc/uart_17xx_40xx.h:322:23:Chip_UART_ReadByte	16	static
C:\Users\mad23\Documents\MCUXpressoIDE_25.6.136\workspace\lpc_chip_175x_6x\inc/uart_17xx_40xx.h:337:20:Chip_UART_IntEnable	16	static
C:\Users\mad23\Documents\MCUXpressoIDE_25.6.136\workspace\lpc_chip_175x_6x\inc/uart_17xx_40xx.h:390:20:Chip_UART_SetupFIFOS	16	static
C:\Users\mad23\Documents\MCUXpressoIDE_25.6.136\workspace\lpc_chip_175x_6x\inc/uart_17xx_40xx.h:405:20:Chip_UART_ConfigData	16	static
C:\Users\mad23\Documents\MCUXpressoIDE_25.6.136\workspace\lpc_chip_175x_6x\inc/uart_17xx_40xx.h:492:24:Chip_UART_ReadLineStatus	16	static
../example/src/uart_rb.c:61:20:is_alive	16	static
../example/src/uart_rb.c:64:20:is_triggered	16	static
../example/src/uart_rb.c:75:20:u1q_push_isr	24	static
../example/src/uart_rb.c:84:20:u1q_pop_main	16	static
../example/src/uart_rb.c:92:20:slave_enqueue_led_on	32	static
../example/src/uart_rb.c:97:20:slave_enqueue_led_off_broadcast	16	static
../example/src/uart_rb.c:102:20:slave_enqueue_poll	32	static
../example/src/uart_rb.c:135:16:build_status_frame	32	static
../example/src/uart_rb.c:153:20:send_status	16	static
../example/src/uart_rb.c:159:13:handle_upload_map	24	static
../example/src/uart_rb.c:172:13:handle_led_ctrl	24	static
../example/src/uart_rb.c:198:13:handle_led_reset	24	static
../example/src/uart_rb.c:203:13:handle_relay_set	16	static
../example/src/uart_rb.c:215:13:dispatch_body	32	static
../example/src/uart_rb.c:235:6:UART0_IRQHandler	16	static
../example/src/uart_rb.c:266:6:UART1_IRQHandler	16	static
../example/src/uart_rb.c:306:20:commit_and_clear_poll_round	4	static
../example/src/uart_rb.c:314:6:RIT_IRQHandler	16	static
../example/src/uart_rb.c:373:5:main	24	static
