C:\Users\mad23\Documents\MCUXpressoIDE_25.6.136\workspace\lpc_chip_175x_6x\inc/core_cm3.h:1323:22:NVIC_EnableIRQ	16	static
C:\Users\mad23\Documents\MCUXpressoIDE_25.6.136\workspace\lpc_chip_175x_6x\inc/core_cm3.h:1405:22:NVIC_SetPriority	16	static
C:\Users\mad23\Documents\MCUXpressoIDE_25.6.136\workspace\lpc_chip_175x_6x\inc/uart_17xx_40xx.h:322:23:Chip_UART_ReadByte	16	static
C:\Users\mad23\Documents\MCUXpressoIDE_25.6.136\workspace\lpc_chip_175x_6x\inc/uart_17xx_40xx.h:337:20:Chip_UART_IntEnable	16	static
C:\Users\mad23\Documents\MCUXpressoIDE_25.6.136\workspace\lpc_chip_175x_6x\inc/uart_17xx_40xx.h:390:20:Chip_UART_SetupFIFOS	16	static
C:\Users\mad23\Documents\MCUXpressoIDE_25.6.136\workspace\lpc_chip_175x_6x\inc/uart_17xx_40xx.h:405:20:Chip_UART_ConfigData	16	static
C:\Users\mad23\Documents\MCUXpressoIDE_25.6.136\workspace\lpc_chip_175x_6x\inc/uart_17xx_40xx.h:492:24:Chip_UART_ReadLineStatus	16	static
../example/src/uart_rb.c:49:20:is_alive	24	static
../example/src/uart_rb.c:55:20:led_on	16	static
../example/src/uart_rb.c:56:20:led_off	16	static
../example/src/uart_rb.c:72:16:build_status_frame	32	static
../example/src/uart_rb.c:100:20:send_status	16	static
../example/src/uart_rb.c:107:13:handle_upload_map	24	static
../example/src/uart_rb.c:122:13:handle_led_ctrl	24	static
../example/src/uart_rb.c:130:13:handle_led_reset	16	static
../example/src/uart_rb.c:135:13:handle_relay_set	24	static
../example/src/uart_rb.c:157:13:dispatch_body	32	static
../example/src/uart_rb.c:191:20:rx_ingest	16	static
../example/src/uart_rb.c:225:6:UART0_IRQHandler	8	static
../example/src/uart_rb.c:233:5:main	16	static
