16:06:00 **** Incremental Build of configuration Debug for project periph_uart_rb ****
make -r -j16 all 
Building file: ../example/src/uart_rb.c
Invoking: MCU C Compiler
arm-none-eabi-gcc -D__REDLIB__ -DDEBUG -D__CODE_RED -D__USE_LPCOPEN -DCORE_M3 -I"C:\Users\mad23\Documents\MCUXpressoIDE_25.6.136\workspace\lpc_chip_175x_6x\inc" -I"C:\Users\mad23\Documents\MCUXpressoIDE_25.6.136\workspace\lpc_board_nxp_lpcxpresso_1769\inc" -O0 -g3 -gdwarf-4 -Wall -c -fmessage-length=0 -fno-builtin -ffunction-sections -fdata-sections -fmerge-constants -fmacro-prefix-map="../example/src/"= -mcpu=cortex-m3 -mthumb -fstack-usage -specs=redlib.specs -MMD -MP -MF"example/src/uart_rb.d" -MT"example/src/uart_rb.o" -MT"example/src/uart_rb.d" -o "example/src/uart_rb.o" "../example/src/uart_rb.c"
Finished building: ../example/src/uart_rb.c
 
Building target: periph_uart_rb.axf
Invoking: MCU Linker
arm-none-eabi-gcc -nostdlib -L"C:\Users\mad23\Documents\MCUXpressoIDE_25.6.136\workspace\lpc_chip_175x_6x\Debug" -L"C:\Users\mad23\Documents\MCUXpressoIDE_25.6.136\workspace\lpc_board_nxp_lpcxpresso_1769\Debug" -Xlinker -Map="periph_uart_rb.map" -Xlinker --gc-sections -mcpu=cortex-m3 -mthumb -T periph_uart_rb_Debug.ld -o "periph_uart_rb.axf" ./example/src/cr_startup_lpc175x_6x.o ./example/src/sysinit.o ./example/src/uart_rb.o ./example/src/ws2812b.o    -llpc_board_nxp_lpcxpresso_1769 -llpc_chip_175x_6x
Finished building target: periph_uart_rb.axf
 
Performing post-build steps
arm-none-eabi-size "periph_uart_rb.axf" && ^ ; arm-none-eabi-objcopy -v -O binary "periph_uart_rb.axf" "periph_uart_rb.bin" && ^ ; arm-none-eabi-objcopy -v -O ihex   "periph_uart_rb.axf" "periph_uart_rb.hex" && ^ ; checksum -p LPC1769 -d "periph_uart_rb.bin"
   text	   data	    bss	    dec	    hex	filename
  15048	     16	  27288	  42352	   a570	periph_uart_rb.axf
c:/nxp/mcuxpressoide_25.6.136/ide/plugins/com.nxp.mcuxpresso.tools.win32_25.6.0.202501151204/buildtools/bin/sh: ^: not found
copy from `periph_uart_rb.axf' [elf32-littlearm] to `periph_uart_rb.bin' [binary]
c:/nxp/mcuxpressoide_25.6.136/ide/plugins/com.nxp.mcuxpresso.tools.win32_25.6.0.202501151204/buildtools/bin/sh: ^: not found
copy from `periph_uart_rb.axf' [elf32-littlearm] to `periph_uart_rb.hex' [ihex]
c:/nxp/mcuxpressoide_25.6.136/ide/plugins/com.nxp.mcuxpresso.tools.win32_25.6.0.202501151204/buildtools/bin/sh: ^: not found
Written checksum 0xefff749e at offset 0x1c in file periph_uart_rb.bin
Previous value 0x00000000 at offset 0x1c in file periph_uart_rb.bin
 

16:06:01 Build Finished. 0 errors, 0 warnings. (took 869ms)

